******************************************************************************
            TI ARM Clang Linker PC v3.2.2                      
******************************************************************************
>> Linked Sat Jun 22 00:10:06 2024

OUTPUT FILE NAME:   <gpiointerrupt_CC3220S_LAUNCHXL_nortos_ticlang.out>
ENTRY POINT SYMBOL: "resetISR"  address: 20011541


MEMORY CONFIGURATION

         name            origin    length      used     unused   attr    fill
----------------------  --------  ---------  --------  --------  ----  --------
  SRAM2                 20000000   00004000  0000130c  00002cf4  RW X
  SRAM                  20004000   0003c000  0000f3e6  0002cc1a  RW X
  LOG_DATA              90000000   00040000  00000000  00040000  R   
  LOG_PTR               94000008   00040000  00000000  00040000  R   


SEGMENT ALLOCATION MAP

run origin  load origin   length   init length attrs members
----------  ----------- ---------- ----------- ----- -------
20003000    20003000    00001000   00000000    rw-
  20003000    20003000    00001000   00000000    rw- .stack
20004000    20004000    00000040   00000040    r--
  20004000    20004000    00000040   00000040    r-- .resetVecs
20004040    20004040    00008000   00000000    rw-
  20004040    20004040    00008000   00000000    rw- .sysmem
2000c040    2000c040    00005d34   00005d34    r-x
  2000c040    2000c040    00005c20   00005c20    r-x .text
  20011c60    20011c60    00000114   00000114    r-- .cinit
20012000    20012000    000010b5   00000000    rw-
  20012000    20012000    000009f0   00000000    rw- .bss
  200129f0    200129f0    000006c5   00000000    rw- .data
200130c0    200130c0    000005bd   000005bd    r--
  200130c0    200130c0    000005bd   000005bd    r-- .rodata


SECTION ALLOCATION MAP

 output                                  attributes/
section   page    origin      length       input sections
--------  ----  ----------  ----------   ----------------
.text      0    2000c040    00005c20     
                  2000c040    0000086c     libc.a : _printfi.c.obj (.text:__TI_printfi_nofloat)
                  2000c8ac    000004b8     driverlib.a : prcm.obj (.text.PRCMCC3200MCUInit)
                  2000cd64    000003e4     drivers_cc32xx.a : PowerCC32XX.c.obj (.text.Power_sleep)
                  2000d148    00000222                      : UART2CC32XX.c.obj (.text.UART2CC32XX_hwiIntFxn)
                  2000d36a    00000002     ti_drivers_config.o (.text.Board_initHook)
                  2000d36c    000001cc     drivers_cc32xx.a : UART2CC32XX.c.obj (.text.UART2_open)
                  2000d538    000001b6     libclang_rt.builtins.a : adddf3.S.obj (.text.adddf3_subdf3)
                  2000d6ee    00000174     drivers_cc32xx.a : UART2.c.obj (.text.UART2_writeTimeoutBlocking)
                  2000d862    00000002                      : I2C.c.obj (.text.I2C_init)
                  2000d864    00000150     nortos_cc32xx.a : PowerCC32XX_nortos.c.obj (.text.PowerCC32XX_sleepPolicy)
                  2000d9b4    00000148     drivers_cc32xx.a : TimerCC32XX.c.obj (.text.Timer_open)
                  2000dafc    00000140                      : GPIOCC32XX.c.obj (.text.GPIO_setConfig)
                  2000dc3c    00000138                      : I2CCC32XX.c.obj (.text.I2CCC32XX_hwiFxn)
                  2000dd74    00000126                      : I2C.c.obj (.text.I2C_transferTimeout)
                  2000de9a    00000002     nortos_cc32xx.a : PowerCC32XX_nortos.c.obj (.text.PowerCC32XX_initPolicy)
                  2000de9c    00000120     libc.a : memory.c.obj (.text.aligned_alloc)
                  2000dfbc    0000011a     drivers_cc32xx.a : UART2.c.obj (.text.UART2_writeTimeoutNonblocking)
                  2000e0d6    00000112     driverlib.a : udma.obj (.text.uDMAChannelTransferSet)
                  2000e1e8    000000fc     libclang_rt.builtins.a : muldf3.S.obj (.text.__muldf3)
                  2000e2e4    000000f0     libc.a : memory.c.obj (.text.free)
                  2000e3d4    000000e8     drivers_cc32xx.a : I2CCC32XX.c.obj (.text.I2C_open)
                  2000e4bc    000000e8                      : UART2CC32XX.c.obj (.text.UART2_close)
                  2000e5a4    000000cc                      : UART2CC32XX.c.obj (.text.UART2Support_dmaStartRx)
                  2000e670    000000c8     driverlib.a : interrupt.obj (.text.IntDisable)
                  2000e738    000000c8                 : interrupt.obj (.text.IntEnable)
                  2000e800    000000c4     drivers_cc32xx.a : UART2CC32XX.c.obj (.text.UART2CC32XX_initHw)
                  2000e8c4    000000b8                      : UART2CC32XX.c.obj (.text.UART2Support_dmaStartTx)
                  2000e97c    000000b0     libclang_rt.builtins.a : udivmoddi4.S.obj (.text)
                  2000ea2c    000000ac     driverlib.a : gpio.obj (.text.GPIOIntTypeSet)
                  2000ead8    000000a4                 : interrupt.obj (.text.IntPendSet)
                  2000eb7c    000000a2                 : pin.obj (.text.PinConfigSet)
                  2000ec1e    0000009c     drivers_cc32xx.a : I2CCC32XX.c.obj (.text.I2CCC32XX_completeTransfer)
                  2000ecba    00000098     driverlib.a : i2c.obj (.text.I2CMasterInitExpClk)
                  2000ed52    00000002     nortos_cc32xx.a : SemaphoreP_nortos.c.obj (.text.SemaphoreP_destruct)
                  2000ed54    00000098                     : SemaphoreP_nortos.c.obj (.text.SemaphoreP_pend)
                  2000edec    00000098     gpiointerrupt.o (.text.mainThread)
                  2000ee84    0000000c     driverlib.a : cpu.obj (.text.CPUwfi)
                  2000ee90    00000096     drivers_cc32xx.a : PowerCC32XX_ticlang.asm.obj (.text)
                  2000ef26    00000092     driverlib.a : udma.obj (.text.uDMAChannelAttributeDisable)
                  2000efb8    00000090     drivers_cc32xx.a : GPIOCC32XX.c.obj (.text.GPIO_init)
                  2000f048    0000008e     driverlib.a : prcm.obj (.text.PRCMSysResetCauseGet)
                  2000f0d6    00000002     drivers_cc32xx.a : Timer.c.obj (.text.Timer_init)
                  2000f0d8    00000088                      : PowerCC32XX.c.obj (.text.PowerCC32XX_configureWakeup)
                  2000f160    00000080     gpiointerrupt.o (.text.readTemp)
                  2000f1e0    0000007a     drivers_cc32xx.a : I2CCC32XX.c.obj (.text.I2CCC32XX_primeReadBurst)
                  2000f25a    00000002                      : UART2CC32XX.c.obj (.text.UART2CC32XX_eventCallback)
                  2000f25c    00000078                      : PowerCC32XX.c.obj (.text.Power_init)
                  2000f2d4    00000074     nortos_cc32xx.a : HwiPCC32XX_nortos.c.obj (.text.HwiP_construct)
                  2000f348    00000074     driverlib.a : prcm.obj (.text.PRCMHibernateWakeUpGPIOSelect)
                  2000f3bc    00000074                 : uart.obj (.text.UARTConfigSetExpClk)
                  2000f430    00000070     gpiointerrupt.o (.text.initI2C)
                  2000f4a0    00000070     libc.a : copy_decompress_lzss.c.obj (.text:decompress:lzss)
                  2000f510    0000006e     libclang_rt.builtins.a : truncdfsf2.S.obj (.text.__truncdfsf2)
                  2000f57e    0000006c     driverlib.a : pin.obj (.text.PinLockLevelSet)
                  2000f5ea    00000002     libclang_rt.builtins.a : aeabi_div0.c.obj (.text.__aeabi_ldiv0)
                  2000f5ec    0000006c     drivers_cc32xx.a : PowerCC32XX.c.obj (.text.Power_setDependency)
                  2000f658    0000006c                      : UDMACC32XX.c.obj (.text.UDMACC32XX_open)
                  2000f6c4    0000006c                      : GPIOCC32XX.c.obj (.text.powerNotifyFxn)
                  2000f730    0000006c     libc.a : memory.c.obj (.text.split)
                  2000f79c    0000006a     driverlib.a : prcm.obj (.text.PRCMPeripheralReset)
                  2000f806    00000002     libc.a : _lock.c.obj (.text._nop)
                  2000f808    00000068     drivers_cc32xx.a : I2CCC32XX.c.obj (.text.I2CCC32XX_initHw)
                  2000f870    00000068     driverlib.a : interrupt.obj (.text.IntPendClear)
                  2000f8d8    00000066     drivers_cc32xx.a : I2CCC32XX.c.obj (.text.I2CCC32XX_primeWriteBurst)
                  2000f93e    00000002     nortos_cc32xx.a : startup_cc32xx_ticlang.c.obj (.text.busFaultHandler)
                  2000f940    00000060     drivers_cc32xx.a : GPIOCC32XX.c.obj (.text.GPIO_write)
                  2000f9a0    00000060                      : UART2CC32XX.c.obj (.text.UART2Support_dmaStopTx)
                  2000fa00    0000005c     driverlib.a : flash.obj (.text.FlashDisable)
                  2000fa5c    0000005c     drivers_cc32xx.a : I2CCC32XX.c.obj (.text.I2CSupport_primeTransfer)
                  2000fab8    0000005c     driverlib.a : prcm.obj (.text.PRCMHibernateWakeupSourceDisable)
                  2000fb14    0000005c     drivers_cc32xx.a : TimerCC32XX.c.obj (.text.TimerCC32XX_allocateTimerResource)
                  2000fb70    0000005a     driverlib.a : prcm.obj (.text.PRCMPeripheralClkEnable)
                  2000fbca    00000002     nortos_cc32xx.a : SemaphoreP_nortos.c.obj (.text.clkFxn)
                  2000fbcc    00000058                     : ClockPSysTick_nortos.c.obj (.text.ClockP_startup)
                  2000fc24    00000058     driverlib.a : interrupt.obj (.text.IntPrioritySet)
                  2000fc7c    00000056                 : prcm.obj (.text.PRCMLPDSEnter)
                  2000fcd2    00000002     nortos_cc32xx.a : startup_cc32xx_ticlang.c.obj (.text.defaultHandler)
                  2000fcd4    00000054     drivers_cc32xx.a : PowerCC32XX.c.obj (.text.PowerCC32XX_setParkState)
                  2000fd28    00000054                      : PowerCC32XX.c.obj (.text.Power_releaseDependency)
                  2000fd7c    00000050                      : GPIOCC32XX.c.obj (.text.GPIO_hwiIntFxn)
                  2000fdcc    00000050     driverlib.a : prcm.obj (.text.PRCMHibernateWakeupSourceEnable)
                  2000fe1c    00000050     nortos_cc32xx.a : SemaphoreP_nortos.c.obj (.text.SemaphoreP_construct)
                  2000fe6c    0000004e     driverlib.a : udma.obj (.text.uDMAChannelAssign)
                  2000feba    00000002     nortos_cc32xx.a : startup_cc32xx_ticlang.c.obj (.text.faultISR)
                  2000febc    0000004c     drivers_cc32xx.a : GPIOCC32XX.c.obj (.text.GPIO_setInterruptConfig)
                  2000ff08    0000004c     driverlib.a : prcm.obj (.text.PRCMLPDSRestoreInfoSet)
                  2000ff54    0000004c     drivers_cc32xx.a : TimerCC32XX.c.obj (.text.initHw)
                  2000ffa0    0000004a                      : UART2CC32XX.c.obj (.text.UART2Support_dmaStopRx)
                  2000ffea    0000004a                      : TimerCC32XX.c.obj (.text.getPrescaler)
                  20010034    0000004a     driverlib.a : udma.obj (.text.uDMAChannelSizeGet)
                  2001007e    00000002     nortos_cc32xx.a : startup_cc32xx_ticlang.c.obj (.text.nmiISR)
                  20010080    00000048                     : ClockPSysTick_nortos.c.obj (.text.ClockP_sysTickHandler)
                  200100c8    00000048     driverlib.a : prcm.obj (.text.PRCMIntEnable)
                  20010110    00000048                 : prcm.obj (.text.PRCMPeripheralStatusGet)
                  20010158    00000048                 : pin.obj (.text.PinConfigGet)
                  200101a0    00000048     libclang_rt.builtins.a : fixdfsi.S.obj (.text.__fixdfsi)
                  200101e8    00000046     drivers_cc32xx.a : I2CCC32XX.c.obj (.text.I2CCC32XX_fillTransmitFifo)
                  2001022e    00000046     driverlib.a : prcm.obj (.text.PRCMLPDSEnterKeepDebugIf)
                  20010274    00000046     drivers_cc32xx.a : RingBuf.c.obj (.text.RingBuf_put)
                  200102ba    00000044     driverlib.a : gpio.obj (.text.GPIODirModeSet)
                  200102fe    00000002     --HOLE-- [fill = 0]
                  20010300    00000044     drivers_cc32xx.a : GPIOCC32XX.c.obj (.text.GPIO_disableInt)
                  20010344    00000044                      : GPIOCC32XX.c.obj (.text.GPIO_enableInt)
                  20010388    00000044                      : PowerCC32XX.c.obj (.text.Power_releaseConstraint)
                  200103cc    00000044                      : Timer.c.obj (.text.Timer_start)
                  20010410    00000044     nortos_cc32xx.a : ClockPSysTick_nortos.c.obj (.text.addToList)
                  20010454    00000044     gpiointerrupt.o (.text.initTimer)
                  20010498    00000044     libc.a : snprintf.c.obj (.text.snprintf)
                  200104dc    00000044     gpiointerrupt.o (.text.updateLEDandUART)
                  20010520    00000042     driverlib.a : pin.obj (.text.PinModeSet)
                  20010562    00000042                 : timer.obj (.text.TimerControlStall)
                  200105a4    00000042     drivers_cc32xx.a : TimerCC32XX.c.obj (.text.Timer_close)
                  200105e6    00000042     nortos_cc32xx.a : PowerCC32XX_nortos.c.obj (.text.getCountsRTC)
                  20010628    00000040                     : SemaphoreP_nortos.c.obj (.text.SemaphoreP_post)
                  20010668    00000040     drivers_cc32xx.a : Timer.c.obj (.text.Timer_stop)
                  200106a8    00000040     libc.a : atoi.c.obj (.text.atoi)
                  200106e8    00000040     driverlib.a : udma.obj (.text.uDMAChannelControlSet)
                  20010728    0000003e                 : pin.obj (.text.PinDirModeSet)
                  20010766    00000002     --HOLE-- [fill = 0]
                  20010768    0000003c     nortos_cc32xx.a : ClockPSysTick_nortos.c.obj (.text.ClockP_stop)
                  200107a4    0000003c     drivers_cc32xx.a : UDMACC32XX.c.obj (.text.UDMACC32XX_init)
                  200107e0    0000003a                      : TimerCC32XX.c.obj (.text.TimerSupport_timerEnable)
                  2001081a    00000002     --HOLE-- [fill = 0]
                  2001081c    00000038     nortos_cc32xx.a : ClockPSysTick_nortos.c.obj (.text.ClockP_destruct)
                  20010854    00000038     drivers_cc32xx.a : PowerCC32XX.c.obj (.text.Power_setConstraint)
                  2001088c    00000038                      : RingBuf.c.obj (.text.RingBuf_putAdvance)
                  200108c4    00000038     nortos_cc32xx.a : SwiP_nortos.c.obj (.text.SwiP_restore)
                  200108fc    00000038     drivers_cc32xx.a : UDMACC32XX.c.obj (.text.UDMACC32XX_close)
                  20010934    00000038     libclang_rt.builtins.a : extendsfdf2.S.obj (.text.__extendsfdf2)
                  2001096c    00000038     libc.a : autoinit.c.obj (.text:__TI_auto_init_nobinit_nopinit)
                  200109a4    00000036     driverlib.a : pin.obj (.text.PinLock)
                  200109da    00000036     drivers_cc32xx.a : TimerCC32XX.c.obj (.text.TimerCC32XX_hwiIntFunction)
                  20010a10    00000036     driverlib.a : uart.obj (.text.UARTCharPutNonBlocking)
                  20010a46    00000002     --HOLE-- [fill = 0]
                  20010a48    00000034     nortos_cc32xx.a : ClockPSysTick_nortos.c.obj (.text.ClockP_start)
                  20010a7c    00000034     driverlib.a : i2c.obj (.text.I2CFIFODataPutNonBlocking)
                  20010ab0    00000034                 : pin.obj (.text.PinDirModeGet)
                  20010ae4    00000034                 : pin.obj (.text.PinModeGet)
                  20010b18    00000034     drivers_cc32xx.a : PowerCC32XX.c.obj (.text.PowerCC32XX_parkPin)
                  20010b4c    00000034                      : TimerCC32XX.c.obj (.text.TimerCC32XX_freeTimerResource)
                  20010b80    00000034                      : UART2.c.obj (.text.UART2_rxDisable)
                  20010bb4    00000034     gpiointerrupt.o (.text.initUART)
                  20010be8    00000034     nortos_cc32xx.a : startup_cc32xx_ticlang.c.obj (.text.initVectors)
                  20010c1c    00000030                     : ClockPSysTick_nortos.c.obj (.text.ClockP_getTicksUntilInterrupt)
                  20010c4c    00000030     driverlib.a : i2c.obj (.text.I2CFIFODataGetNonBlocking)
                  20010c7c    00000030                 : prcm.obj (.text.PRCMLPDSIntervalSet)
                  20010cac    00000030                 : prcm.obj (.text.PRCMSlowClkCtrFastGet)
                  20010cdc    00000030                 : timer.obj (.text.TimerLoadSet)
                  20010d0c    00000030                 : timer.obj (.text.TimerPrescaleSet)
                  20010d3c    00000030     libc.a : snprintf.c.obj (.text._outs)
                  20010d6c    00000030     drivers_cc32xx.a : PowerCC32XX.c.obj (.text.notify)
                  20010d9c    0000002e     driverlib.a : gpio.obj (.text.GPIOIntStatus)
                  20010dca    0000002e     drivers_cc32xx.a : RingBuf.c.obj (.text.RingBuf_getConsume)
                  20010df8    0000002e                      : RingBuf.c.obj (.text.RingBuf_putPointer)
                  20010e26    0000002e     driverlib.a : uart.obj (.text.UARTDisable)
                  20010e54    0000002e     libclang_rt.builtins.a : floatsidf.S.obj (.text.__floatsidf)
                  20010e82    0000002c     driverlib.a : i2c.obj (.text.I2CMasterIntStatusEx)
                  20010eae    0000002c     drivers_cc32xx.a : UART2CC32XX.c.obj (.text.UART2CC32XX_getRxData)
                  20010eda    0000002a     nortos_cc32xx.a : HwiPCC32XX_nortos.c.obj (.text.HwiP_create)
                  20010f04    0000002a     driverlib.a : prcm.obj (.text.PRCMLPDSWakeUpGPIOSelect)
                  20010f2e    0000002a                 : prcm.obj (.text.PRCMPeripheralClkDisable)
                  20010f58    0000002a                 : uart.obj (.text.UARTIntStatus)
                  20010f82    00000028                 : i2c.obj (.text.I2CMasterBusBusy)
                  20010faa    00000028                 : i2c.obj (.text.I2CMasterSlaveAddrSet)
                  20010fd2    00000028                 : i2c.obj (.text.I2CTxFIFOConfigSet)
                  20010ffa    00000028     drivers_cc32xx.a : I2C.c.obj (.text.I2C_cancel)
                  20011022    00000028                      : List.c.obj (.text.List_remove)
                  2001104a    00000028     driverlib.a : prcm.obj (.text.PRCMSRAMRetentionEnable)
                  20011072    00000002     --HOLE-- [fill = 0]
                  20011074    00000028     drivers_cc32xx.a : PowerCC32XX.c.obj (.text.PowerCC32XX_getParkState)
                  2001109c    00000028                      : TimerCC32XX.c.obj (.text.TimerSupport_timerDisable)
                  200110c4    00000028     libc.a : memory.c.obj (.text.free_list_insert)
                  200110ec    00000024     driverlib.a : i2c.obj (.text.I2CRxFIFOConfigSet)
                  20011110    00000024                 : interrupt.obj (.text.IntUnregister)
                  20011134    00000024     drivers_cc32xx.a : List.c.obj (.text.List_put)
                  20011158    00000024     driverlib.a : prcm.obj (.text.PRCMLPDSWakeupSourceEnable)
                  2001117c    00000024     drivers_cc32xx.a : PowerCC32XX.c.obj (.text.PowerCC32XX_restoreParkState)
                  200111a0    00000024                      : PowerCC32XX.c.obj (.text.PowerCC32XX_restoreParkedPin)
                  200111c4    00000024                      : PowerCC32XX.c.obj (.text.Power_registerNotify)
                  200111e8    00000024                      : UART2CC32XX.c.obj (.text.UART2Support_disableRx)
                  2001120c    00000024     gpiointerrupt.o (.text.checkButtons)
                  20011230    00000024     gpiointerrupt.o (.text.readTemperature)
                  20011254    00000024     libc.a : boot_cortex_m.c.obj (.text:_c_int00_noargs)
                  20011278    00000022     driverlib.a : gpio.obj (.text.GPIOPinWrite)
                  2001129a    00000022                 : pin.obj (.text.PinUnlock)
                  200112bc    00000022     drivers_cc32xx.a : RingBuf.c.obj (.text.RingBuf_getPointer)
                  200112de    00000022                      : UART2CC32XX.c.obj (.text.UART2Support_sendData)
                  20011300    00000020     driverlib.a : interrupt.obj (.text.IntRegister)
                  20011320    00000020                 : pin.obj (.text.PinTypeI2C)
                  20011340    00000020     drivers_cc32xx.a : PowerCC32XX.c.obj (.text.PowerCC32XX_reset)
                  20011360    00000020                      : PowerCC32XX.c.obj (.text.Power_unregisterNotify)
                  20011380    00000020     nortos_cc32xx.a : SemaphoreP_nortos.c.obj (.text.SemaphoreP_constructBinary)
                  200113a0    00000020                     : SemaphoreP_nortos.c.obj (.text.SemaphoreP_createBinary)
                  200113c0    00000020     driverlib.a : timer.obj (.text.TimerDisable)
                  200113e0    0000001e                 : pin.obj (.text.PinTypeUART)
                  200113fe    0000001e     drivers_cc32xx.a : UART2.c.obj (.text.UART2_writeTimeout)
                  2001141c    0000001e     driverlib.a : uart.obj (.text.UARTEnable)
                  2001143a    0000001e     libc.a : memccpy.c.obj (.text.memccpy)
                  20011458    0000001e     driverlib.a : udma.obj (.text.uDMAChannelDisable)
                  20011476    0000001e                 : udma.obj (.text.uDMAChannelEnable)
                  20011494    0000001e                 : udma.obj (.text.uDMAChannelIsEnabled)
                  200114b2    00000002     --HOLE-- [fill = 0]
                  200114b4    0000001c     drivers_cc32xx.a : GPIO.c.obj (.text.GPIO_setCallback)
                  200114d0    0000001c     nortos_cc32xx.a : HwiPCC32XX_nortos.c.obj (.text.HwiP_dispatch)
                  200114ec    0000001c                     : SwiP_nortos.c.obj (.text.SwiP_disable)
                  20011508    0000001c     libc.a : memory.c.obj (.text.free_list_remove)
                  20011524    0000001c     drivers_cc32xx.a : TimerCC32XX.c.obj (.text.getPowerMgrId)
                  20011540    0000001c     nortos_cc32xx.a : startup_cc32xx_ticlang.c.obj (.text.resetISR)
                  2001155c    0000001a     driverlib.a : gpio.obj (.text.GPIOIntDisable)
                  20011576    0000001a                 : prcm.obj (.text.PRCMHIBRegRead)
                  20011590    0000001a                 : prcm.obj (.text.PRCMHIBRegWrite)
                  200115aa    0000001a                 : prcm.obj (.text.PRCMLPDSWakeupSourceDisable)
                  200115c4    0000001a                 : pin.obj (.text.PinToPadGet)
                  200115de    0000001a                 : timer.obj (.text.TimerEnable)
                  200115f8    0000001a                 : uart.obj (.text.UARTFlowControlSet)
                  20011612    00000018                 : gpio.obj (.text.GPIOIntEnable)
                  2001162a    00000018     nortos_cc32xx.a : SemaphoreP_nortos.c.obj (.text.SemaphoreP_create)
                  20011642    00000018     libc.a : snprintf.c.obj (.text._outc)
                  2001165a    00000016     ti_drivers_config.o (.text.Board_init)
                  20011670    00000016     driverlib.a : i2c.obj (.text.I2CMasterBurstLengthSet)
                  20011686    00000016                 : i2c.obj (.text.I2CMasterIntDisableEx)
                  2001169c    00000016                 : i2c.obj (.text.I2CRxFIFOFlush)
                  200116b2    00000016                 : i2c.obj (.text.I2CTxFIFOFlush)
                  200116c8    00000016                 : systick.obj (.text.SysTickPeriodSet)
                  200116de    00000016                 : timer.obj (.text.TimerIntDisable)
                  200116f4    00000016                 : uart.obj (.text.UARTCharsAvail)
                  2001170a    00000016                 : uart.obj (.text.UARTDMADisable)
                  20011720    00000016                 : uart.obj (.text.UARTFIFOLevelSet)
                  20011736    00000016                 : uart.obj (.text.UARTIntDisable)
                  2001174c    00000014                 : cpu.obj (.text.CPUcpsid)
                  20011760    00000014                 : cpu.obj (.text.CPUcpsie)
                  20011774    00000014     nortos_cc32xx.a : HwiPCC32XX_nortos.c.obj (.text.HwiP_destruct)
                  20011788    00000014     driverlib.a : i2c.obj (.text.I2CMasterIntEnableEx)
                  2001179c    00000014                 : interrupt.obj (.text.IntVTableBaseSet)
                  200117b0    00000014     drivers_cc32xx.a : PowerCC32XX.c.obj (.text.Power_disablePolicy)
                  200117c4    00000014                      : PowerCC32XX.c.obj (.text.Power_getTransitionLatency)
                  200117d8    00000014                      : PowerCC32XX.c.obj (.text.Power_idleFunc)
                  200117ec    00000014     driverlib.a : timer.obj (.text.TimerIntEnable)
                  20011800    00000014                 : uart.obj (.text.UARTDMAEnable)
                  20011814    00000014                 : uart.obj (.text.UARTIntEnable)
                  20011828    00000014     libclang_rt.builtins.a : aeabi_uldivmod.S.obj (.text.__aeabi_uldivmod)
                  2001183c    00000014     driverlib.a : udma.obj (.text.uDMAControlBaseSet)
                  20011850    00000014                 : udma.obj (.text.uDMAIntClear)
                  20011864    00000012     nortos_cc32xx.a : ClockPSysTick_nortos.c.obj (.text.ClockP_add)
                  20011876    00000012     driverlib.a : gpio.obj (.text.GPIOIntClear)
                  20011888    00000012     nortos_cc32xx.a : HwiPCC32XX_nortos.c.obj (.text.HwiP_Params_init)
                  2001189a    00000012                     : HwiPCC32XX_nortos.c.obj (.text.HwiP_delete)
                  200118ac    00000012     driverlib.a : i2c.obj (.text.I2CMasterDisable)
                  200118be    00000012                 : i2c.obj (.text.I2CMasterEnable)
                  200118d0    00000012     drivers_cc32xx.a : I2C.c.obj (.text.I2C_transfer)
                  200118e2    00000012     driverlib.a : systick.obj (.text.SysTickEnable)
                  200118f4    00000012                 : systick.obj (.text.SysTickIntDisable)
                  20011906    00000012                 : systick.obj (.text.SysTickIntEnable)
                  20011918    00000012     drivers_cc32xx.a : UDMACC32XX.c.obj (.text.postNotifyFxn)
                  2001192a    00000012     libc.a : memcpy_t2.S.obj (.text:TI_memcpy_small)
                  2001193c    00000010     nortos_cc32xx.a : ClockPSysTick_nortos.c.obj (.text.ClockP_getCpuFreq)
                  2001194c    00000010                     : ClockPSysTick_nortos.c.obj (.text.ClockP_getSystemTicks)
                  2001195c    00000010                     : ClockPSysTick_nortos.c.obj (.text.ClockP_setTicks)
                  2001196c    00000010                     : HwiPCC32XX_nortos.c.obj (.text.HwiP_inISR)
                  2001197c    00000010     driverlib.a : i2c.obj (.text.I2CMasterControl)
                  2001198c    00000010                 : i2c.obj (.text.I2CMasterIntClearEx)
                  2001199c    00000010                 : i2c.obj (.text.I2CMasterTimeoutSet)
                  200119ac    00000010     drivers_cc32xx.a : PowerCC32XX.c.obj (.text.Power_enablePolicy)
                  200119bc    00000010                      : RingBuf.c.obj (.text.RingBuf_construct)
                  200119cc    00000010     driverlib.a : timer.obj (.text.TimerIntClear)
                  200119dc    00000010     drivers_cc32xx.a : Timer.c.obj (.text.Timer_Params_init)
                  200119ec    00000010                      : UART2CC32XX.c.obj (.text.UART2Support_txDone)
                  200119fc    00000010     driverlib.a : uart.obj (.text.UARTBusy)
                  20011a0c    00000010                 : uart.obj (.text.UARTIntClear)
                  20011a1c    00000010                 : uart.obj (.text.UARTRxErrorGet)
                  20011a2c    00000010     main_nortos.o (.text.main)
                  20011a3c    00000010     libc.a : wcslen.c.obj (.text.wcslen)
                  20011a4c    00000010            : copy_zero_init.c.obj (.text:decompress:ZI)
                  20011a5c    0000000e     nortos_cc32xx.a : HwiPCC32XX_nortos.c.obj (.text.HwiP_interruptsEnabled)
                  20011a6a    0000000e     driverlib.a : i2c.obj (.text.I2CFIFOStatus)
                  20011a78    0000000e     drivers_cc32xx.a : UART2.c.obj (.text.UART2_write)
                  20011a86    0000000e     libc.a : _printfi.c.obj (.text.strlen)
                  20011a94    0000000e     driverlib.a : udma.obj (.text.uDMAEnable)
                  20011aa2    0000000e                 : udma.obj (.text.uDMAErrorStatusClear)
                  20011ab0    0000000e     libc.a : memset_t2.S.obj (.text:TI_memset_small)
                  20011abe    0000000e            : copy_decompress_none.c.obj (.text:decompress:none)
                  20011acc    0000000c     drivers_cc32xx.a : I2CCC32XX.c.obj (.text.I2CCC32XX_postNotify)
                  20011ad8    0000000c                      : I2C.c.obj (.text.I2C_Params_init)
                  20011ae4    0000000c                      : I2CCC32XX.c.obj (.text.OUTLINED_FUNCTION_0)
                  20011af0    0000000c                      : UART2CC32XX.c.obj (.text.OUTLINED_FUNCTION_0)
                  20011afc    0000000c     driverlib.a : prcm.obj (.text.PRCMLPDSWakeupCauseGet)
                  20011b08    0000000c     drivers_cc32xx.a : PowerCC32XX.c.obj (.text.Power_getConstraintMask)
                  20011b14    0000000c                      : UART2CC32XX.c.obj (.text.UART2CC32XX_postNotifyFxn)
                  20011b20    0000000c                      : UART2CC32XX.c.obj (.text.UART2Support_disableTx)
                  20011b2c    0000000c                      : UART2CC32XX.c.obj (.text.UART2Support_enableTx)
                  20011b38    0000000c                      : UART2.c.obj (.text.UART2_Params_init)
                  20011b44    0000000c     gpiointerrupt.o (.text.gpioButtonFxn0)
                  20011b50    0000000c     gpiointerrupt.o (.text.gpioButtonFxn1)
                  20011b5c    0000000c     drivers_cc32xx.a : TimerCC32XX.c.obj (.text.postNotifyFxn)
                  20011b68    0000000c     gpiointerrupt.o (.text.timerCallback)
                  20011b74    0000000c     driverlib.a : udma.obj (.text.uDMAErrorStatusGet)
                  20011b80    0000000a                 : cpu.obj (.text.CPUprimask)
                  20011b8a    0000000a     nortos_cc32xx.a : ClockPSysTick_nortos.c.obj (.text.ClockP_isActive)
                  20011b94    0000000a     driverlib.a : interrupt.obj (.text.IntMasterDisable)
                  20011b9e    0000000a                 : interrupt.obj (.text.IntMasterEnable)
                  20011ba8    0000000a     drivers_cc32xx.a : UART2CC32XX.c.obj (.text.OUTLINED_FUNCTION_1)
                  20011bb2    0000000a                      : UART2CC32XX.c.obj (.text.OUTLINED_FUNCTION_2)
                  20011bbc    0000000a     libclang_rt.builtins.a : aeabi_memset.S.obj (.text.__aeabi_memset)
                  20011bc6    0000000a     ti_drivers_config.o (.text.dmaErrorFxn)
                  20011bd0    00000008     nortos_cc32xx.a : HwiPCC32XX_nortos.c.obj (.text.HwiP_disable)
                  20011bd8    00000008                     : HwiPCC32XX_nortos.c.obj (.text.HwiP_restore)
                  20011be0    00000008     drivers_cc32xx.a : I2CCC32XX.c.obj (.text.I2CCC32XX_blockingCallback)
                  20011be8    00000008                      : I2CCC32XX.c.obj (.text.I2CSupport_controllerFinish)
                  20011bf0    00000008     driverlib.a : prcm.obj (.text.PRCMSleepEnter)
                  20011bf8    00000008                 : utils.obj (.text.UtilsDelay)
                  20011c00    00000008     libc.a : aeabi_portable.c.obj (.text.__aeabi_errno_addr)
                  20011c08    00000008     libclang_rt.builtins.a : aeabi_memset.S.obj (.text.__aeabi_memclr)
                  20011c10    00000008     libc.a : memory.c.obj (.text.malloc)
                  20011c18    00000006     drivers_cc32xx.a : I2CCC32XX.c.obj (.text.I2CSupport_powerRelConstraint)
                  20011c1e    00000006                      : I2CCC32XX.c.obj (.text.I2CSupport_powerSetConstraint)
                  20011c24    00000006                      : UART2CC32XX.c.obj (.text.UART2Support_powerRelConstraint)
                  20011c2a    00000004     nortos_cc32xx.a : ClockPSysTick_nortos.c.obj (.text.ClockP_doTick)
                  20011c2e    00000004                     : HwiPCC32XX_nortos.c.obj (.text.HwiP_clearInterrupt)
                  20011c32    00000004                     : HwiPCC32XX_nortos.c.obj (.text.HwiP_disableInterrupt)
                  20011c36    00000004                     : HwiPCC32XX_nortos.c.obj (.text.HwiP_enable)
                  20011c3a    00000004                     : HwiPCC32XX_nortos.c.obj (.text.HwiP_enableInterrupt)
                  20011c3e    00000004                     : HwiPCC32XX_nortos.c.obj (.text.HwiP_post)
                  20011c42    00000004     driverlib.a : interrupt.obj (.text.IntDefaultHandler)
                  20011c46    00000004     nortos_cc32xx.a : NoRTOS.c.obj (.text.NoRTOS_start)
                  20011c4a    00000004     drivers_cc32xx.a : RingBuf.c.obj (.text.RingBuf_getCount)
                  20011c4e    00000004     nortos_cc32xx.a : SemaphoreP_nortos.c.obj (.text.SemaphoreP_delete)
                  20011c52    00000002     --HOLE-- [fill = 0]
                  20011c54    00000004     libclang_rt.builtins.a : aeabi_memcpy.S.obj (.text.__aeabi_memcpy)
                  20011c58    00000004     libc.a : pre_init.c.obj (.text._system_pre_init)
                  20011c5c    00000004            : exit.c.obj (.text:abort)

.ramVecs   0    20000000    0000030c     NOLOAD SECTION
                  20000000    0000030c     nortos_cc32xx.a : startup_cc32xx_ticlang.c.obj (.ramVecs)

.stack     0    20003000    00001000     UNINITIALIZED
                  20003000    00000004     libc.a : boot_cortex_m.c.obj (.stack)
                  20003004    00000ffc     --HOLE--

.resetVecs 
*          0    20004000    00000040     
                  20004000    00000040     nortos_cc32xx.a : startup_cc32xx_ticlang.c.obj (.resetVecs)

.sysmem    0    20004040    00008000     UNINITIALIZED
                  20004040    00000010     libc.a : memory.c.obj (.sysmem)
                  20004050    00007ff0     --HOLE--

.cinit     0    20011c60    00000114     
                  20011c60    000000ee     (.cinit..data.load) [load image, compression = lzss]
                  20011d4e    00000002     --HOLE-- [fill = 0]
                  20011d50    0000000c     (__TI_handler_table)
                  20011d5c    00000008     (.cinit..bss.load) [load image, compression = zero_init]
                  20011d64    00000010     (__TI_cinit_table)

.rodata    0    200130c0    000005bd     
                  200130c0    00000101     libc.a : aeabi_ctype.S.obj (.rodata:__aeabi_ctype_table_)
                  200131c1    00000002     drivers_cc32xx.a : UART2CC32XX.c.obj (.rodata.stopBits)
                  200131c3    00000001     ti_drivers_config.o (.rodata.GPIO_pinUpperBound)
                  200131c4    00000100     driverlib.a : pin.obj (.rodata.g_ulPinToPadMap)
                  200132c4    000000d4                 : interrupt.obj (.rodata.g_pulRegs)
                  20013398    000000a8                 : prcm.obj (.rodata.PRCM_PeriphRegsList)
                  20013440    00000044     ti_drivers_config.o (.rodata.PowerCC32XX_config)
                  20013484    00000038     ti_drivers_config.o (.rodata.uart2CC32XXHWAttrs0)
                  200134bc    00000028     drivers_cc32xx.a : GPIOCC32XX.c.obj (.rodata.portConfigs)
                  200134e4    00000024                      : UART2.c.obj (.rodata.UART2_defaultParams)
                  20013508    00000021                      : GPIOCC32XX.c.obj (.rodata.pinTable)
                  20013529    00000001     ti_drivers_config.o (.rodata.I2C_count)
                  2001352a    00000001     ti_drivers_config.o (.rodata.Timer_count)
                  2001352b    00000001     ti_drivers_config.o (.rodata.UART2_count)
                  2001352c    00000018     driverlib.a : interrupt.obj (.rodata.g_pulDisRegs)
                  20013544    00000018                 : interrupt.obj (.rodata.g_pulEnRegs)
                  2001355c    00000018                 : interrupt.obj (.rodata.g_pulPendRegs)
                  20013574    00000018                 : interrupt.obj (.rodata.g_pulUnpendRegs)
                  2001358c    00000018     gpiointerrupt.o (.rodata.initI2C.sensors)
                  200135a4    00000016     gpiointerrupt.o (.rodata.str1.119337933097536889411)
                  200135ba    00000002     --HOLE-- [fill = 0]
                  200135bc    00000014     ti_drivers_config.o (.rodata.i2cCC32XXHWAttrs)
                  200135d0    00000011     libc.a : _printfi.c.obj (.rodata.str1.11645776875810915891)
                  200135e1    00000011            : _printfi.c.obj (.rodata.str1.44690500295887128011)
                  200135f2    00000002     --HOLE-- [fill = 0]
                  200135f4    00000010     ti_drivers_config.o (.rodata.GPIO_config)
                  20013604    00000010     drivers_cc32xx.a : I2CCC32XX.c.obj (.rodata.cst16)
                  20013614    00000010     ti_drivers_config.o (.rodata.timerCC32XXHWAttrs)
                  20013624    0000000c     drivers_cc32xx.a : Timer.c.obj (.rodata.defaultParams)
                  20013630    0000000c                      : TimerCC32XX.c.obj (.rodata.defaultParams)
                  2001363c    0000000c     ti_drivers_config.o (.rodata.udmaCC3220SHWAttrs)
                  20013648    00000008     ti_drivers_config.o (.rodata.I2C_config)
                  20013650    00000008     ti_drivers_config.o (.rodata.Timer_config)
                  20013658    00000008     ti_drivers_config.o (.rodata.UART2_config)
                  20013660    00000008     ti_drivers_config.o (.rodata.UDMACC32XX_config)
                  20013668    00000005     drivers_cc32xx.a : UART2CC32XX.c.obj (.rodata.parityType)
                  2001366d    00000004                      : UART2CC32XX.c.obj (.rodata.cst4)
                  20013671    00000004     gpiointerrupt.o (.rodata.str1.149745159178111864791)
                  20013675    00000004     gpiointerrupt.o (.rodata.str1.27667157146944505611)
                  20013679    00000004     gpiointerrupt.o (.rodata.str1.8099049698717124711)

.init_array 
*          0    20004000    00000000     UNINITIALIZED

.bss       0    20012000    000009f0     UNINITIALIZED
                  20012000    00000400     ti_drivers_config.o (.bss.dmaControlTable)
                  20012400    00000178     (.common:uart2CC32XXObjects0)
                  20012578    0000012c     (.common:PowerCC32XX_contextSave)
                  200126a4    000000fc     (.common:i2cCC32XXObjects)
                  200127a0    00000084     (.common:gpioCallbackFunctions)
                  20012824    00000084     (.common:gpioUserArgs)
                  200128a8    00000084     (.common:timerCC32XXObjects)
                  2001292c    00000040     (.common:output)
                  2001296c    00000020     ti_drivers_config.o (.bss.uart2RxRingBuffer0)
                  2001298c    00000020     ti_drivers_config.o (.bss.uart2TxRingBuffer0)
                  200129ac    00000014     drivers_cc32xx.a : UDMACC32XX.c.obj (.bss.postNotifyObj)
                  200129c0    00000010     (.common:ClockP_ctrl)
                  200129d0    00000008     (.common:udmaCC3220SObject)
                  200129d8    00000004     nortos_cc32xx.a : ClockPSysTick_nortos.c.obj (.bss.sysTickPeriod)
                  200129dc    00000004     libc.a : memory.c.obj (.bss.sys_free)
                  200129e0    00000004     drivers_cc32xx.a : TimerCC32XX.c.obj (.bss.timerState.0)
                  200129e4    00000004     (.common:i2c)
                  200129e8    00000004     (.common:timer0)
                  200129ec    00000004     (.common:uart)

.data      0    200129f0    000006c5     UNINITIALIZED
                  200129f0    0000030c     nortos_cc32xx.a : HwiPCC32XX_nortos.c.obj (.data.HwiP_dispatchTable)
                  20012cfc    0000016c     drivers_cc32xx.a : PowerCC32XX.c.obj (.data.PowerCC32XX_module)
                  20012e68    000000f8     ti_drivers_config.o (.data.parkInfo)
                  20012f60    00000084     ti_drivers_config.o (.data.gpioPinConfigs)
                  20012fe4    0000004c     nortos_cc32xx.a : SwiP_nortos.c.obj (.data..L_MergedGlobals)
                  20013030    00000038     gpiointerrupt.o (.data..L_MergedGlobals)
                  20013068    00000018     drivers_cc32xx.a : GPIOCC32XX.c.obj (.data..L_MergedGlobals)
                  20013080    00000010     nortos_cc32xx.a : SemaphoreP_nortos.c.obj (.data..L_MergedGlobals)
                  20013090    00000008     drivers_cc32xx.a : UDMACC32XX.c.obj (.data..L_MergedGlobals)
                  20013098    00000008     nortos_cc32xx.a : ClockPSysTick_nortos.c.obj (.data..L_MergedGlobals)
                  200130a0    00000004                     : HwiPCC32XX_nortos.c.obj (.data.HwiP_swiPIntNum)
                  200130a4    00000004     libc.a : aeabi_portable.c.obj (.data.__aeabi_errno)
                  200130a8    00000004            : _lock.c.obj (.data._lock)
                  200130ac    00000004            : _lock.c.obj (.data._unlock)
                  200130b0    00000001     drivers_cc32xx.a : GPIOCC32XX.c.obj (.data.initCalled)
                  200130b1    00000001                      : GPIOCC32XX.c.obj (.data.portHwiCreatedBitMask)
                  200130b2    00000002     --HOLE--
                  200130b4    00000001     libc.a : memory.c.obj (.data.memory_is_initialized)

.log_data 
*          0    90000000    00000000     COPY SECTION

.log_ptr   0    94000008    00000000     COPY SECTION

__llvm_prf_cnts 
*          0    20004000    00000000     UNINITIALIZED

__llvm_prf_bits 
*          0    20004000    00000000     UNINITIALIZED

MODULE SUMMARY

       Module                         code    ro data   rw data
       ------                         ----    -------   -------
    .\
       gpiointerrupt.o                688     58        132    
       main_nortos.o                  16      0         0      
    +--+------------------------------+-------+---------+---------+
       Total:                         704     58        132    
                                                               
    .\syscfg\
       ti_drivers_config.o            34      224       2500   
    +--+------------------------------+-------+---------+---------+
       Total:                         34      224       2500   
                                                               
    C:/ti/simplelink_cc32xx_sdk_7_10_00_13/kernel/nortos/lib/ticlang/m4/nortos_cc32xx.a
       HwiPCC32XX_nortos.c.obj        308     0         784    
       startup_cc32xx_ticlang.c.obj   88      64        780    
       ClockPSysTick_nortos.c.obj     524     0         28     
       SemaphoreP_nortos.c.obj        392     0         16     
       PowerCC32XX_nortos.c.obj       404     0         0      
       SwiP_nortos.c.obj              84      0         76     
       NoRTOS.c.obj                   4       0         0      
    +--+------------------------------+-------+---------+---------+
       Total:                         1804    64        1684   
                                                               
    C:/ti/simplelink_cc32xx_sdk_7_10_00_13/source/ti/devices/cc32xx/driverlib/ticlang/Release/driverlib.a
       prcm.obj                       2564    168       0      
       interrupt.obj                  868     308       0      
       pin.obj                        750     256       0      
       udma.obj                       806     0         0      
       i2c.obj                        658     0         0      
       uart.obj                       490     0         0      
       gpio.obj                       388     0         0      
       timer.obj                      278     0         0      
       flash.obj                      92      0         0      
       systick.obj                    76      0         0      
       cpu.obj                        62      0         0      
       utils.obj                      8       0         0      
    +--+------------------------------+-------+---------+---------+
       Total:                         7040    732       0      
                                                               
    C:/ti/simplelink_cc32xx_sdk_7_10_00_13/source/ti/drivers/lib/ticlang/m4/drivers_cc32xx.a
       PowerCC32XX.c.obj              2052    0         664    
       UART2CC32XX.c.obj              2198    11        0      
       I2CCC32XX.c.obj                1242    16        0      
       GPIOCC32XX.c.obj               960     73        26     
       TimerCC32XX.c.obj              880     12        4      
       UART2.c.obj                    762     36        0      
       I2C.c.obj                      366     0         0      
       RingBuf.c.obj                  272     0         0      
       UDMACC32XX.c.obj               242     0         28     
       Timer.c.obj                    150     12        0      
       PowerCC32XX_ticlang.asm.obj    150     0         0      
       List.c.obj                     76      0         0      
       GPIO.c.obj                     28      0         0      
    +--+------------------------------+-------+---------+---------+
       Total:                         9378    160       722    
                                                               
    C:\ti\ccs1270\ccs\tools\compiler\ti-cgt-armllvm_3.2.2.LTS\lib\armv7em-ti-none-eabi/c/libc.a
       _printfi.c.obj                 2170    34        0      
       memory.c.obj                   712     0         5      
       aeabi_ctype.S.obj              0       257       0      
       snprintf.c.obj                 140     0         0      
       copy_decompress_lzss.c.obj     112     0         0      
       atoi.c.obj                     64      0         0      
       autoinit.c.obj                 56      0         0      
       boot_cortex_m.c.obj            36      0         0      
       memccpy.c.obj                  30      0         0      
       memcpy_t2.S.obj                18      0         0      
       copy_zero_init.c.obj           16      0         0      
       wcslen.c.obj                   16      0         0      
       copy_decompress_none.c.obj     14      0         0      
       memset_t2.S.obj                14      0         0      
       aeabi_portable.c.obj           8       0         4      
       _lock.c.obj                    2       0         8      
       exit.c.obj                     4       0         0      
       pre_init.c.obj                 4       0         0      
    +--+------------------------------+-------+---------+---------+
       Total:                         3416    291       17     
                                                               
    C:\ti\ccs1270\ccs\tools\compiler\ti-cgt-armllvm_3.2.2.LTS\lib\clang/15.0.7/lib/armv7em-ti-none-eabi/libclang_rt.builtins.a
       adddf3.S.obj                   438     0         0      
       muldf3.S.obj                   252     0         0      
       udivmoddi4.S.obj               176     0         0      
       truncdfsf2.S.obj               110     0         0      
       fixdfsi.S.obj                  72      0         0      
       extendsfdf2.S.obj              56      0         0      
       floatsidf.S.obj                46      0         0      
       aeabi_uldivmod.S.obj           20      0         0      
       aeabi_memset.S.obj             18      0         0      
       aeabi_memcpy.S.obj             4       0         0      
       aeabi_div0.c.obj               2       0         0      
    +--+------------------------------+-------+---------+---------+
       Total:                         1194    0         0      
                                                               
       Heap:                          0       0         32768  
       Stack:                         0       0         4096   
       Linker Generated:              0       274       0      
    +--+------------------------------+-------+---------+---------+
       Grand Total:                   23570   1803      41919  


LINKER GENERATED COPY TABLES

__TI_cinit_table @ 20011d64 records: 2, size/record: 8, table size: 16
	.data: load addr=20011c60, load size=000000ee bytes, run addr=200129f0, run size=000006c5 bytes, compression=lzss
	.bss: load addr=20011d5c, load size=00000008 bytes, run addr=20012000, run size=000009f0 bytes, compression=zero_init


LINKER GENERATED HANDLER TABLE

__TI_handler_table @ 20011d50 records: 3, size/record: 4, table size: 12
	index: 0, handler: __TI_decompress_lzss
	index: 1, handler: __TI_decompress_none
	index: 2, handler: __TI_zero_init


GLOBAL SYMBOLS: SORTED ALPHABETICALLY BY Name 

address   name                             
-------   ----                             
2001165b  Board_init                       
2000d36b  Board_initHook                   
20013031  Button0Flag                      
20013032  Button1Flag                      
20011c5c  C$$EXIT                          
2001174d  CPUcpsid                         
20011761  CPUcpsie                         
20011b81  CPUprimask                       
2000ee85  CPUwfi                           
20011865  ClockP_add                       
200129c0  ClockP_ctrl                      
2001081d  ClockP_destruct                  
20011c2b  ClockP_doTick                    
2001193d  ClockP_getCpuFreq                
2001194d  ClockP_getSystemTicks            
20010c1d  ClockP_getTicksUntilInterrupt    
20011b8b  ClockP_isActive                  
2001195d  ClockP_setTicks                  
20010a49  ClockP_start                     
2000fbcd  ClockP_startup                   
20010769  ClockP_stop                      
20010081  ClockP_sysTickHandler            
2001309c  ClockP_tickPeriod                
2000fa01  FlashDisable                     
200102bb  GPIODirModeSet                   
20011877  GPIOIntClear                     
2001155d  GPIOIntDisable                   
20011613  GPIOIntEnable                    
20010d9d  GPIOIntStatus                    
2000ea2d  GPIOIntTypeSet                   
20011279  GPIOPinWrite                     
200135f4  GPIO_config                      
20010301  GPIO_disableInt                  
20010345  GPIO_enableInt                   
2000fd7d  GPIO_hwiIntFxn                   
2000efb9  GPIO_init                        
200131c3  GPIO_pinUpperBound               
200114b5  GPIO_setCallback                 
2000dafd  GPIO_setConfig                   
2000febd  GPIO_setInterruptConfig          
2000f941  GPIO_write                       
20011889  HwiP_Params_init                 
20011c2f  HwiP_clearInterrupt              
2000f2d5  HwiP_construct                   
20010edb  HwiP_create                      
2001189b  HwiP_delete                      
20011775  HwiP_destruct                    
20011bd1  HwiP_disable                     
20011c33  HwiP_disableInterrupt            
200114d1  HwiP_dispatch                    
20011c37  HwiP_enable                      
20011c3b  HwiP_enableInterrupt             
2001196d  HwiP_inISR                       
20011a5d  HwiP_interruptsEnabled           
20011c3f  HwiP_post                        
20011bd9  HwiP_restore                     
200130a0  HwiP_swiPIntNum                  
20010c4d  I2CFIFODataGetNonBlocking        
20010a7d  I2CFIFODataPutNonBlocking        
20011a6b  I2CFIFOStatus                    
20011671  I2CMasterBurstLengthSet          
20010f83  I2CMasterBusBusy                 
2001197d  I2CMasterControl                 
200118ad  I2CMasterDisable                 
200118bf  I2CMasterEnable                  
2000ecbb  I2CMasterInitExpClk              
2001198d  I2CMasterIntClearEx              
20011687  I2CMasterIntDisableEx            
20011789  I2CMasterIntEnableEx             
20010e83  I2CMasterIntStatusEx             
20010fab  I2CMasterSlaveAddrSet            
2001199d  I2CMasterTimeoutSet              
200110ed  I2CRxFIFOConfigSet               
2001169d  I2CRxFIFOFlush                   
20011be9  I2CSupport_controllerFinish      
20011c19  I2CSupport_powerRelConstraint    
20011c1f  I2CSupport_powerSetConstraint    
2000fa5d  I2CSupport_primeTransfer         
20010fd3  I2CTxFIFOConfigSet               
200116b3  I2CTxFIFOFlush                   
20011ad9  I2C_Params_init                  
20010ffb  I2C_cancel                       
20013648  I2C_config                       
20013529  I2C_count                        
2000d863  I2C_init                         
2000e3d5  I2C_open                         
200118d1  I2C_transfer                     
2000dd75  I2C_transferTimeout              
UNDEFED   ITM_flush                        
UNDEFED   ITM_restore                      
2000e671  IntDisable                       
2000e739  IntEnable                        
20011b95  IntMasterDisable                 
20011b9f  IntMasterEnable                  
2000f871  IntPendClear                     
2000ead9  IntPendSet                       
2000fc25  IntPrioritySet                   
20011301  IntRegister                      
20011111  IntUnregister                    
2001179d  IntVTableBaseSet                 
20011135  List_put                         
20011023  List_remove                      
20011c47  NoRTOS_start                     
2000c8ad  PRCMCC3200MCUInit                
20011577  PRCMHIBRegRead                   
20011591  PRCMHIBRegWrite                  
2000f349  PRCMHibernateWakeUpGPIOSelect    
2000fab9  PRCMHibernateWakeupSourceDisable 
2000fdcd  PRCMHibernateWakeupSourceEnable  
200100c9  PRCMIntEnable                    
2000fc7d  PRCMLPDSEnter                    
2001022f  PRCMLPDSEnterKeepDebugIf         
20010c7d  PRCMLPDSIntervalSet              
2000ff09  PRCMLPDSRestoreInfoSet           
20010f05  PRCMLPDSWakeUpGPIOSelect         
20011afd  PRCMLPDSWakeupCauseGet           
200115ab  PRCMLPDSWakeupSourceDisable      
20011159  PRCMLPDSWakeupSourceEnable       
20010f2f  PRCMPeripheralClkDisable         
2000fb71  PRCMPeripheralClkEnable          
2000f79d  PRCMPeripheralReset              
20010111  PRCMPeripheralStatusGet          
2001104b  PRCMSRAMRetentionEnable          
20011bf1  PRCMSleepEnter                   
20010cad  PRCMSlowClkCtrFastGet            
2000f049  PRCMSysResetCauseGet             
20010159  PinConfigGet                     
2000eb7d  PinConfigSet                     
20010ab1  PinDirModeGet                    
20010729  PinDirModeSet                    
200109a5  PinLock                          
2000f57f  PinLockLevelSet                  
20010ae5  PinModeGet                       
20010521  PinModeSet                       
200115c5  PinToPadGet                      
20011321  PinTypeI2C                       
200113e1  PinTypeUART                      
2001129b  PinUnlock                        
20013440  PowerCC32XX_config               
2000f0d9  PowerCC32XX_configureWakeup      
20012578  PowerCC32XX_contextSave          
2000ee91  PowerCC32XX_enterLPDS            
20011075  PowerCC32XX_getParkState         
2000de9b  PowerCC32XX_initPolicy           
20012cfc  PowerCC32XX_module               
20010b19  PowerCC32XX_parkPin              
20011341  PowerCC32XX_reset                
2001117d  PowerCC32XX_restoreParkState     
200111a1  PowerCC32XX_restoreParkedPin     
2000eed5  PowerCC32XX_resumeLPDS           
2000fcd5  PowerCC32XX_setParkState         
2000d865  PowerCC32XX_sleepPolicy          
200117b1  Power_disablePolicy              
200119ad  Power_enablePolicy               
20011b09  Power_getConstraintMask          
200117c5  Power_getTransitionLatency       
200117d9  Power_idleFunc                   
2000f25d  Power_init                       
200111c5  Power_registerNotify             
20010389  Power_releaseConstraint          
2000fd29  Power_releaseDependency          
20010855  Power_setConstraint              
2000f5ed  Power_setDependency              
2000cd65  Power_sleep                      
20011361  Power_unregisterNotify           
200119bd  RingBuf_construct                
20010dcb  RingBuf_getConsume               
20011c4b  RingBuf_getCount                 
200112bd  RingBuf_getPointer               
20010275  RingBuf_put                      
2001088d  RingBuf_putAdvance               
20010df9  RingBuf_putPointer               
2000fe1d  SemaphoreP_construct             
20011381  SemaphoreP_constructBinary       
2001162b  SemaphoreP_create                
200113a1  SemaphoreP_createBinary          
20013088  SemaphoreP_defaultParams         
20011c4f  SemaphoreP_delete                
2000ed53  SemaphoreP_destruct              
2000ed55  SemaphoreP_pend                  
20010629  SemaphoreP_post                  
200114ed  SwiP_disable                     
200108c5  SwiP_restore                     
200118e3  SysTickEnable                    
200118f5  SysTickIntDisable                
20011907  SysTickIntEnable                 
200116c9  SysTickPeriodSet                 
2001192b  TI_memcpy_small                  
20011ab1  TI_memset_small                  
2000fb15  TimerCC32XX_allocateTimerResource
20010b4d  TimerCC32XX_freeTimerResource    
20010563  TimerControlStall                
200113c1  TimerDisable                     
200115df  TimerEnable                      
20013030  TimerFlag                        
200119cd  TimerIntClear                    
200116df  TimerIntDisable                  
200117ed  TimerIntEnable                   
20010cdd  TimerLoadSet                     
20010d0d  TimerPrescaleSet                 
2001109d  TimerSupport_timerDisable        
200107e1  TimerSupport_timerEnable         
200119dd  Timer_Params_init                
200105a5  Timer_close                      
20013650  Timer_config                     
2001352a  Timer_count                      
2000f0d7  Timer_init                       
2000d9b5  Timer_open                       
200103cd  Timer_start                      
20010669  Timer_stop                       
200111e9  UART2Support_disableRx           
20011b21  UART2Support_disableTx           
2000e5a5  UART2Support_dmaStartRx          
2000e8c5  UART2Support_dmaStartTx          
2000ffa1  UART2Support_dmaStopRx           
2000f9a1  UART2Support_dmaStopTx           
20011b2d  UART2Support_enableTx            
20011c25  UART2Support_powerRelConstraint  
200112df  UART2Support_sendData            
200119ed  UART2Support_txDone              
20011b39  UART2_Params_init                
2000e4bd  UART2_close                      
20013658  UART2_config                     
2001352b  UART2_count                      
200134e4  UART2_defaultParams              
2000d36d  UART2_open                       
20010b81  UART2_rxDisable                  
20011a79  UART2_write                      
200113ff  UART2_writeTimeout               
2000d6ef  UART2_writeTimeoutBlocking       
2000dfbd  UART2_writeTimeoutNonblocking    
200119fd  UARTBusy                         
20010a11  UARTCharPutNonBlocking           
200116f5  UARTCharsAvail                   
2000f3bd  UARTConfigSetExpClk              
2001170b  UARTDMADisable                   
20011801  UARTDMAEnable                    
20010e27  UARTDisable                      
2001141d  UARTEnable                       
20011721  UARTFIFOLevelSet                 
200115f9  UARTFlowControlSet               
20011a0d  UARTIntClear                     
20011737  UARTIntDisable                   
20011815  UARTIntEnable                    
20010f59  UARTIntStatus                    
20011a1d  UARTRxErrorGet                   
200108fd  UDMACC32XX_close                 
20013660  UDMACC32XX_config                
200107a5  UDMACC32XX_init                  
2000f659  UDMACC32XX_open                  
20011bf9  UtilsDelay                       
20004000  __STACK_END                      
00001000  __STACK_SIZE                     
00008000  __SYSMEM_SIZE                    
00000000  __TI_ATRegion0_region_sz         
00000000  __TI_ATRegion0_src_addr          
00000000  __TI_ATRegion0_trg_addr          
00000000  __TI_ATRegion1_region_sz         
00000000  __TI_ATRegion1_src_addr          
00000000  __TI_ATRegion1_trg_addr          
00000000  __TI_ATRegion2_region_sz         
00000000  __TI_ATRegion2_src_addr          
00000000  __TI_ATRegion2_trg_addr          
20011d64  __TI_CINIT_Base                  
20011d74  __TI_CINIT_Limit                 
20011d74  __TI_CINIT_Warm                  
20011d50  __TI_Handler_Table_Base          
20011d5c  __TI_Handler_Table_Limit         
2001096d  __TI_auto_init_nobinit_nopinit   
2000f4a1  __TI_decompress_lzss             
20011abf  __TI_decompress_none             
ffffffff  __TI_pprof_out_hndl              
2000c041  __TI_printfi_nofloat             
ffffffff  __TI_prof_data_size              
ffffffff  __TI_prof_data_start             
20011c60  __TI_static_base__               
20011a4d  __TI_zero_init                   
2000d543  __adddf3                         
200130c0  __aeabi_ctype_table_             
200130c0  __aeabi_ctype_table_C            
2000f511  __aeabi_d2f                      
200101a1  __aeabi_d2iz                     
2000d543  __aeabi_dadd                     
2000e1e9  __aeabi_dmul                     
2000d539  __aeabi_dsub                     
200130a4  __aeabi_errno                    
20011c01  __aeabi_errno_addr               
20010935  __aeabi_f2d                      
20010e55  __aeabi_i2d                      
2000f5eb  __aeabi_ldiv0                    
20011c09  __aeabi_memclr                   
20011c09  __aeabi_memclr4                  
20011c09  __aeabi_memclr8                  
20011c55  __aeabi_memcpy                   
20011c55  __aeabi_memcpy4                  
20011c55  __aeabi_memcpy8                  
20011bbd  __aeabi_memset                   
20011bbd  __aeabi_memset4                  
20011bbd  __aeabi_memset8                  
20011829  __aeabi_uldivmod                 
ffffffff  __binit__                        
20010935  __extendsfdf2                    
200101a1  __fixdfsi                        
20010e55  __floatsidf                      
UNDEFED   __mpu_init                       
2000e1e9  __muldf3                         
20003000  __stack                          
20004000  __start___llvm_prf_bits          
20004000  __start___llvm_prf_cnts          
20004000  __stop___llvm_prf_bits           
20004000  __stop___llvm_prf_cnts           
2000d539  __subdf3                         
2000f511  __truncdfsf2                     
2000e97d  __udivmoddi4                     
20011255  _c_int00_noargs                  
200130a8  _lock                            
2000f807  _nop                             
20004040  _sys_memory                      
UNDEFED   _system_post_cinit               
20011c59  _system_pre_init                 
200130ac  _unlock                          
20011c5d  abort                            
2000de9d  aligned_alloc                    
200106a9  atoi                             
ffffffff  binit                            
2001120d  checkButtons                     
2000fbcb  clkFxn                           
2000e2e5  free                             
20011b45  gpioButtonFxn0                   
20011b51  gpioButtonFxn1                   
200127a0  gpioCallbackFunctions            
20012f60  gpioPinConfigs                   
20012824  gpioUserArgs                     
20013038  heat                             
200129e4  i2c                              
200135bc  i2cCC32XXHWAttrs                 
200126a4  i2cCC32XXObjects                 
2000f431  initI2C                          
20010455  initTimer                        
20010bb5  initUART                         
20010be9  initVectors                      
20011a2d  main                             
2000eded  mainThread                       
20011c11  malloc                           
2000de9d  memalign                         
2001143b  memccpy                          
2001292c  output                           
20012e68  parkInfo                         
2000f161  readTemp                         
20011231  readTemperature                  
20011541  resetISR                         
2001303c  seconds                          
20013034  setpoint                         
20010499  snprintf                         
20013044  tasks                            
20013040  temp                             
200129e8  timer0                           
20013614  timerCC32XXHWAttrs               
200128a8  timerCC32XXObjects               
20011b69  timerCallback                    
2000fe6d  uDMAChannelAssign                
2000ef27  uDMAChannelAttributeDisable      
200106e9  uDMAChannelControlSet            
20011459  uDMAChannelDisable               
20011477  uDMAChannelEnable                
20011495  uDMAChannelIsEnabled             
20010035  uDMAChannelSizeGet               
2000e0d7  uDMAChannelTransferSet           
2001183d  uDMAControlBaseSet               
20011a95  uDMAEnable                       
20011aa3  uDMAErrorStatusClear             
20011b75  uDMAErrorStatusGet               
20011851  uDMAIntClear                     
200129ec  uart                             
20012400  uart2CC32XXObjects0              
2001363c  udmaCC3220SHWAttrs               
200129d0  udmaCC3220SObject                
200104dd  updateLEDandUART                 
20011a3d  wcslen                           


GLOBAL SYMBOLS: SORTED BY Symbol Address 

address   name                             
-------   ----                             
00000000  __TI_ATRegion0_region_sz         
00000000  __TI_ATRegion0_src_addr          
00000000  __TI_ATRegion0_trg_addr          
00000000  __TI_ATRegion1_region_sz         
00000000  __TI_ATRegion1_src_addr          
00000000  __TI_ATRegion1_trg_addr          
00000000  __TI_ATRegion2_region_sz         
00000000  __TI_ATRegion2_src_addr          
00000000  __TI_ATRegion2_trg_addr          
00001000  __STACK_SIZE                     
00008000  __SYSMEM_SIZE                    
20003000  __stack                          
20004000  __STACK_END                      
20004000  __start___llvm_prf_bits          
20004000  __start___llvm_prf_cnts          
20004000  __stop___llvm_prf_bits           
20004000  __stop___llvm_prf_cnts           
20004040  _sys_memory                      
2000c041  __TI_printfi_nofloat             
2000c8ad  PRCMCC3200MCUInit                
2000cd65  Power_sleep                      
2000d36b  Board_initHook                   
2000d36d  UART2_open                       
2000d539  __aeabi_dsub                     
2000d539  __subdf3                         
2000d543  __adddf3                         
2000d543  __aeabi_dadd                     
2000d6ef  UART2_writeTimeoutBlocking       
2000d863  I2C_init                         
2000d865  PowerCC32XX_sleepPolicy          
2000d9b5  Timer_open                       
2000dafd  GPIO_setConfig                   
2000dd75  I2C_transferTimeout              
2000de9b  PowerCC32XX_initPolicy           
2000de9d  aligned_alloc                    
2000de9d  memalign                         
2000dfbd  UART2_writeTimeoutNonblocking    
2000e0d7  uDMAChannelTransferSet           
2000e1e9  __aeabi_dmul                     
2000e1e9  __muldf3                         
2000e2e5  free                             
2000e3d5  I2C_open                         
2000e4bd  UART2_close                      
2000e5a5  UART2Support_dmaStartRx          
2000e671  IntDisable                       
2000e739  IntEnable                        
2000e8c5  UART2Support_dmaStartTx          
2000e97d  __udivmoddi4                     
2000ea2d  GPIOIntTypeSet                   
2000ead9  IntPendSet                       
2000eb7d  PinConfigSet                     
2000ecbb  I2CMasterInitExpClk              
2000ed53  SemaphoreP_destruct              
2000ed55  SemaphoreP_pend                  
2000eded  mainThread                       
2000ee85  CPUwfi                           
2000ee91  PowerCC32XX_enterLPDS            
2000eed5  PowerCC32XX_resumeLPDS           
2000ef27  uDMAChannelAttributeDisable      
2000efb9  GPIO_init                        
2000f049  PRCMSysResetCauseGet             
2000f0d7  Timer_init                       
2000f0d9  PowerCC32XX_configureWakeup      
2000f161  readTemp                         
2000f25d  Power_init                       
2000f2d5  HwiP_construct                   
2000f349  PRCMHibernateWakeUpGPIOSelect    
2000f3bd  UARTConfigSetExpClk              
2000f431  initI2C                          
2000f4a1  __TI_decompress_lzss             
2000f511  __aeabi_d2f                      
2000f511  __truncdfsf2                     
2000f57f  PinLockLevelSet                  
2000f5eb  __aeabi_ldiv0                    
2000f5ed  Power_setDependency              
2000f659  UDMACC32XX_open                  
2000f79d  PRCMPeripheralReset              
2000f807  _nop                             
2000f871  IntPendClear                     
2000f941  GPIO_write                       
2000f9a1  UART2Support_dmaStopTx           
2000fa01  FlashDisable                     
2000fa5d  I2CSupport_primeTransfer         
2000fab9  PRCMHibernateWakeupSourceDisable 
2000fb15  TimerCC32XX_allocateTimerResource
2000fb71  PRCMPeripheralClkEnable          
2000fbcb  clkFxn                           
2000fbcd  ClockP_startup                   
2000fc25  IntPrioritySet                   
2000fc7d  PRCMLPDSEnter                    
2000fcd5  PowerCC32XX_setParkState         
2000fd29  Power_releaseDependency          
2000fd7d  GPIO_hwiIntFxn                   
2000fdcd  PRCMHibernateWakeupSourceEnable  
2000fe1d  SemaphoreP_construct             
2000fe6d  uDMAChannelAssign                
2000febd  GPIO_setInterruptConfig          
2000ff09  PRCMLPDSRestoreInfoSet           
2000ffa1  UART2Support_dmaStopRx           
20010035  uDMAChannelSizeGet               
20010081  ClockP_sysTickHandler            
200100c9  PRCMIntEnable                    
20010111  PRCMPeripheralStatusGet          
20010159  PinConfigGet                     
200101a1  __aeabi_d2iz                     
200101a1  __fixdfsi                        
2001022f  PRCMLPDSEnterKeepDebugIf         
20010275  RingBuf_put                      
200102bb  GPIODirModeSet                   
20010301  GPIO_disableInt                  
20010345  GPIO_enableInt                   
20010389  Power_releaseConstraint          
200103cd  Timer_start                      
20010455  initTimer                        
20010499  snprintf                         
200104dd  updateLEDandUART                 
20010521  PinModeSet                       
20010563  TimerControlStall                
200105a5  Timer_close                      
20010629  SemaphoreP_post                  
20010669  Timer_stop                       
200106a9  atoi                             
200106e9  uDMAChannelControlSet            
20010729  PinDirModeSet                    
20010769  ClockP_stop                      
200107a5  UDMACC32XX_init                  
200107e1  TimerSupport_timerEnable         
2001081d  ClockP_destruct                  
20010855  Power_setConstraint              
2001088d  RingBuf_putAdvance               
200108c5  SwiP_restore                     
200108fd  UDMACC32XX_close                 
20010935  __aeabi_f2d                      
20010935  __extendsfdf2                    
2001096d  __TI_auto_init_nobinit_nopinit   
200109a5  PinLock                          
20010a11  UARTCharPutNonBlocking           
20010a49  ClockP_start                     
20010a7d  I2CFIFODataPutNonBlocking        
20010ab1  PinDirModeGet                    
20010ae5  PinModeGet                       
20010b19  PowerCC32XX_parkPin              
20010b4d  TimerCC32XX_freeTimerResource    
20010b81  UART2_rxDisable                  
20010bb5  initUART                         
20010be9  initVectors                      
20010c1d  ClockP_getTicksUntilInterrupt    
20010c4d  I2CFIFODataGetNonBlocking        
20010c7d  PRCMLPDSIntervalSet              
20010cad  PRCMSlowClkCtrFastGet            
20010cdd  TimerLoadSet                     
20010d0d  TimerPrescaleSet                 
20010d9d  GPIOIntStatus                    
20010dcb  RingBuf_getConsume               
20010df9  RingBuf_putPointer               
20010e27  UARTDisable                      
20010e55  __aeabi_i2d                      
20010e55  __floatsidf                      
20010e83  I2CMasterIntStatusEx             
20010edb  HwiP_create                      
20010f05  PRCMLPDSWakeUpGPIOSelect         
20010f2f  PRCMPeripheralClkDisable         
20010f59  UARTIntStatus                    
20010f83  I2CMasterBusBusy                 
20010fab  I2CMasterSlaveAddrSet            
20010fd3  I2CTxFIFOConfigSet               
20010ffb  I2C_cancel                       
20011023  List_remove                      
2001104b  PRCMSRAMRetentionEnable          
20011075  PowerCC32XX_getParkState         
2001109d  TimerSupport_timerDisable        
200110ed  I2CRxFIFOConfigSet               
20011111  IntUnregister                    
20011135  List_put                         
20011159  PRCMLPDSWakeupSourceEnable       
2001117d  PowerCC32XX_restoreParkState     
200111a1  PowerCC32XX_restoreParkedPin     
200111c5  Power_registerNotify             
200111e9  UART2Support_disableRx           
2001120d  checkButtons                     
20011231  readTemperature                  
20011255  _c_int00_noargs                  
20011279  GPIOPinWrite                     
2001129b  PinUnlock                        
200112bd  RingBuf_getPointer               
200112df  UART2Support_sendData            
20011301  IntRegister                      
20011321  PinTypeI2C                       
20011341  PowerCC32XX_reset                
20011361  Power_unregisterNotify           
20011381  SemaphoreP_constructBinary       
200113a1  SemaphoreP_createBinary          
200113c1  TimerDisable                     
200113e1  PinTypeUART                      
200113ff  UART2_writeTimeout               
2001141d  UARTEnable                       
2001143b  memccpy                          
20011459  uDMAChannelDisable               
20011477  uDMAChannelEnable                
20011495  uDMAChannelIsEnabled             
200114b5  GPIO_setCallback                 
200114d1  HwiP_dispatch                    
200114ed  SwiP_disable                     
20011541  resetISR                         
2001155d  GPIOIntDisable                   
20011577  PRCMHIBRegRead                   
20011591  PRCMHIBRegWrite                  
200115ab  PRCMLPDSWakeupSourceDisable      
200115c5  PinToPadGet                      
200115df  TimerEnable                      
200115f9  UARTFlowControlSet               
20011613  GPIOIntEnable                    
2001162b  SemaphoreP_create                
2001165b  Board_init                       
20011671  I2CMasterBurstLengthSet          
20011687  I2CMasterIntDisableEx            
2001169d  I2CRxFIFOFlush                   
200116b3  I2CTxFIFOFlush                   
200116c9  SysTickPeriodSet                 
200116df  TimerIntDisable                  
200116f5  UARTCharsAvail                   
2001170b  UARTDMADisable                   
20011721  UARTFIFOLevelSet                 
20011737  UARTIntDisable                   
2001174d  CPUcpsid                         
20011761  CPUcpsie                         
20011775  HwiP_destruct                    
20011789  I2CMasterIntEnableEx             
2001179d  IntVTableBaseSet                 
200117b1  Power_disablePolicy              
200117c5  Power_getTransitionLatency       
200117d9  Power_idleFunc                   
200117ed  TimerIntEnable                   
20011801  UARTDMAEnable                    
20011815  UARTIntEnable                    
20011829  __aeabi_uldivmod                 
2001183d  uDMAControlBaseSet               
20011851  uDMAIntClear                     
20011865  ClockP_add                       
20011877  GPIOIntClear                     
20011889  HwiP_Params_init                 
2001189b  HwiP_delete                      
200118ad  I2CMasterDisable                 
200118bf  I2CMasterEnable                  
200118d1  I2C_transfer                     
200118e3  SysTickEnable                    
200118f5  SysTickIntDisable                
20011907  SysTickIntEnable                 
2001192b  TI_memcpy_small                  
2001193d  ClockP_getCpuFreq                
2001194d  ClockP_getSystemTicks            
2001195d  ClockP_setTicks                  
2001196d  HwiP_inISR                       
2001197d  I2CMasterControl                 
2001198d  I2CMasterIntClearEx              
2001199d  I2CMasterTimeoutSet              
200119ad  Power_enablePolicy               
200119bd  RingBuf_construct                
200119cd  TimerIntClear                    
200119dd  Timer_Params_init                
200119ed  UART2Support_txDone              
200119fd  UARTBusy                         
20011a0d  UARTIntClear                     
20011a1d  UARTRxErrorGet                   
20011a2d  main                             
20011a3d  wcslen                           
20011a4d  __TI_zero_init                   
20011a5d  HwiP_interruptsEnabled           
20011a6b  I2CFIFOStatus                    
20011a79  UART2_write                      
20011a95  uDMAEnable                       
20011aa3  uDMAErrorStatusClear             
20011ab1  TI_memset_small                  
20011abf  __TI_decompress_none             
20011ad9  I2C_Params_init                  
20011afd  PRCMLPDSWakeupCauseGet           
20011b09  Power_getConstraintMask          
20011b21  UART2Support_disableTx           
20011b2d  UART2Support_enableTx            
20011b39  UART2_Params_init                
20011b45  gpioButtonFxn0                   
20011b51  gpioButtonFxn1                   
20011b69  timerCallback                    
20011b75  uDMAErrorStatusGet               
20011b81  CPUprimask                       
20011b8b  ClockP_isActive                  
20011b95  IntMasterDisable                 
20011b9f  IntMasterEnable                  
20011bbd  __aeabi_memset                   
20011bbd  __aeabi_memset4                  
20011bbd  __aeabi_memset8                  
20011bd1  HwiP_disable                     
20011bd9  HwiP_restore                     
20011be9  I2CSupport_controllerFinish      
20011bf1  PRCMSleepEnter                   
20011bf9  UtilsDelay                       
20011c01  __aeabi_errno_addr               
20011c09  __aeabi_memclr                   
20011c09  __aeabi_memclr4                  
20011c09  __aeabi_memclr8                  
20011c11  malloc                           
20011c19  I2CSupport_powerRelConstraint    
20011c1f  I2CSupport_powerSetConstraint    
20011c25  UART2Support_powerRelConstraint  
20011c2b  ClockP_doTick                    
20011c2f  HwiP_clearInterrupt              
20011c33  HwiP_disableInterrupt            
20011c37  HwiP_enable                      
20011c3b  HwiP_enableInterrupt             
20011c3f  HwiP_post                        
20011c47  NoRTOS_start                     
20011c4b  RingBuf_getCount                 
20011c4f  SemaphoreP_delete                
20011c55  __aeabi_memcpy                   
20011c55  __aeabi_memcpy4                  
20011c55  __aeabi_memcpy8                  
20011c59  _system_pre_init                 
20011c5c  C$$EXIT                          
20011c5d  abort                            
20011c60  __TI_static_base__               
20011d50  __TI_Handler_Table_Base          
20011d5c  __TI_Handler_Table_Limit         
20011d64  __TI_CINIT_Base                  
20011d74  __TI_CINIT_Limit                 
20011d74  __TI_CINIT_Warm                  
20012400  uart2CC32XXObjects0              
20012578  PowerCC32XX_contextSave          
200126a4  i2cCC32XXObjects                 
200127a0  gpioCallbackFunctions            
20012824  gpioUserArgs                     
200128a8  timerCC32XXObjects               
2001292c  output                           
200129c0  ClockP_ctrl                      
200129d0  udmaCC3220SObject                
200129e4  i2c                              
200129e8  timer0                           
200129ec  uart                             
20012cfc  PowerCC32XX_module               
20012e68  parkInfo                         
20012f60  gpioPinConfigs                   
20013030  TimerFlag                        
20013031  Button0Flag                      
20013032  Button1Flag                      
20013034  setpoint                         
20013038  heat                             
2001303c  seconds                          
20013040  temp                             
20013044  tasks                            
20013088  SemaphoreP_defaultParams         
2001309c  ClockP_tickPeriod                
200130a0  HwiP_swiPIntNum                  
200130a4  __aeabi_errno                    
200130a8  _lock                            
200130ac  _unlock                          
200130c0  __aeabi_ctype_table_             
200130c0  __aeabi_ctype_table_C            
200131c3  GPIO_pinUpperBound               
20013440  PowerCC32XX_config               
200134e4  UART2_defaultParams              
20013529  I2C_count                        
2001352a  Timer_count                      
2001352b  UART2_count                      
200135bc  i2cCC32XXHWAttrs                 
200135f4  GPIO_config                      
20013614  timerCC32XXHWAttrs               
2001363c  udmaCC3220SHWAttrs               
20013648  I2C_config                       
20013650  Timer_config                     
20013658  UART2_config                     
20013660  UDMACC32XX_config                
ffffffff  __TI_pprof_out_hndl              
ffffffff  __TI_prof_data_size              
ffffffff  __TI_prof_data_start             
ffffffff  __binit__                        
ffffffff  binit                            
UNDEFED   ITM_flush                        
UNDEFED   ITM_restore                      
UNDEFED   __mpu_init                       
UNDEFED   _system_post_cinit               

[379 symbols]
