<?xml version="1.0" encoding="ISO-8859-1" ?>
<link_info>
   <banner>TI ARM Clang Linker PC v3.2.2.LTS</banner>
   <copyright>Copyright (c) 1996-2018 Texas Instruments Incorporated</copyright>
   <link_time>0x66765cae</link_time>
   <link_errors>0x0</link_errors>
   <output_file>C:\Users\bruta\CS350\gpiointerrupt_CC3220S_LAUNCHXL_nortos_ticlang\Debug\gpiointerrupt_CC3220S_LAUNCHXL_nortos_ticlang.out</output_file>
   <entry_point>
      <name>resetISR</name>
      <address>0x20011541</address>
   </entry_point>
   <input_file_list>
      <input_file id="fl-1">
         <path>C:\Users\bruta\CS350\gpiointerrupt_CC3220S_LAUNCHXL_nortos_ticlang\Debug\.\</path>
         <kind>object</kind>
         <file>gpiointerrupt.o</file>
         <name>gpiointerrupt.o</name>
      </input_file>
      <input_file id="fl-2">
         <path>C:\Users\bruta\CS350\gpiointerrupt_CC3220S_LAUNCHXL_nortos_ticlang\Debug\.\syscfg\</path>
         <kind>object</kind>
         <file>ti_drivers_config.o</file>
         <name>ti_drivers_config.o</name>
      </input_file>
      <input_file id="fl-3">
         <path>C:\Users\bruta\CS350\gpiointerrupt_CC3220S_LAUNCHXL_nortos_ticlang\Debug\.\</path>
         <kind>object</kind>
         <file>main_nortos.o</file>
         <name>main_nortos.o</name>
      </input_file>
      <input_file id="fl-13">
         <path>C:\Users\bruta\CS350\gpiointerrupt_CC3220S_LAUNCHXL_nortos_ticlang\Debug\</path>
         <kind>object</kind>
         <file>&lt;internal&gt;</file>
         <name>&lt;internal&gt;</name>
      </input_file>
      <input_file id="fl-14">
         <path>C:\ti\simplelink_cc32xx_sdk_7_10_00_13\source\ti\drivers\lib\ticlang\m4\</path>
         <kind>archive</kind>
         <file>drivers_cc32xx.a</file>
         <name>GPIO.c.obj</name>
      </input_file>
      <input_file id="fl-15">
         <path>C:\ti\simplelink_cc32xx_sdk_7_10_00_13\source\ti\drivers\lib\ticlang\m4\</path>
         <kind>archive</kind>
         <file>drivers_cc32xx.a</file>
         <name>GPIOCC32XX.c.obj</name>
      </input_file>
      <input_file id="fl-16">
         <path>C:\ti\simplelink_cc32xx_sdk_7_10_00_13\source\ti\drivers\lib\ticlang\m4\</path>
         <kind>archive</kind>
         <file>drivers_cc32xx.a</file>
         <name>I2C.c.obj</name>
      </input_file>
      <input_file id="fl-17">
         <path>C:\ti\simplelink_cc32xx_sdk_7_10_00_13\source\ti\drivers\lib\ticlang\m4\</path>
         <kind>archive</kind>
         <file>drivers_cc32xx.a</file>
         <name>I2CCC32XX.c.obj</name>
      </input_file>
      <input_file id="fl-18">
         <path>C:\ti\simplelink_cc32xx_sdk_7_10_00_13\source\ti\drivers\lib\ticlang\m4\</path>
         <kind>archive</kind>
         <file>drivers_cc32xx.a</file>
         <name>PowerCC32XX.c.obj</name>
      </input_file>
      <input_file id="fl-19">
         <path>C:\ti\simplelink_cc32xx_sdk_7_10_00_13\source\ti\drivers\lib\ticlang\m4\</path>
         <kind>archive</kind>
         <file>drivers_cc32xx.a</file>
         <name>PowerCC32XX_ticlang.asm.obj</name>
      </input_file>
      <input_file id="fl-1a">
         <path>C:\ti\simplelink_cc32xx_sdk_7_10_00_13\source\ti\drivers\lib\ticlang\m4\</path>
         <kind>archive</kind>
         <file>drivers_cc32xx.a</file>
         <name>Timer.c.obj</name>
      </input_file>
      <input_file id="fl-1b">
         <path>C:\ti\simplelink_cc32xx_sdk_7_10_00_13\source\ti\drivers\lib\ticlang\m4\</path>
         <kind>archive</kind>
         <file>drivers_cc32xx.a</file>
         <name>TimerCC32XX.c.obj</name>
      </input_file>
      <input_file id="fl-1c">
         <path>C:\ti\simplelink_cc32xx_sdk_7_10_00_13\source\ti\drivers\lib\ticlang\m4\</path>
         <kind>archive</kind>
         <file>drivers_cc32xx.a</file>
         <name>UART2.c.obj</name>
      </input_file>
      <input_file id="fl-1d">
         <path>C:\ti\simplelink_cc32xx_sdk_7_10_00_13\source\ti\drivers\lib\ticlang\m4\</path>
         <kind>archive</kind>
         <file>drivers_cc32xx.a</file>
         <name>UART2CC32XX.c.obj</name>
      </input_file>
      <input_file id="fl-1e">
         <path>C:\ti\simplelink_cc32xx_sdk_7_10_00_13\source\ti\drivers\lib\ticlang\m4\</path>
         <kind>archive</kind>
         <file>drivers_cc32xx.a</file>
         <name>List.c.obj</name>
      </input_file>
      <input_file id="fl-1f">
         <path>C:\ti\simplelink_cc32xx_sdk_7_10_00_13\source\ti\drivers\lib\ticlang\m4\</path>
         <kind>archive</kind>
         <file>drivers_cc32xx.a</file>
         <name>RingBuf.c.obj</name>
      </input_file>
      <input_file id="fl-20">
         <path>C:\ti\simplelink_cc32xx_sdk_7_10_00_13\source\ti\drivers\lib\ticlang\m4\</path>
         <kind>archive</kind>
         <file>drivers_cc32xx.a</file>
         <name>UDMACC32XX.c.obj</name>
      </input_file>
      <input_file id="fl-21">
         <path>C:\ti\simplelink_cc32xx_sdk_7_10_00_13\kernel\nortos\lib\ticlang\m4\</path>
         <kind>archive</kind>
         <file>nortos_cc32xx.a</file>
         <name>NoRTOS.c.obj</name>
      </input_file>
      <input_file id="fl-22">
         <path>C:\ti\simplelink_cc32xx_sdk_7_10_00_13\kernel\nortos\lib\ticlang\m4\</path>
         <kind>archive</kind>
         <file>nortos_cc32xx.a</file>
         <name>SemaphoreP_nortos.c.obj</name>
      </input_file>
      <input_file id="fl-23">
         <path>C:\ti\simplelink_cc32xx_sdk_7_10_00_13\kernel\nortos\lib\ticlang\m4\</path>
         <kind>archive</kind>
         <file>nortos_cc32xx.a</file>
         <name>ClockPSysTick_nortos.c.obj</name>
      </input_file>
      <input_file id="fl-24">
         <path>C:\ti\simplelink_cc32xx_sdk_7_10_00_13\kernel\nortos\lib\ticlang\m4\</path>
         <kind>archive</kind>
         <file>nortos_cc32xx.a</file>
         <name>HwiPCC32XX_nortos.c.obj</name>
      </input_file>
      <input_file id="fl-25">
         <path>C:\ti\simplelink_cc32xx_sdk_7_10_00_13\kernel\nortos\lib\ticlang\m4\</path>
         <kind>archive</kind>
         <file>nortos_cc32xx.a</file>
         <name>PowerCC32XX_nortos.c.obj</name>
      </input_file>
      <input_file id="fl-26">
         <path>C:\ti\simplelink_cc32xx_sdk_7_10_00_13\kernel\nortos\lib\ticlang\m4\</path>
         <kind>archive</kind>
         <file>nortos_cc32xx.a</file>
         <name>startup_cc32xx_ticlang.c.obj</name>
      </input_file>
      <input_file id="fl-27">
         <path>C:\ti\simplelink_cc32xx_sdk_7_10_00_13\kernel\nortos\lib\ticlang\m4\</path>
         <kind>archive</kind>
         <file>nortos_cc32xx.a</file>
         <name>SwiP_nortos.c.obj</name>
      </input_file>
      <input_file id="fl-28">
         <path>C:\ti\simplelink_cc32xx_sdk_7_10_00_13\source\ti\devices\cc32xx\driverlib\ticlang\Release\</path>
         <kind>archive</kind>
         <file>driverlib.a</file>
         <name>cpu.obj</name>
      </input_file>
      <input_file id="fl-29">
         <path>C:\ti\simplelink_cc32xx_sdk_7_10_00_13\source\ti\devices\cc32xx\driverlib\ticlang\Release\</path>
         <kind>archive</kind>
         <file>driverlib.a</file>
         <name>gpio.obj</name>
      </input_file>
      <input_file id="fl-2a">
         <path>C:\ti\simplelink_cc32xx_sdk_7_10_00_13\source\ti\devices\cc32xx\driverlib\ticlang\Release\</path>
         <kind>archive</kind>
         <file>driverlib.a</file>
         <name>hwspinlock.obj</name>
      </input_file>
      <input_file id="fl-2b">
         <path>C:\ti\simplelink_cc32xx_sdk_7_10_00_13\source\ti\devices\cc32xx\driverlib\ticlang\Release\</path>
         <kind>archive</kind>
         <file>driverlib.a</file>
         <name>i2c.obj</name>
      </input_file>
      <input_file id="fl-2c">
         <path>C:\ti\simplelink_cc32xx_sdk_7_10_00_13\source\ti\devices\cc32xx\driverlib\ticlang\Release\</path>
         <kind>archive</kind>
         <file>driverlib.a</file>
         <name>interrupt.obj</name>
      </input_file>
      <input_file id="fl-2d">
         <path>C:\ti\simplelink_cc32xx_sdk_7_10_00_13\source\ti\devices\cc32xx\driverlib\ticlang\Release\</path>
         <kind>archive</kind>
         <file>driverlib.a</file>
         <name>pin.obj</name>
      </input_file>
      <input_file id="fl-2e">
         <path>C:\ti\simplelink_cc32xx_sdk_7_10_00_13\source\ti\devices\cc32xx\driverlib\ticlang\Release\</path>
         <kind>archive</kind>
         <file>driverlib.a</file>
         <name>prcm.obj</name>
      </input_file>
      <input_file id="fl-2f">
         <path>C:\ti\simplelink_cc32xx_sdk_7_10_00_13\source\ti\devices\cc32xx\driverlib\ticlang\Release\</path>
         <kind>archive</kind>
         <file>driverlib.a</file>
         <name>spi.obj</name>
      </input_file>
      <input_file id="fl-30">
         <path>C:\ti\simplelink_cc32xx_sdk_7_10_00_13\source\ti\devices\cc32xx\driverlib\ticlang\Release\</path>
         <kind>archive</kind>
         <file>driverlib.a</file>
         <name>systick.obj</name>
      </input_file>
      <input_file id="fl-31">
         <path>C:\ti\simplelink_cc32xx_sdk_7_10_00_13\source\ti\devices\cc32xx\driverlib\ticlang\Release\</path>
         <kind>archive</kind>
         <file>driverlib.a</file>
         <name>timer.obj</name>
      </input_file>
      <input_file id="fl-32">
         <path>C:\ti\simplelink_cc32xx_sdk_7_10_00_13\source\ti\devices\cc32xx\driverlib\ticlang\Release\</path>
         <kind>archive</kind>
         <file>driverlib.a</file>
         <name>uart.obj</name>
      </input_file>
      <input_file id="fl-33">
         <path>C:\ti\simplelink_cc32xx_sdk_7_10_00_13\source\ti\devices\cc32xx\driverlib\ticlang\Release\</path>
         <kind>archive</kind>
         <file>driverlib.a</file>
         <name>udma.obj</name>
      </input_file>
      <input_file id="fl-34">
         <path>C:\ti\simplelink_cc32xx_sdk_7_10_00_13\source\ti\devices\cc32xx\driverlib\ticlang\Release\</path>
         <kind>archive</kind>
         <file>driverlib.a</file>
         <name>utils.obj</name>
      </input_file>
      <input_file id="fl-35">
         <path>C:\ti\simplelink_cc32xx_sdk_7_10_00_13\source\ti\devices\cc32xx\driverlib\ticlang\Release\</path>
         <kind>archive</kind>
         <file>driverlib.a</file>
         <name>flash.obj</name>
      </input_file>
      <input_file id="fl-44">
         <path>C:\ti\ccs1270\ccs\tools\compiler\ti-cgt-armllvm_3.2.2.LTS\lib\armv7em-ti-none-eabi\c\</path>
         <kind>archive</kind>
         <file>libc.a</file>
         <name>snprintf.c.obj</name>
      </input_file>
      <input_file id="fl-45">
         <path>C:\ti\ccs1270\ccs\tools\compiler\ti-cgt-armllvm_3.2.2.LTS\lib\armv7em-ti-none-eabi\c\</path>
         <kind>archive</kind>
         <file>libc.a</file>
         <name>memory.c.obj</name>
      </input_file>
      <input_file id="fl-46">
         <path>C:\ti\ccs1270\ccs\tools\compiler\ti-cgt-armllvm_3.2.2.LTS\lib\armv7em-ti-none-eabi\c\</path>
         <kind>archive</kind>
         <file>libc.a</file>
         <name>boot_cortex_m.c.obj</name>
      </input_file>
      <input_file id="fl-47">
         <path>C:\ti\ccs1270\ccs\tools\compiler\ti-cgt-armllvm_3.2.2.LTS\lib\armv7em-ti-none-eabi\c\</path>
         <kind>archive</kind>
         <file>libc.a</file>
         <name>mathacl_init.c.obj</name>
      </input_file>
      <input_file id="fl-48">
         <path>C:\ti\ccs1270\ccs\tools\compiler\ti-cgt-armllvm_3.2.2.LTS\lib\armv7em-ti-none-eabi\c\</path>
         <kind>archive</kind>
         <file>libc.a</file>
         <name>autoinit.c.obj</name>
      </input_file>
      <input_file id="fl-49">
         <path>C:\ti\ccs1270\ccs\tools\compiler\ti-cgt-armllvm_3.2.2.LTS\lib\armv7em-ti-none-eabi\c\</path>
         <kind>archive</kind>
         <file>libc.a</file>
         <name>pre_init.c.obj</name>
      </input_file>
      <input_file id="fl-4a">
         <path>C:\ti\ccs1270\ccs\tools\compiler\ti-cgt-armllvm_3.2.2.LTS\lib\armv7em-ti-none-eabi\c\</path>
         <kind>archive</kind>
         <file>libc.a</file>
         <name>cpy_tbl.c.obj</name>
      </input_file>
      <input_file id="fl-4b">
         <path>C:\ti\ccs1270\ccs\tools\compiler\ti-cgt-armllvm_3.2.2.LTS\lib\armv7em-ti-none-eabi\c\</path>
         <kind>archive</kind>
         <file>libc.a</file>
         <name>copy_zero_init.c.obj</name>
      </input_file>
      <input_file id="fl-4c">
         <path>C:\ti\ccs1270\ccs\tools\compiler\ti-cgt-armllvm_3.2.2.LTS\lib\armv7em-ti-none-eabi\c\</path>
         <kind>archive</kind>
         <file>libc.a</file>
         <name>copy_decompress_none.c.obj</name>
      </input_file>
      <input_file id="fl-4d">
         <path>C:\ti\ccs1270\ccs\tools\compiler\ti-cgt-armllvm_3.2.2.LTS\lib\armv7em-ti-none-eabi\c\</path>
         <kind>archive</kind>
         <file>libc.a</file>
         <name>copy_decompress_lzss.c.obj</name>
      </input_file>
      <input_file id="fl-4e">
         <path>C:\ti\ccs1270\ccs\tools\compiler\ti-cgt-armllvm_3.2.2.LTS\lib\armv7em-ti-none-eabi\c\</path>
         <kind>archive</kind>
         <file>libc.a</file>
         <name>_printfi.c.obj</name>
      </input_file>
      <input_file id="fl-4f">
         <path>C:\ti\ccs1270\ccs\tools\compiler\ti-cgt-armllvm_3.2.2.LTS\lib\armv7em-ti-none-eabi\c\</path>
         <kind>archive</kind>
         <file>libc.a</file>
         <name>s_frexp.c.obj</name>
      </input_file>
      <input_file id="fl-50">
         <path>C:\ti\ccs1270\ccs\tools\compiler\ti-cgt-armllvm_3.2.2.LTS\lib\armv7em-ti-none-eabi\c\</path>
         <kind>archive</kind>
         <file>libc.a</file>
         <name>s_scalbn.c.obj</name>
      </input_file>
      <input_file id="fl-51">
         <path>C:\ti\ccs1270\ccs\tools\compiler\ti-cgt-armllvm_3.2.2.LTS\lib\armv7em-ti-none-eabi\c\</path>
         <kind>archive</kind>
         <file>libc.a</file>
         <name>aeabi_portable.c.obj</name>
      </input_file>
      <input_file id="fl-52">
         <path>C:\ti\ccs1270\ccs\tools\compiler\ti-cgt-armllvm_3.2.2.LTS\lib\armv7em-ti-none-eabi\c\</path>
         <kind>archive</kind>
         <file>libc.a</file>
         <name>exit.c.obj</name>
      </input_file>
      <input_file id="fl-53">
         <path>C:\ti\ccs1270\ccs\tools\compiler\ti-cgt-armllvm_3.2.2.LTS\lib\armv7em-ti-none-eabi\c\</path>
         <kind>archive</kind>
         <file>libc.a</file>
         <name>_lock.c.obj</name>
      </input_file>
      <input_file id="fl-54">
         <path>C:\ti\ccs1270\ccs\tools\compiler\ti-cgt-armllvm_3.2.2.LTS\lib\armv7em-ti-none-eabi\c\</path>
         <kind>archive</kind>
         <file>libc.a</file>
         <name>_ltoa.c.obj</name>
      </input_file>
      <input_file id="fl-55">
         <path>C:\ti\ccs1270\ccs\tools\compiler\ti-cgt-armllvm_3.2.2.LTS\lib\armv7em-ti-none-eabi\c\</path>
         <kind>archive</kind>
         <file>libc.a</file>
         <name>args_main.c.obj</name>
      </input_file>
      <input_file id="fl-56">
         <path>C:\ti\ccs1270\ccs\tools\compiler\ti-cgt-armllvm_3.2.2.LTS\lib\armv7em-ti-none-eabi\c\</path>
         <kind>archive</kind>
         <file>libc.a</file>
         <name>assert.c.obj</name>
      </input_file>
      <input_file id="fl-57">
         <path>C:\ti\ccs1270\ccs\tools\compiler\ti-cgt-armllvm_3.2.2.LTS\lib\armv7em-ti-none-eabi\c\</path>
         <kind>archive</kind>
         <file>libc.a</file>
         <name>atoi.c.obj</name>
      </input_file>
      <input_file id="fl-58">
         <path>C:\ti\ccs1270\ccs\tools\compiler\ti-cgt-armllvm_3.2.2.LTS\lib\armv7em-ti-none-eabi\c\</path>
         <kind>archive</kind>
         <file>libc.a</file>
         <name>defs.c.obj</name>
      </input_file>
      <input_file id="fl-59">
         <path>C:\ti\ccs1270\ccs\tools\compiler\ti-cgt-armllvm_3.2.2.LTS\lib\armv7em-ti-none-eabi\c\</path>
         <kind>archive</kind>
         <file>libc.a</file>
         <name>memccpy.c.obj</name>
      </input_file>
      <input_file id="fl-5a">
         <path>C:\ti\ccs1270\ccs\tools\compiler\ti-cgt-armllvm_3.2.2.LTS\lib\armv7em-ti-none-eabi\c\</path>
         <kind>archive</kind>
         <file>libc.a</file>
         <name>wcslen.c.obj</name>
      </input_file>
      <input_file id="fl-5b">
         <path>C:\ti\ccs1270\ccs\tools\compiler\ti-cgt-armllvm_3.2.2.LTS\lib\armv7em-ti-none-eabi\c\</path>
         <kind>archive</kind>
         <file>libc.a</file>
         <name>sprintf.c.obj</name>
      </input_file>
      <input_file id="fl-5c">
         <path>C:\ti\ccs1270\ccs\tools\compiler\ti-cgt-armllvm_3.2.2.LTS\lib\armv7em-ti-none-eabi\c\</path>
         <kind>archive</kind>
         <file>libc.a</file>
         <name>fflush.c.obj</name>
      </input_file>
      <input_file id="fl-5d">
         <path>C:\ti\ccs1270\ccs\tools\compiler\ti-cgt-armllvm_3.2.2.LTS\lib\armv7em-ti-none-eabi\c\</path>
         <kind>archive</kind>
         <file>libc.a</file>
         <name>fputs.c.obj</name>
      </input_file>
      <input_file id="fl-5e">
         <path>C:\ti\ccs1270\ccs\tools\compiler\ti-cgt-armllvm_3.2.2.LTS\lib\armv7em-ti-none-eabi\c\</path>
         <kind>archive</kind>
         <file>libc.a</file>
         <name>_io_perm.c.obj</name>
      </input_file>
      <input_file id="fl-5f">
         <path>C:\ti\ccs1270\ccs\tools\compiler\ti-cgt-armllvm_3.2.2.LTS\lib\armv7em-ti-none-eabi\c\</path>
         <kind>archive</kind>
         <file>libc.a</file>
         <name>setvbuf.c.obj</name>
      </input_file>
      <input_file id="fl-60">
         <path>C:\ti\ccs1270\ccs\tools\compiler\ti-cgt-armllvm_3.2.2.LTS\lib\armv7em-ti-none-eabi\c\</path>
         <kind>archive</kind>
         <file>libc.a</file>
         <name>aeabi_ctype.S.obj</name>
      </input_file>
      <input_file id="fl-61">
         <path>C:\ti\ccs1270\ccs\tools\compiler\ti-cgt-armllvm_3.2.2.LTS\lib\armv7em-ti-none-eabi\c\</path>
         <kind>archive</kind>
         <file>libc.a</file>
         <name>fopen.c.obj</name>
      </input_file>
      <input_file id="fl-62">
         <path>C:\ti\ccs1270\ccs\tools\compiler\ti-cgt-armllvm_3.2.2.LTS\lib\armv7em-ti-none-eabi\c\</path>
         <kind>archive</kind>
         <file>libc.a</file>
         <name>fseek.c.obj</name>
      </input_file>
      <input_file id="fl-63">
         <path>C:\ti\ccs1270\ccs\tools\compiler\ti-cgt-armllvm_3.2.2.LTS\lib\armv7em-ti-none-eabi\c\</path>
         <kind>archive</kind>
         <file>libc.a</file>
         <name>fclose.c.obj</name>
      </input_file>
      <input_file id="fl-c9">
         <path>C:\ti\ccs1270\ccs\tools\compiler\ti-cgt-armllvm_3.2.2.LTS\lib\armv7em-ti-none-eabi\c\</path>
         <kind>archive</kind>
         <file>libsysbm.a</file>
         <name>write.c.obj</name>
      </input_file>
      <input_file id="fl-ca">
         <path>C:\ti\ccs1270\ccs\tools\compiler\ti-cgt-armllvm_3.2.2.LTS\lib\armv7em-ti-none-eabi\c\</path>
         <kind>archive</kind>
         <file>libsysbm.a</file>
         <name>host_device.c.obj</name>
      </input_file>
      <input_file id="fl-cb">
         <path>C:\ti\ccs1270\ccs\tools\compiler\ti-cgt-armllvm_3.2.2.LTS\lib\armv7em-ti-none-eabi\c\</path>
         <kind>archive</kind>
         <file>libsysbm.a</file>
         <name>remove.c.obj</name>
      </input_file>
      <input_file id="fl-cc">
         <path>C:\ti\ccs1270\ccs\tools\compiler\ti-cgt-armllvm_3.2.2.LTS\lib\armv7em-ti-none-eabi\c\</path>
         <kind>archive</kind>
         <file>libsysbm.a</file>
         <name>open.c.obj</name>
      </input_file>
      <input_file id="fl-cd">
         <path>C:\ti\ccs1270\ccs\tools\compiler\ti-cgt-armllvm_3.2.2.LTS\lib\armv7em-ti-none-eabi\c\</path>
         <kind>archive</kind>
         <file>libsysbm.a</file>
         <name>lseek.c.obj</name>
      </input_file>
      <input_file id="fl-ce">
         <path>C:\ti\ccs1270\ccs\tools\compiler\ti-cgt-armllvm_3.2.2.LTS\lib\armv7em-ti-none-eabi\c\</path>
         <kind>archive</kind>
         <file>libsysbm.a</file>
         <name>close.c.obj</name>
      </input_file>
      <input_file id="fl-cf">
         <path>C:\ti\ccs1270\ccs\tools\compiler\ti-cgt-armllvm_3.2.2.LTS\lib\armv7em-ti-none-eabi\c\</path>
         <kind>archive</kind>
         <file>libsysbm.a</file>
         <name>unlink.c.obj</name>
      </input_file>
      <input_file id="fl-d0">
         <path>C:\ti\ccs1270\ccs\tools\compiler\ti-cgt-armllvm_3.2.2.LTS\lib\armv7em-ti-none-eabi\c\</path>
         <kind>archive</kind>
         <file>libsysbm.a</file>
         <name>hostclose.c.obj</name>
      </input_file>
      <input_file id="fl-d1">
         <path>C:\ti\ccs1270\ccs\tools\compiler\ti-cgt-armllvm_3.2.2.LTS\lib\armv7em-ti-none-eabi\c\</path>
         <kind>archive</kind>
         <file>libsysbm.a</file>
         <name>hostlseek.c.obj</name>
      </input_file>
      <input_file id="fl-d2">
         <path>C:\ti\ccs1270\ccs\tools\compiler\ti-cgt-armllvm_3.2.2.LTS\lib\armv7em-ti-none-eabi\c\</path>
         <kind>archive</kind>
         <file>libsysbm.a</file>
         <name>hostopen.c.obj</name>
      </input_file>
      <input_file id="fl-d3">
         <path>C:\ti\ccs1270\ccs\tools\compiler\ti-cgt-armllvm_3.2.2.LTS\lib\armv7em-ti-none-eabi\c\</path>
         <kind>archive</kind>
         <file>libsysbm.a</file>
         <name>hostread.c.obj</name>
      </input_file>
      <input_file id="fl-d4">
         <path>C:\ti\ccs1270\ccs\tools\compiler\ti-cgt-armllvm_3.2.2.LTS\lib\armv7em-ti-none-eabi\c\</path>
         <kind>archive</kind>
         <file>libsysbm.a</file>
         <name>hostrename.c.obj</name>
      </input_file>
      <input_file id="fl-d5">
         <path>C:\ti\ccs1270\ccs\tools\compiler\ti-cgt-armllvm_3.2.2.LTS\lib\armv7em-ti-none-eabi\c\</path>
         <kind>archive</kind>
         <file>libsysbm.a</file>
         <name>hostunlink.c.obj</name>
      </input_file>
      <input_file id="fl-d6">
         <path>C:\ti\ccs1270\ccs\tools\compiler\ti-cgt-armllvm_3.2.2.LTS\lib\armv7em-ti-none-eabi\c\</path>
         <kind>archive</kind>
         <file>libsysbm.a</file>
         <name>hostwrite.c.obj</name>
      </input_file>
      <input_file id="fl-d7">
         <path>C:\ti\ccs1270\ccs\tools\compiler\ti-cgt-armllvm_3.2.2.LTS\lib\armv7em-ti-none-eabi\c\</path>
         <kind>archive</kind>
         <file>libsysbm.a</file>
         <name>trgmsg.c.obj</name>
      </input_file>
      <input_file id="fl-d8">
         <path>C:\ti\ccs1270\ccs\tools\compiler\ti-cgt-armllvm_3.2.2.LTS\lib\clang\15.0.7\lib\armv7em-ti-none-eabi\</path>
         <kind>archive</kind>
         <file>libclang_rt.builtins.a</file>
         <name>adddf3.S.obj</name>
      </input_file>
      <input_file id="fl-d9">
         <path>C:\ti\ccs1270\ccs\tools\compiler\ti-cgt-armllvm_3.2.2.LTS\lib\clang\15.0.7\lib\armv7em-ti-none-eabi\</path>
         <kind>archive</kind>
         <file>libclang_rt.builtins.a</file>
         <name>muldf3.S.obj</name>
      </input_file>
      <input_file id="fl-da">
         <path>C:\ti\ccs1270\ccs\tools\compiler\ti-cgt-armllvm_3.2.2.LTS\lib\clang\15.0.7\lib\armv7em-ti-none-eabi\</path>
         <kind>archive</kind>
         <file>libclang_rt.builtins.a</file>
         <name>divdf3.S.obj</name>
      </input_file>
      <input_file id="fl-db">
         <path>C:\ti\ccs1270\ccs\tools\compiler\ti-cgt-armllvm_3.2.2.LTS\lib\clang\15.0.7\lib\armv7em-ti-none-eabi\</path>
         <kind>archive</kind>
         <file>libclang_rt.builtins.a</file>
         <name>extendsfdf2.S.obj</name>
      </input_file>
      <input_file id="fl-dc">
         <path>C:\ti\ccs1270\ccs\tools\compiler\ti-cgt-armllvm_3.2.2.LTS\lib\clang\15.0.7\lib\armv7em-ti-none-eabi\</path>
         <kind>archive</kind>
         <file>libclang_rt.builtins.a</file>
         <name>fixdfsi.S.obj</name>
      </input_file>
      <input_file id="fl-dd">
         <path>C:\ti\ccs1270\ccs\tools\compiler\ti-cgt-armllvm_3.2.2.LTS\lib\clang\15.0.7\lib\armv7em-ti-none-eabi\</path>
         <kind>archive</kind>
         <file>libclang_rt.builtins.a</file>
         <name>floatsidf.S.obj</name>
      </input_file>
      <input_file id="fl-de">
         <path>C:\ti\ccs1270\ccs\tools\compiler\ti-cgt-armllvm_3.2.2.LTS\lib\clang\15.0.7\lib\armv7em-ti-none-eabi\</path>
         <kind>archive</kind>
         <file>libclang_rt.builtins.a</file>
         <name>truncdfsf2.S.obj</name>
      </input_file>
      <input_file id="fl-df">
         <path>C:\ti\ccs1270\ccs\tools\compiler\ti-cgt-armllvm_3.2.2.LTS\lib\clang\15.0.7\lib\armv7em-ti-none-eabi\</path>
         <kind>archive</kind>
         <file>libclang_rt.builtins.a</file>
         <name>aeabi_dcmp.S.obj</name>
      </input_file>
      <input_file id="fl-e0">
         <path>C:\ti\ccs1270\ccs\tools\compiler\ti-cgt-armllvm_3.2.2.LTS\lib\clang\15.0.7\lib\armv7em-ti-none-eabi\</path>
         <kind>archive</kind>
         <file>libclang_rt.builtins.a</file>
         <name>aeabi_memcpy.S.obj</name>
      </input_file>
      <input_file id="fl-e1">
         <path>C:\ti\ccs1270\ccs\tools\compiler\ti-cgt-armllvm_3.2.2.LTS\lib\clang\15.0.7\lib\armv7em-ti-none-eabi\</path>
         <kind>archive</kind>
         <file>libclang_rt.builtins.a</file>
         <name>aeabi_memset.S.obj</name>
      </input_file>
      <input_file id="fl-e2">
         <path>C:\ti\ccs1270\ccs\tools\compiler\ti-cgt-armllvm_3.2.2.LTS\lib\clang\15.0.7\lib\armv7em-ti-none-eabi\</path>
         <kind>archive</kind>
         <file>libclang_rt.builtins.a</file>
         <name>aeabi_uldivmod.S.obj</name>
      </input_file>
      <input_file id="fl-e3">
         <path>C:\ti\ccs1270\ccs\tools\compiler\ti-cgt-armllvm_3.2.2.LTS\lib\clang\15.0.7\lib\armv7em-ti-none-eabi\</path>
         <kind>archive</kind>
         <file>libclang_rt.builtins.a</file>
         <name>udivmoddi4.S.obj</name>
      </input_file>
      <input_file id="fl-e4">
         <path>C:\ti\ccs1270\ccs\tools\compiler\ti-cgt-armllvm_3.2.2.LTS\lib\clang\15.0.7\lib\armv7em-ti-none-eabi\</path>
         <kind>archive</kind>
         <file>libclang_rt.builtins.a</file>
         <name>comparedf2.c.obj</name>
      </input_file>
      <input_file id="fl-e5">
         <path>C:\ti\ccs1270\ccs\tools\compiler\ti-cgt-armllvm_3.2.2.LTS\lib\clang\15.0.7\lib\armv7em-ti-none-eabi\</path>
         <kind>archive</kind>
         <file>libclang_rt.builtins.a</file>
         <name>aeabi_div0.c.obj</name>
      </input_file>
      <input_file id="fl-e6">
         <path>C:\ti\ccs1270\ccs\tools\compiler\ti-cgt-armllvm_3.2.2.LTS\lib\armv7em-ti-none-eabi\c\</path>
         <kind>archive</kind>
         <file>libc.a</file>
         <name>getdevice.c.obj</name>
      </input_file>
      <input_file id="fl-e7">
         <path>C:\ti\ccs1270\ccs\tools\compiler\ti-cgt-armllvm_3.2.2.LTS\lib\armv7em-ti-none-eabi\c\</path>
         <kind>archive</kind>
         <file>libc.a</file>
         <name>strcmp_t2.S.obj</name>
      </input_file>
      <input_file id="fl-e8">
         <path>C:\ti\ccs1270\ccs\tools\compiler\ti-cgt-armllvm_3.2.2.LTS\lib\armv7em-ti-none-eabi\c\</path>
         <kind>archive</kind>
         <file>libc.a</file>
         <name>memcpy_t2.S.obj</name>
      </input_file>
      <input_file id="fl-e9">
         <path>C:\ti\ccs1270\ccs\tools\compiler\ti-cgt-armllvm_3.2.2.LTS\lib\armv7em-ti-none-eabi\c\</path>
         <kind>archive</kind>
         <file>libc.a</file>
         <name>memset_t2.S.obj</name>
      </input_file>
   </input_file_list>
   <object_component_list>
      <object_component id="oc-30d">
         <name>.text:__TI_printfi_nofloat</name>
         <load_address>0x2000c040</load_address>
         <readonly>true</readonly>
         <executable>true</executable>
         <run_address>0x2000c040</run_address>
         <size>0x86c</size>
         <alignment>0x4</alignment>
         <input_file_ref idref="fl-4e"/>
      </object_component>
      <object_component id="oc-d2">
         <name>.text.PRCMCC3200MCUInit</name>
         <load_address>0x2000c8ac</load_address>
         <readonly>true</readonly>
         <executable>true</executable>
         <run_address>0x2000c8ac</run_address>
         <size>0x4b8</size>
         <alignment>0x2</alignment>
         <input_file_ref idref="fl-2e"/>
      </object_component>
      <object_component id="oc-21f">
         <name>.text.Power_sleep</name>
         <load_address>0x2000cd64</load_address>
         <readonly>true</readonly>
         <executable>true</executable>
         <run_address>0x2000cd64</run_address>
         <size>0x3e4</size>
         <alignment>0x4</alignment>
         <input_file_ref idref="fl-18"/>
      </object_component>
      <object_component id="oc-1cd">
         <name>.text.UART2CC32XX_hwiIntFxn</name>
         <load_address>0x2000d148</load_address>
         <readonly>true</readonly>
         <executable>true</executable>
         <run_address>0x2000d148</run_address>
         <size>0x222</size>
         <alignment>0x2</alignment>
         <input_file_ref idref="fl-1d"/>
      </object_component>
      <object_component id="oc-e2">
         <name>.text.Board_initHook</name>
         <load_address>0x2000d36a</load_address>
         <readonly>true</readonly>
         <executable>true</executable>
         <run_address>0x2000d36a</run_address>
         <size>0x2</size>
         <alignment>0x2</alignment>
         <input_file_ref idref="fl-2"/>
      </object_component>
      <object_component id="oc-13c">
         <name>.text.UART2_open</name>
         <load_address>0x2000d36c</load_address>
         <readonly>true</readonly>
         <executable>true</executable>
         <run_address>0x2000d36c</run_address>
         <size>0x1cc</size>
         <alignment>0x4</alignment>
         <input_file_ref idref="fl-1d"/>
      </object_component>
      <object_component id="oc-2aa">
         <name>.text.adddf3_subdf3</name>
         <load_address>0x2000d538</load_address>
         <readonly>true</readonly>
         <executable>true</executable>
         <run_address>0x2000d538</run_address>
         <size>0x1b6</size>
         <alignment>0x4</alignment>
         <input_file_ref idref="fl-d8"/>
      </object_component>
      <object_component id="oc-310">
         <name>.text.UART2_writeTimeoutBlocking</name>
         <load_address>0x2000d6ee</load_address>
         <readonly>true</readonly>
         <executable>true</executable>
         <run_address>0x2000d6ee</run_address>
         <size>0x174</size>
         <alignment>0x2</alignment>
         <input_file_ref idref="fl-1c"/>
      </object_component>
      <object_component id="oc-143">
         <name>.text.I2C_init</name>
         <load_address>0x2000d862</load_address>
         <readonly>true</readonly>
         <executable>true</executable>
         <run_address>0x2000d862</run_address>
         <size>0x2</size>
         <alignment>0x2</alignment>
         <input_file_ref idref="fl-16"/>
      </object_component>
      <object_component id="oc-193">
         <name>.text.PowerCC32XX_sleepPolicy</name>
         <load_address>0x2000d864</load_address>
         <readonly>true</readonly>
         <executable>true</executable>
         <run_address>0x2000d864</run_address>
         <size>0x150</size>
         <alignment>0x4</alignment>
         <input_file_ref idref="fl-25"/>
      </object_component>
      <object_component id="oc-15a">
         <name>.text.Timer_open</name>
         <load_address>0x2000d9b4</load_address>
         <readonly>true</readonly>
         <executable>true</executable>
         <run_address>0x2000d9b4</run_address>
         <size>0x148</size>
         <alignment>0x4</alignment>
         <input_file_ref idref="fl-1b"/>
      </object_component>
      <object_component id="oc-f6">
         <name>.text.GPIO_setConfig</name>
         <load_address>0x2000dafc</load_address>
         <readonly>true</readonly>
         <executable>true</executable>
         <run_address>0x2000dafc</run_address>
         <size>0x140</size>
         <alignment>0x4</alignment>
         <input_file_ref idref="fl-15"/>
      </object_component>
      <object_component id="oc-1dd">
         <name>.text.I2CCC32XX_hwiFxn</name>
         <load_address>0x2000dc3c</load_address>
         <readonly>true</readonly>
         <executable>true</executable>
         <run_address>0x2000dc3c</run_address>
         <size>0x138</size>
         <alignment>0x2</alignment>
         <input_file_ref idref="fl-17"/>
      </object_component>
      <object_component id="oc-1e1">
         <name>.text.I2C_transferTimeout</name>
         <load_address>0x2000dd74</load_address>
         <readonly>true</readonly>
         <executable>true</executable>
         <run_address>0x2000dd74</run_address>
         <size>0x126</size>
         <alignment>0x2</alignment>
         <input_file_ref idref="fl-16"/>
      </object_component>
      <object_component id="oc-18e">
         <name>.text.PowerCC32XX_initPolicy</name>
         <load_address>0x2000de9a</load_address>
         <readonly>true</readonly>
         <executable>true</executable>
         <run_address>0x2000de9a</run_address>
         <size>0x2</size>
         <alignment>0x2</alignment>
         <input_file_ref idref="fl-25"/>
      </object_component>
      <object_component id="oc-298">
         <name>.text.aligned_alloc</name>
         <load_address>0x2000de9c</load_address>
         <readonly>true</readonly>
         <executable>true</executable>
         <run_address>0x2000de9c</run_address>
         <size>0x120</size>
         <alignment>0x4</alignment>
         <input_file_ref idref="fl-45"/>
      </object_component>
      <object_component id="oc-30f">
         <name>.text.UART2_writeTimeoutNonblocking</name>
         <load_address>0x2000dfbc</load_address>
         <readonly>true</readonly>
         <executable>true</executable>
         <run_address>0x2000dfbc</run_address>
         <size>0x11a</size>
         <alignment>0x2</alignment>
         <input_file_ref idref="fl-1c"/>
      </object_component>
      <object_component id="oc-2ef">
         <name>.text.uDMAChannelTransferSet</name>
         <load_address>0x2000e0d6</load_address>
         <readonly>true</readonly>
         <executable>true</executable>
         <run_address>0x2000e0d6</run_address>
         <size>0x112</size>
         <alignment>0x2</alignment>
         <input_file_ref idref="fl-33"/>
      </object_component>
      <object_component id="oc-29e">
         <name>.text.__muldf3</name>
         <load_address>0x2000e1e8</load_address>
         <readonly>true</readonly>
         <executable>true</executable>
         <run_address>0x2000e1e8</run_address>
         <size>0xfc</size>
         <alignment>0x4</alignment>
         <input_file_ref idref="fl-d9"/>
      </object_component>
      <object_component id="oc-19a">
         <name>.text.free</name>
         <load_address>0x2000e2e4</load_address>
         <readonly>true</readonly>
         <executable>true</executable>
         <run_address>0x2000e2e4</run_address>
         <size>0xf0</size>
         <alignment>0x4</alignment>
         <input_file_ref idref="fl-45"/>
      </object_component>
      <object_component id="oc-149">
         <name>.text.I2C_open</name>
         <load_address>0x2000e3d4</load_address>
         <readonly>true</readonly>
         <executable>true</executable>
         <run_address>0x2000e3d4</run_address>
         <size>0xe8</size>
         <alignment>0x4</alignment>
         <input_file_ref idref="fl-17"/>
      </object_component>
      <object_component id="oc-1c8">
         <name>.text.UART2_close</name>
         <load_address>0x2000e4bc</load_address>
         <readonly>true</readonly>
         <executable>true</executable>
         <run_address>0x2000e4bc</run_address>
         <size>0xe8</size>
         <alignment>0x4</alignment>
         <input_file_ref idref="fl-1d"/>
      </object_component>
      <object_component id="oc-268">
         <name>.text.UART2Support_dmaStartRx</name>
         <load_address>0x2000e5a4</load_address>
         <readonly>true</readonly>
         <executable>true</executable>
         <run_address>0x2000e5a4</run_address>
         <size>0xcc</size>
         <alignment>0x4</alignment>
         <input_file_ref idref="fl-1d"/>
      </object_component>
      <object_component id="oc-2e2">
         <name>.text.IntDisable</name>
         <load_address>0x2000e670</load_address>
         <readonly>true</readonly>
         <executable>true</executable>
         <run_address>0x2000e670</run_address>
         <size>0xc8</size>
         <alignment>0x2</alignment>
         <input_file_ref idref="fl-2c"/>
      </object_component>
      <object_component id="oc-251">
         <name>.text.IntEnable</name>
         <load_address>0x2000e738</load_address>
         <readonly>true</readonly>
         <executable>true</executable>
         <run_address>0x2000e738</run_address>
         <size>0xc8</size>
         <alignment>0x2</alignment>
         <input_file_ref idref="fl-2c"/>
      </object_component>
      <object_component id="oc-1c4">
         <name>.text.UART2CC32XX_initHw</name>
         <load_address>0x2000e800</load_address>
         <readonly>true</readonly>
         <executable>true</executable>
         <run_address>0x2000e800</run_address>
         <size>0xc4</size>
         <alignment>0x4</alignment>
         <input_file_ref idref="fl-1d"/>
      </object_component>
      <object_component id="oc-26b">
         <name>.text.UART2Support_dmaStartTx</name>
         <load_address>0x2000e8c4</load_address>
         <readonly>true</readonly>
         <executable>true</executable>
         <run_address>0x2000e8c4</run_address>
         <size>0xb8</size>
         <alignment>0x4</alignment>
         <input_file_ref idref="fl-1d"/>
      </object_component>
      <object_component id="oc-2bd">
         <name>.text</name>
         <load_address>0x2000e97c</load_address>
         <readonly>true</readonly>
         <executable>true</executable>
         <run_address>0x2000e97c</run_address>
         <size>0xb0</size>
         <alignment>0x4</alignment>
         <input_file_ref idref="fl-e3"/>
      </object_component>
      <object_component id="oc-1f9">
         <name>.text.GPIOIntTypeSet</name>
         <load_address>0x2000ea2c</load_address>
         <readonly>true</readonly>
         <executable>true</executable>
         <run_address>0x2000ea2c</run_address>
         <size>0xac</size>
         <alignment>0x2</alignment>
         <input_file_ref idref="fl-29"/>
      </object_component>
      <object_component id="oc-323">
         <name>.text.IntPendSet</name>
         <load_address>0x2000ead8</load_address>
         <readonly>true</readonly>
         <executable>true</executable>
         <run_address>0x2000ead8</run_address>
         <size>0xa4</size>
         <alignment>0x2</alignment>
         <input_file_ref idref="fl-2c"/>
      </object_component>
      <object_component id="oc-16c">
         <name>.text.PinConfigSet</name>
         <load_address>0x2000eb7c</load_address>
         <readonly>true</readonly>
         <executable>true</executable>
         <run_address>0x2000eb7c</run_address>
         <size>0xa2</size>
         <alignment>0x2</alignment>
         <input_file_ref idref="fl-2d"/>
      </object_component>
      <object_component id="oc-27e">
         <name>.text.I2CCC32XX_completeTransfer</name>
         <load_address>0x2000ec1e</load_address>
         <readonly>true</readonly>
         <executable>true</executable>
         <run_address>0x2000ec1e</run_address>
         <size>0x9c</size>
         <alignment>0x2</alignment>
         <input_file_ref idref="fl-17"/>
      </object_component>
      <object_component id="oc-26f">
         <name>.text.I2CMasterInitExpClk</name>
         <load_address>0x2000ecba</load_address>
         <readonly>true</readonly>
         <executable>true</executable>
         <run_address>0x2000ecba</run_address>
         <size>0x98</size>
         <alignment>0x2</alignment>
         <input_file_ref idref="fl-2b"/>
      </object_component>
      <object_component id="oc-25a">
         <name>.text.SemaphoreP_destruct</name>
         <load_address>0x2000ed52</load_address>
         <readonly>true</readonly>
         <executable>true</executable>
         <run_address>0x2000ed52</run_address>
         <size>0x2</size>
         <alignment>0x2</alignment>
         <input_file_ref idref="fl-22"/>
      </object_component>
      <object_component id="oc-129">
         <name>.text.SemaphoreP_pend</name>
         <load_address>0x2000ed54</load_address>
         <readonly>true</readonly>
         <executable>true</executable>
         <run_address>0x2000ed54</run_address>
         <size>0x98</size>
         <alignment>0x4</alignment>
         <input_file_ref idref="fl-22"/>
      </object_component>
      <object_component id="oc-b0">
         <name>.text.mainThread</name>
         <load_address>0x2000edec</load_address>
         <readonly>true</readonly>
         <executable>true</executable>
         <run_address>0x2000edec</run_address>
         <size>0x98</size>
         <alignment>0x4</alignment>
         <input_file_ref idref="fl-1"/>
      </object_component>
      <object_component id="oc-2d4">
         <name>.text.CPUwfi</name>
         <load_address>0x2000ee84</load_address>
         <readonly>true</readonly>
         <executable>true</executable>
         <run_address>0x2000ee84</run_address>
         <size>0xc</size>
         <alignment>0x2</alignment>
         <input_file_ref idref="fl-28"/>
      </object_component>
      <object_component id="oc-2c9">
         <name>.text</name>
         <load_address>0x2000ee90</load_address>
         <readonly>true</readonly>
         <executable>true</executable>
         <run_address>0x2000ee90</run_address>
         <size>0x96</size>
         <alignment>0x10</alignment>
         <input_file_ref idref="fl-19"/>
      </object_component>
      <object_component id="oc-24a">
         <name>.text.uDMAChannelAttributeDisable</name>
         <load_address>0x2000ef26</load_address>
         <readonly>true</readonly>
         <executable>true</executable>
         <run_address>0x2000ef26</run_address>
         <size>0x92</size>
         <alignment>0x2</alignment>
         <input_file_ref idref="fl-33"/>
      </object_component>
      <object_component id="oc-dc">
         <name>.text.GPIO_init</name>
         <load_address>0x2000efb8</load_address>
         <readonly>true</readonly>
         <executable>true</executable>
         <run_address>0x2000efb8</run_address>
         <size>0x90</size>
         <alignment>0x4</alignment>
         <input_file_ref idref="fl-15"/>
      </object_component>
      <object_component id="oc-108">
         <name>.text.PRCMSysResetCauseGet</name>
         <load_address>0x2000f048</load_address>
         <readonly>true</readonly>
         <executable>true</executable>
         <run_address>0x2000f048</run_address>
         <size>0x8e</size>
         <alignment>0x2</alignment>
         <input_file_ref idref="fl-2e"/>
      </object_component>
      <object_component id="oc-153">
         <name>.text.Timer_init</name>
         <load_address>0x2000f0d6</load_address>
         <readonly>true</readonly>
         <executable>true</executable>
         <run_address>0x2000f0d6</run_address>
         <size>0x2</size>
         <alignment>0x2</alignment>
         <input_file_ref idref="fl-1a"/>
      </object_component>
      <object_component id="oc-11a">
         <name>.text.PowerCC32XX_configureWakeup</name>
         <load_address>0x2000f0d8</load_address>
         <readonly>true</readonly>
         <executable>true</executable>
         <run_address>0x2000f0d8</run_address>
         <size>0x88</size>
         <alignment>0x4</alignment>
         <input_file_ref idref="fl-18"/>
      </object_component>
      <object_component id="oc-1fd">
         <name>.text.readTemp</name>
         <load_address>0x2000f160</load_address>
         <readonly>true</readonly>
         <executable>true</executable>
         <run_address>0x2000f160</run_address>
         <size>0x80</size>
         <alignment>0x4</alignment>
         <input_file_ref idref="fl-1"/>
      </object_component>
      <object_component id="oc-27b">
         <name>.text.I2CCC32XX_primeReadBurst</name>
         <load_address>0x2000f1e0</load_address>
         <readonly>true</readonly>
         <executable>true</executable>
         <run_address>0x2000f1e0</run_address>
         <size>0x7a</size>
         <alignment>0x2</alignment>
         <input_file_ref idref="fl-17"/>
      </object_component>
      <object_component id="oc-1cb">
         <name>.text.UART2CC32XX_eventCallback</name>
         <load_address>0x2000f25a</load_address>
         <readonly>true</readonly>
         <executable>true</executable>
         <run_address>0x2000f25a</run_address>
         <size>0x2</size>
         <alignment>0x2</alignment>
         <input_file_ref idref="fl-1d"/>
      </object_component>
      <object_component id="oc-d7">
         <name>.text.Power_init</name>
         <load_address>0x2000f25c</load_address>
         <readonly>true</readonly>
         <executable>true</executable>
         <run_address>0x2000f25c</run_address>
         <size>0x78</size>
         <alignment>0x4</alignment>
         <input_file_ref idref="fl-18"/>
      </object_component>
      <object_component id="oc-1c6">
         <name>.text.HwiP_construct</name>
         <load_address>0x2000f2d4</load_address>
         <readonly>true</readonly>
         <executable>true</executable>
         <run_address>0x2000f2d4</run_address>
         <size>0x74</size>
         <alignment>0x4</alignment>
         <input_file_ref idref="fl-24"/>
      </object_component>
      <object_component id="oc-18b">
         <name>.text.PRCMHibernateWakeUpGPIOSelect</name>
         <load_address>0x2000f348</load_address>
         <readonly>true</readonly>
         <executable>true</executable>
         <run_address>0x2000f348</run_address>
         <size>0x74</size>
         <alignment>0x2</alignment>
         <input_file_ref idref="fl-2e"/>
      </object_component>
      <object_component id="oc-23f">
         <name>.text.UARTConfigSetExpClk</name>
         <load_address>0x2000f3bc</load_address>
         <readonly>true</readonly>
         <executable>true</executable>
         <run_address>0x2000f3bc</run_address>
         <size>0x74</size>
         <alignment>0x2</alignment>
         <input_file_ref idref="fl-32"/>
      </object_component>
      <object_component id="oc-ee">
         <name>.text.initI2C</name>
         <load_address>0x2000f430</load_address>
         <readonly>true</readonly>
         <executable>true</executable>
         <run_address>0x2000f430</run_address>
         <size>0x70</size>
         <alignment>0x4</alignment>
         <input_file_ref idref="fl-1"/>
      </object_component>
      <object_component id="oc-18">
         <name>.text:decompress:lzss</name>
         <load_address>0x2000f4a0</load_address>
         <readonly>true</readonly>
         <executable>true</executable>
         <run_address>0x2000f4a0</run_address>
         <size>0x70</size>
         <alignment>0x2</alignment>
         <input_file_ref idref="fl-4d"/>
      </object_component>
      <object_component id="oc-2a2">
         <name>.text.__truncdfsf2</name>
         <load_address>0x2000f510</load_address>
         <readonly>true</readonly>
         <executable>true</executable>
         <run_address>0x2000f510</run_address>
         <size>0x6e</size>
         <alignment>0x4</alignment>
         <input_file_ref idref="fl-de"/>
      </object_component>
      <object_component id="oc-2c7">
         <name>.text.PinLockLevelSet</name>
         <load_address>0x2000f57e</load_address>
         <readonly>true</readonly>
         <executable>true</executable>
         <run_address>0x2000f57e</run_address>
         <size>0x6c</size>
         <alignment>0x2</alignment>
         <input_file_ref idref="fl-2d"/>
      </object_component>
      <object_component id="oc-312">
         <name>.text.__aeabi_ldiv0</name>
         <load_address>0x2000f5ea</load_address>
         <readonly>true</readonly>
         <executable>true</executable>
         <run_address>0x2000f5ea</run_address>
         <size>0x2</size>
         <alignment>0x2</alignment>
         <input_file_ref idref="fl-e5"/>
      </object_component>
      <object_component id="oc-16d">
         <name>.text.Power_setDependency</name>
         <load_address>0x2000f5ec</load_address>
         <readonly>true</readonly>
         <executable>true</executable>
         <run_address>0x2000f5ec</run_address>
         <size>0x6c</size>
         <alignment>0x4</alignment>
         <input_file_ref idref="fl-18"/>
      </object_component>
      <object_component id="oc-1c2">
         <name>.text.UDMACC32XX_open</name>
         <load_address>0x2000f658</load_address>
         <readonly>true</readonly>
         <executable>true</executable>
         <run_address>0x2000f658</run_address>
         <size>0x6c</size>
         <alignment>0x4</alignment>
         <input_file_ref idref="fl-20"/>
      </object_component>
      <object_component id="oc-130">
         <name>.text.powerNotifyFxn</name>
         <load_address>0x2000f6c4</load_address>
         <readonly>true</readonly>
         <executable>true</executable>
         <run_address>0x2000f6c4</run_address>
         <size>0x6c</size>
         <alignment>0x4</alignment>
         <input_file_ref idref="fl-15"/>
      </object_component>
      <object_component id="oc-2ff">
         <name>.text.split</name>
         <load_address>0x2000f730</load_address>
         <readonly>true</readonly>
         <executable>true</executable>
         <run_address>0x2000f730</run_address>
         <size>0x6c</size>
         <alignment>0x4</alignment>
         <input_file_ref idref="fl-45"/>
      </object_component>
      <object_component id="oc-110">
         <name>.text.PRCMPeripheralReset</name>
         <load_address>0x2000f79c</load_address>
         <readonly>true</readonly>
         <executable>true</executable>
         <run_address>0x2000f79c</run_address>
         <size>0x6a</size>
         <alignment>0x2</alignment>
         <input_file_ref idref="fl-2e"/>
      </object_component>
      <object_component id="oc-179">
         <name>.text._nop</name>
         <load_address>0x2000f806</load_address>
         <readonly>true</readonly>
         <executable>true</executable>
         <run_address>0x2000f806</run_address>
         <size>0x2</size>
         <alignment>0x2</alignment>
         <input_file_ref idref="fl-53"/>
      </object_component>
      <object_component id="oc-1d8">
         <name>.text.I2CCC32XX_initHw</name>
         <load_address>0x2000f808</load_address>
         <readonly>true</readonly>
         <executable>true</executable>
         <run_address>0x2000f808</run_address>
         <size>0x68</size>
         <alignment>0x4</alignment>
         <input_file_ref idref="fl-17"/>
      </object_component>
      <object_component id="oc-24e">
         <name>.text.IntPendClear</name>
         <load_address>0x2000f870</load_address>
         <readonly>true</readonly>
         <executable>true</executable>
         <run_address>0x2000f870</run_address>
         <size>0x68</size>
         <alignment>0x2</alignment>
         <input_file_ref idref="fl-2c"/>
      </object_component>
      <object_component id="oc-27c">
         <name>.text.I2CCC32XX_primeWriteBurst</name>
         <load_address>0x2000f8d8</load_address>
         <readonly>true</readonly>
         <executable>true</executable>
         <run_address>0x2000f8d8</run_address>
         <size>0x66</size>
         <alignment>0x2</alignment>
         <input_file_ref idref="fl-17"/>
      </object_component>
      <object_component id="oc-57">
         <name>.text.busFaultHandler</name>
         <load_address>0x2000f93e</load_address>
         <readonly>true</readonly>
         <executable>true</executable>
         <run_address>0x2000f93e</run_address>
         <size>0x2</size>
         <alignment>0x2</alignment>
         <input_file_ref idref="fl-26"/>
      </object_component>
      <object_component id="oc-1fe">
         <name>.text.GPIO_write</name>
         <load_address>0x2000f940</load_address>
         <readonly>true</readonly>
         <executable>true</executable>
         <run_address>0x2000f940</run_address>
         <size>0x60</size>
         <alignment>0x4</alignment>
         <input_file_ref idref="fl-15"/>
      </object_component>
      <object_component id="oc-26a">
         <name>.text.UART2Support_dmaStopTx</name>
         <load_address>0x2000f9a0</load_address>
         <readonly>true</readonly>
         <executable>true</executable>
         <run_address>0x2000f9a0</run_address>
         <size>0x60</size>
         <alignment>0x2</alignment>
         <input_file_ref idref="fl-1d"/>
      </object_component>
      <object_component id="oc-31e">
         <name>.text.FlashDisable</name>
         <load_address>0x2000fa00</load_address>
         <readonly>true</readonly>
         <executable>true</executable>
         <run_address>0x2000fa00</run_address>
         <size>0x5c</size>
         <alignment>0x2</alignment>
         <input_file_ref idref="fl-35"/>
      </object_component>
      <object_component id="oc-281">
         <name>.text.I2CSupport_primeTransfer</name>
         <load_address>0x2000fa5c</load_address>
         <readonly>true</readonly>
         <executable>true</executable>
         <run_address>0x2000fa5c</run_address>
         <size>0x5c</size>
         <alignment>0x2</alignment>
         <input_file_ref idref="fl-17"/>
      </object_component>
      <object_component id="oc-18d">
         <name>.text.PRCMHibernateWakeupSourceDisable</name>
         <load_address>0x2000fab8</load_address>
         <readonly>true</readonly>
         <executable>true</executable>
         <run_address>0x2000fab8</run_address>
         <size>0x5c</size>
         <alignment>0x2</alignment>
         <input_file_ref idref="fl-2e"/>
      </object_component>
      <object_component id="oc-1e8">
         <name>.text.TimerCC32XX_allocateTimerResource</name>
         <load_address>0x2000fb14</load_address>
         <readonly>true</readonly>
         <executable>true</executable>
         <run_address>0x2000fb14</run_address>
         <size>0x5c</size>
         <alignment>0x4</alignment>
         <input_file_ref idref="fl-1b"/>
      </object_component>
      <object_component id="oc-10f">
         <name>.text.PRCMPeripheralClkEnable</name>
         <load_address>0x2000fb70</load_address>
         <readonly>true</readonly>
         <executable>true</executable>
         <run_address>0x2000fb70</run_address>
         <size>0x5a</size>
         <alignment>0x2</alignment>
         <input_file_ref idref="fl-2e"/>
      </object_component>
      <object_component id="oc-1a1">
         <name>.text.clkFxn</name>
         <load_address>0x2000fbca</load_address>
         <readonly>true</readonly>
         <executable>true</executable>
         <run_address>0x2000fbca</run_address>
         <size>0x2</size>
         <alignment>0x2</alignment>
         <input_file_ref idref="fl-22"/>
      </object_component>
      <object_component id="oc-2bb">
         <name>.text.ClockP_startup</name>
         <load_address>0x2000fbcc</load_address>
         <readonly>true</readonly>
         <executable>true</executable>
         <run_address>0x2000fbcc</run_address>
         <size>0x58</size>
         <alignment>0x4</alignment>
         <input_file_ref idref="fl-23"/>
      </object_component>
      <object_component id="oc-250">
         <name>.text.IntPrioritySet</name>
         <load_address>0x2000fc24</load_address>
         <readonly>true</readonly>
         <executable>true</executable>
         <run_address>0x2000fc24</run_address>
         <size>0x58</size>
         <alignment>0x2</alignment>
         <input_file_ref idref="fl-2c"/>
      </object_component>
      <object_component id="oc-2d3">
         <name>.text.PRCMLPDSEnter</name>
         <load_address>0x2000fc7c</load_address>
         <readonly>true</readonly>
         <executable>true</executable>
         <run_address>0x2000fc7c</run_address>
         <size>0x56</size>
         <alignment>0x2</alignment>
         <input_file_ref idref="fl-2e"/>
      </object_component>
      <object_component id="oc-56">
         <name>.text.defaultHandler</name>
         <load_address>0x2000fcd2</load_address>
         <readonly>true</readonly>
         <executable>true</executable>
         <run_address>0x2000fcd2</run_address>
         <size>0x2</size>
         <alignment>0x2</alignment>
         <input_file_ref idref="fl-26"/>
      </object_component>
      <object_component id="oc-1ad">
         <name>.text.PowerCC32XX_setParkState</name>
         <load_address>0x2000fcd4</load_address>
         <readonly>true</readonly>
         <executable>true</executable>
         <run_address>0x2000fcd4</run_address>
         <size>0x54</size>
         <alignment>0x4</alignment>
         <input_file_ref idref="fl-18"/>
      </object_component>
      <object_component id="oc-25d">
         <name>.text.Power_releaseDependency</name>
         <load_address>0x2000fd28</load_address>
         <readonly>true</readonly>
         <executable>true</executable>
         <run_address>0x2000fd28</run_address>
         <size>0x54</size>
         <alignment>0x4</alignment>
         <input_file_ref idref="fl-18"/>
      </object_component>
      <object_component id="oc-175">
         <name>.text.GPIO_hwiIntFxn</name>
         <load_address>0x2000fd7c</load_address>
         <readonly>true</readonly>
         <executable>true</executable>
         <run_address>0x2000fd7c</run_address>
         <size>0x50</size>
         <alignment>0x4</alignment>
         <input_file_ref idref="fl-15"/>
      </object_component>
      <object_component id="oc-18c">
         <name>.text.PRCMHibernateWakeupSourceEnable</name>
         <load_address>0x2000fdcc</load_address>
         <readonly>true</readonly>
         <executable>true</executable>
         <run_address>0x2000fdcc</run_address>
         <size>0x50</size>
         <alignment>0x2</alignment>
         <input_file_ref idref="fl-2e"/>
      </object_component>
      <object_component id="oc-228">
         <name>.text.SemaphoreP_construct</name>
         <load_address>0x2000fe1c</load_address>
         <readonly>true</readonly>
         <executable>true</executable>
         <run_address>0x2000fe1c</run_address>
         <size>0x50</size>
         <alignment>0x4</alignment>
         <input_file_ref idref="fl-22"/>
      </object_component>
      <object_component id="oc-249">
         <name>.text.uDMAChannelAssign</name>
         <load_address>0x2000fe6c</load_address>
         <readonly>true</readonly>
         <executable>true</executable>
         <run_address>0x2000fe6c</run_address>
         <size>0x4e</size>
         <alignment>0x2</alignment>
         <input_file_ref idref="fl-33"/>
      </object_component>
      <object_component id="oc-55">
         <name>.text.faultISR</name>
         <load_address>0x2000feba</load_address>
         <readonly>true</readonly>
         <executable>true</executable>
         <run_address>0x2000feba</run_address>
         <size>0x2</size>
         <alignment>0x2</alignment>
         <input_file_ref idref="fl-26"/>
      </object_component>
      <object_component id="oc-172">
         <name>.text.GPIO_setInterruptConfig</name>
         <load_address>0x2000febc</load_address>
         <readonly>true</readonly>
         <executable>true</executable>
         <run_address>0x2000febc</run_address>
         <size>0x4c</size>
         <alignment>0x4</alignment>
         <input_file_ref idref="fl-15"/>
      </object_component>
      <object_component id="oc-31c">
         <name>.text.PRCMLPDSRestoreInfoSet</name>
         <load_address>0x2000ff08</load_address>
         <readonly>true</readonly>
         <executable>true</executable>
         <run_address>0x2000ff08</run_address>
         <size>0x4c</size>
         <alignment>0x2</alignment>
         <input_file_ref idref="fl-2e"/>
      </object_component>
      <object_component id="oc-1ec">
         <name>.text.initHw</name>
         <load_address>0x2000ff54</load_address>
         <readonly>true</readonly>
         <executable>true</executable>
         <run_address>0x2000ff54</run_address>
         <size>0x4c</size>
         <alignment>0x2</alignment>
         <input_file_ref idref="fl-1b"/>
      </object_component>
      <object_component id="oc-266">
         <name>.text.UART2Support_dmaStopRx</name>
         <load_address>0x2000ffa0</load_address>
         <readonly>true</readonly>
         <executable>true</executable>
         <run_address>0x2000ffa0</run_address>
         <size>0x4a</size>
         <alignment>0x2</alignment>
         <input_file_ref idref="fl-1d"/>
      </object_component>
      <object_component id="oc-1eb">
         <name>.text.getPrescaler</name>
         <load_address>0x2000ffea</load_address>
         <readonly>true</readonly>
         <executable>true</executable>
         <run_address>0x2000ffea</run_address>
         <size>0x4a</size>
         <alignment>0x2</alignment>
         <input_file_ref idref="fl-1b"/>
      </object_component>
      <object_component id="oc-2e9">
         <name>.text.uDMAChannelSizeGet</name>
         <load_address>0x20010034</load_address>
         <readonly>true</readonly>
         <executable>true</executable>
         <run_address>0x20010034</run_address>
         <size>0x4a</size>
         <alignment>0x2</alignment>
         <input_file_ref idref="fl-33"/>
      </object_component>
      <object_component id="oc-54">
         <name>.text.nmiISR</name>
         <load_address>0x2001007e</load_address>
         <readonly>true</readonly>
         <executable>true</executable>
         <run_address>0x2001007e</run_address>
         <size>0x2</size>
         <alignment>0x2</alignment>
         <input_file_ref idref="fl-26"/>
      </object_component>
      <object_component id="oc-58">
         <name>.text.ClockP_sysTickHandler</name>
         <load_address>0x20010080</load_address>
         <readonly>true</readonly>
         <executable>true</executable>
         <run_address>0x20010080</run_address>
         <size>0x48</size>
         <alignment>0x4</alignment>
         <input_file_ref idref="fl-23"/>
      </object_component>
      <object_component id="oc-2cd">
         <name>.text.PRCMIntEnable</name>
         <load_address>0x200100c8</load_address>
         <readonly>true</readonly>
         <executable>true</executable>
         <run_address>0x200100c8</run_address>
         <size>0x48</size>
         <alignment>0x2</alignment>
         <input_file_ref idref="fl-2e"/>
      </object_component>
      <object_component id="oc-1f7">
         <name>.text.PRCMPeripheralStatusGet</name>
         <load_address>0x20010110</load_address>
         <readonly>true</readonly>
         <executable>true</executable>
         <run_address>0x20010110</run_address>
         <size>0x48</size>
         <alignment>0x2</alignment>
         <input_file_ref idref="fl-2e"/>
      </object_component>
      <object_component id="oc-319">
         <name>.text.PinConfigGet</name>
         <load_address>0x20010158</load_address>
         <readonly>true</readonly>
         <executable>true</executable>
         <run_address>0x20010158</run_address>
         <size>0x48</size>
         <alignment>0x2</alignment>
         <input_file_ref idref="fl-2d"/>
      </object_component>
      <object_component id="oc-2ae">
         <name>.text.__fixdfsi</name>
         <load_address>0x200101a0</load_address>
         <readonly>true</readonly>
         <executable>true</executable>
         <run_address>0x200101a0</run_address>
         <size>0x48</size>
         <alignment>0x4</alignment>
         <input_file_ref idref="fl-dc"/>
      </object_component>
      <object_component id="oc-27a">
         <name>.text.I2CCC32XX_fillTransmitFifo</name>
         <load_address>0x200101e8</load_address>
         <readonly>true</readonly>
         <executable>true</executable>
         <run_address>0x200101e8</run_address>
         <size>0x46</size>
         <alignment>0x2</alignment>
         <input_file_ref idref="fl-17"/>
      </object_component>
      <object_component id="oc-2d2">
         <name>.text.PRCMLPDSEnterKeepDebugIf</name>
         <load_address>0x2001022e</load_address>
         <readonly>true</readonly>
         <executable>true</executable>
         <run_address>0x2001022e</run_address>
         <size>0x46</size>
         <alignment>0x2</alignment>
         <input_file_ref idref="fl-2e"/>
      </object_component>
      <object_component id="oc-2e7">
         <name>.text.RingBuf_put</name>
         <load_address>0x20010274</load_address>
         <readonly>true</readonly>
         <executable>true</executable>
         <run_address>0x20010274</run_address>
         <size>0x46</size>
         <alignment>0x2</alignment>
         <input_file_ref idref="fl-1f"/>
      </object_component>
      <object_component id="oc-170">
         <name>.text.GPIODirModeSet</name>
         <load_address>0x200102ba</load_address>
         <readonly>true</readonly>
         <executable>true</executable>
         <run_address>0x200102ba</run_address>
         <size>0x44</size>
         <alignment>0x2</alignment>
         <input_file_ref idref="fl-29"/>
      </object_component>
      <object_component id="oc-1fa">
         <name>.text.GPIO_disableInt</name>
         <load_address>0x20010300</load_address>
         <readonly>true</readonly>
         <executable>true</executable>
         <run_address>0x20010300</run_address>
         <size>0x44</size>
         <alignment>0x4</alignment>
         <input_file_ref idref="fl-15"/>
      </object_component>
      <object_component id="oc-f5">
         <name>.text.GPIO_enableInt</name>
         <load_address>0x20010344</load_address>
         <readonly>true</readonly>
         <executable>true</executable>
         <run_address>0x20010344</run_address>
         <size>0x44</size>
         <alignment>0x4</alignment>
         <input_file_ref idref="fl-15"/>
      </object_component>
      <object_component id="oc-269">
         <name>.text.Power_releaseConstraint</name>
         <load_address>0x20010388</load_address>
         <readonly>true</readonly>
         <executable>true</executable>
         <run_address>0x20010388</run_address>
         <size>0x44</size>
         <alignment>0x4</alignment>
         <input_file_ref idref="fl-18"/>
      </object_component>
      <object_component id="oc-160">
         <name>.text.Timer_start</name>
         <load_address>0x200103cc</load_address>
         <readonly>true</readonly>
         <executable>true</executable>
         <run_address>0x200103cc</run_address>
         <size>0x44</size>
         <alignment>0x2</alignment>
         <input_file_ref idref="fl-1a"/>
      </object_component>
      <object_component id="oc-7d">
         <name>.text.addToList</name>
         <load_address>0x20010410</load_address>
         <readonly>true</readonly>
         <executable>true</executable>
         <run_address>0x20010410</run_address>
         <size>0x44</size>
         <alignment>0x4</alignment>
         <input_file_ref idref="fl-23"/>
      </object_component>
      <object_component id="oc-ef">
         <name>.text.initTimer</name>
         <load_address>0x20010454</load_address>
         <readonly>true</readonly>
         <executable>true</executable>
         <run_address>0x20010454</run_address>
         <size>0x44</size>
         <alignment>0x4</alignment>
         <input_file_ref idref="fl-1"/>
      </object_component>
      <object_component id="oc-1ff">
         <name>.text.snprintf</name>
         <load_address>0x20010498</load_address>
         <readonly>true</readonly>
         <executable>true</executable>
         <run_address>0x20010498</run_address>
         <size>0x44</size>
         <alignment>0x4</alignment>
         <input_file_ref idref="fl-44"/>
      </object_component>
      <object_component id="oc-178">
         <name>.text.updateLEDandUART</name>
         <load_address>0x200104dc</load_address>
         <readonly>true</readonly>
         <executable>true</executable>
         <run_address>0x200104dc</run_address>
         <size>0x44</size>
         <alignment>0x4</alignment>
         <input_file_ref idref="fl-1"/>
      </object_component>
      <object_component id="oc-117">
         <name>.text.PinModeSet</name>
         <load_address>0x20010520</load_address>
         <readonly>true</readonly>
         <executable>true</executable>
         <run_address>0x20010520</run_address>
         <size>0x42</size>
         <alignment>0x2</alignment>
         <input_file_ref idref="fl-2d"/>
      </object_component>
      <object_component id="oc-291">
         <name>.text.TimerControlStall</name>
         <load_address>0x20010562</load_address>
         <readonly>true</readonly>
         <executable>true</executable>
         <run_address>0x20010562</run_address>
         <size>0x42</size>
         <alignment>0x2</alignment>
         <input_file_ref idref="fl-31"/>
      </object_component>
      <object_component id="oc-1ea">
         <name>.text.Timer_close</name>
         <load_address>0x200105a4</load_address>
         <readonly>true</readonly>
         <executable>true</executable>
         <run_address>0x200105a4</run_address>
         <size>0x42</size>
         <alignment>0x2</alignment>
         <input_file_ref idref="fl-1b"/>
      </object_component>
      <object_component id="oc-214">
         <name>.text.getCountsRTC</name>
         <load_address>0x200105e6</load_address>
         <readonly>true</readonly>
         <executable>true</executable>
         <run_address>0x200105e6</run_address>
         <size>0x42</size>
         <alignment>0x2</alignment>
         <input_file_ref idref="fl-25"/>
      </object_component>
      <object_component id="oc-12b">
         <name>.text.SemaphoreP_post</name>
         <load_address>0x20010628</load_address>
         <readonly>true</readonly>
         <executable>true</executable>
         <run_address>0x20010628</run_address>
         <size>0x40</size>
         <alignment>0x4</alignment>
         <input_file_ref idref="fl-22"/>
      </object_component>
      <object_component id="oc-287">
         <name>.text.Timer_stop</name>
         <load_address>0x20010668</load_address>
         <readonly>true</readonly>
         <executable>true</executable>
         <run_address>0x20010668</run_address>
         <size>0x40</size>
         <alignment>0x2</alignment>
         <input_file_ref idref="fl-1a"/>
      </object_component>
      <object_component id="oc-333">
         <name>.text.atoi</name>
         <load_address>0x200106a8</load_address>
         <readonly>true</readonly>
         <executable>true</executable>
         <run_address>0x200106a8</run_address>
         <size>0x40</size>
         <alignment>0x4</alignment>
         <input_file_ref idref="fl-57"/>
      </object_component>
      <object_component id="oc-2ee">
         <name>.text.uDMAChannelControlSet</name>
         <load_address>0x200106e8</load_address>
         <readonly>true</readonly>
         <executable>true</executable>
         <run_address>0x200106e8</run_address>
         <size>0x40</size>
         <alignment>0x2</alignment>
         <input_file_ref idref="fl-33"/>
      </object_component>
      <object_component id="oc-31b">
         <name>.text.PinDirModeSet</name>
         <load_address>0x20010728</load_address>
         <readonly>true</readonly>
         <executable>true</executable>
         <run_address>0x20010728</run_address>
         <size>0x3e</size>
         <alignment>0x2</alignment>
         <input_file_ref idref="fl-2d"/>
      </object_component>
      <object_component id="oc-22c">
         <name>.text.ClockP_stop</name>
         <load_address>0x20010768</load_address>
         <readonly>true</readonly>
         <executable>true</executable>
         <run_address>0x20010768</run_address>
         <size>0x3c</size>
         <alignment>0x4</alignment>
         <input_file_ref idref="fl-23"/>
      </object_component>
      <object_component id="oc-1bd">
         <name>.text.UDMACC32XX_init</name>
         <load_address>0x200107a4</load_address>
         <readonly>true</readonly>
         <executable>true</executable>
         <run_address>0x200107a4</run_address>
         <size>0x3c</size>
         <alignment>0x4</alignment>
         <input_file_ref idref="fl-20"/>
      </object_component>
      <object_component id="oc-1f4">
         <name>.text.TimerSupport_timerEnable</name>
         <load_address>0x200107e0</load_address>
         <readonly>true</readonly>
         <executable>true</executable>
         <run_address>0x200107e0</run_address>
         <size>0x3a</size>
         <alignment>0x2</alignment>
         <input_file_ref idref="fl-1b"/>
      </object_component>
      <object_component id="oc-1a0">
         <name>.text.ClockP_destruct</name>
         <load_address>0x2001081c</load_address>
         <readonly>true</readonly>
         <executable>true</executable>
         <run_address>0x2001081c</run_address>
         <size>0x38</size>
         <alignment>0x4</alignment>
         <input_file_ref idref="fl-23"/>
      </object_component>
      <object_component id="oc-296">
         <name>.text.Power_setConstraint</name>
         <load_address>0x20010854</load_address>
         <readonly>true</readonly>
         <executable>true</executable>
         <run_address>0x20010854</run_address>
         <size>0x38</size>
         <alignment>0x4</alignment>
         <input_file_ref idref="fl-18"/>
      </object_component>
      <object_component id="oc-2eb">
         <name>.text.RingBuf_putAdvance</name>
         <load_address>0x2001088c</load_address>
         <readonly>true</readonly>
         <executable>true</executable>
         <run_address>0x2001088c</run_address>
         <size>0x38</size>
         <alignment>0x2</alignment>
         <input_file_ref idref="fl-1f"/>
      </object_component>
      <object_component id="oc-225">
         <name>.text.SwiP_restore</name>
         <load_address>0x200108c4</load_address>
         <readonly>true</readonly>
         <executable>true</executable>
         <run_address>0x200108c4</run_address>
         <size>0x38</size>
         <alignment>0x4</alignment>
         <input_file_ref idref="fl-27"/>
      </object_component>
      <object_component id="oc-25b">
         <name>.text.UDMACC32XX_close</name>
         <load_address>0x200108fc</load_address>
         <readonly>true</readonly>
         <executable>true</executable>
         <run_address>0x200108fc</run_address>
         <size>0x38</size>
         <alignment>0x4</alignment>
         <input_file_ref idref="fl-20"/>
      </object_component>
      <object_component id="oc-2a6">
         <name>.text.__extendsfdf2</name>
         <load_address>0x20010934</load_address>
         <readonly>true</readonly>
         <executable>true</executable>
         <run_address>0x20010934</run_address>
         <size>0x38</size>
         <alignment>0x4</alignment>
         <input_file_ref idref="fl-db"/>
      </object_component>
      <object_component id="oc-bf">
         <name>.text:__TI_auto_init_nobinit_nopinit</name>
         <load_address>0x2001096c</load_address>
         <readonly>true</readonly>
         <executable>true</executable>
         <run_address>0x2001096c</run_address>
         <size>0x38</size>
         <alignment>0x4</alignment>
         <input_file_ref idref="fl-48"/>
      </object_component>
      <object_component id="oc-2c8">
         <name>.text.PinLock</name>
         <load_address>0x200109a4</load_address>
         <readonly>true</readonly>
         <executable>true</executable>
         <run_address>0x200109a4</run_address>
         <size>0x36</size>
         <alignment>0x2</alignment>
         <input_file_ref idref="fl-2d"/>
      </object_component>
      <object_component id="oc-1f1">
         <name>.text.TimerCC32XX_hwiIntFunction</name>
         <load_address>0x200109da</load_address>
         <readonly>true</readonly>
         <executable>true</executable>
         <run_address>0x200109da</run_address>
         <size>0x36</size>
         <alignment>0x2</alignment>
         <input_file_ref idref="fl-1b"/>
      </object_component>
      <object_component id="oc-383">
         <name>.text.UARTCharPutNonBlocking</name>
         <load_address>0x20010a10</load_address>
         <readonly>true</readonly>
         <executable>true</executable>
         <run_address>0x20010a10</run_address>
         <size>0x36</size>
         <alignment>0x2</alignment>
         <input_file_ref idref="fl-32"/>
      </object_component>
      <object_component id="oc-19d">
         <name>.text.ClockP_start</name>
         <load_address>0x20010a48</load_address>
         <readonly>true</readonly>
         <executable>true</executable>
         <run_address>0x20010a48</run_address>
         <size>0x34</size>
         <alignment>0x4</alignment>
         <input_file_ref idref="fl-23"/>
      </object_component>
      <object_component id="oc-2f5">
         <name>.text.I2CFIFODataPutNonBlocking</name>
         <load_address>0x20010a7c</load_address>
         <readonly>true</readonly>
         <executable>true</executable>
         <run_address>0x20010a7c</run_address>
         <size>0x34</size>
         <alignment>0x2</alignment>
         <input_file_ref idref="fl-2b"/>
      </object_component>
      <object_component id="oc-31a">
         <name>.text.PinDirModeGet</name>
         <load_address>0x20010ab0</load_address>
         <readonly>true</readonly>
         <executable>true</executable>
         <run_address>0x20010ab0</run_address>
         <size>0x34</size>
         <alignment>0x2</alignment>
         <input_file_ref idref="fl-2d"/>
[...]
         <value>0x2000fab9</value>
         <object_component_ref idref="oc-18d"/>
      </symbol>
      <symbol id="sm-5e4">
         <name>PRCMHibernateWakeupSourceEnable</name>
         <value>0x2000fdcd</value>
         <object_component_ref idref="oc-18c"/>
      </symbol>
      <symbol id="sm-5e5">
         <name>PRCMIntEnable</name>
         <value>0x200100c9</value>
         <object_component_ref idref="oc-2cd"/>
      </symbol>
      <symbol id="sm-5e6">
         <name>PRCMLPDSEnter</name>
         <value>0x2000fc7d</value>
         <object_component_ref idref="oc-2d3"/>
      </symbol>
      <symbol id="sm-5e7">
         <name>PRCMLPDSEnterKeepDebugIf</name>
         <value>0x2001022f</value>
         <object_component_ref idref="oc-2d2"/>
      </symbol>
      <symbol id="sm-5e8">
         <name>PRCMLPDSIntervalSet</name>
         <value>0x20010c7d</value>
         <object_component_ref idref="oc-21e"/>
      </symbol>
      <symbol id="sm-5e9">
         <name>PRCMLPDSRestoreInfoSet</name>
         <value>0x2000ff09</value>
         <object_component_ref idref="oc-31c"/>
      </symbol>
      <symbol id="sm-5ea">
         <name>PRCMLPDSWakeUpGPIOSelect</name>
         <value>0x20010f05</value>
         <object_component_ref idref="oc-18a"/>
      </symbol>
      <symbol id="sm-5eb">
         <name>PRCMLPDSWakeupCauseGet</name>
         <value>0x20011afd</value>
         <object_component_ref idref="oc-2d0"/>
      </symbol>
      <symbol id="sm-5ec">
         <name>PRCMLPDSWakeupSourceDisable</name>
         <value>0x200115ab</value>
         <object_component_ref idref="oc-189"/>
      </symbol>
      <symbol id="sm-5ed">
         <name>PRCMLPDSWakeupSourceEnable</name>
         <value>0x20011159</value>
         <object_component_ref idref="oc-188"/>
      </symbol>
      <symbol id="sm-5ee">
         <name>PRCMPeripheralClkDisable</name>
         <value>0x20010f2f</value>
         <object_component_ref idref="oc-111"/>
      </symbol>
      <symbol id="sm-5ef">
         <name>PRCMPeripheralClkEnable</name>
         <value>0x2000fb71</value>
         <object_component_ref idref="oc-10f"/>
      </symbol>
      <symbol id="sm-5f0">
         <name>PRCMPeripheralReset</name>
         <value>0x2000f79d</value>
         <object_component_ref idref="oc-110"/>
      </symbol>
      <symbol id="sm-5f1">
         <name>PRCMPeripheralStatusGet</name>
         <value>0x20010111</value>
         <object_component_ref idref="oc-1f7"/>
      </symbol>
      <symbol id="sm-5f2">
         <name>PRCMSRAMRetentionEnable</name>
         <value>0x2001104b</value>
         <object_component_ref idref="oc-2c5"/>
      </symbol>
      <symbol id="sm-5f3">
         <name>PRCMSleepEnter</name>
         <value>0x20011bf1</value>
         <object_component_ref idref="oc-224"/>
      </symbol>
      <symbol id="sm-5f4">
         <name>PRCMSlowClkCtrFastGet</name>
         <value>0x20010cad</value>
         <object_component_ref idref="oc-2bc"/>
      </symbol>
      <symbol id="sm-5f5">
         <name>PRCMSysResetCauseGet</name>
         <value>0x2000f049</value>
         <object_component_ref idref="oc-108"/>
      </symbol>
      <symbol id="sm-613">
         <name>SysTickEnable</name>
         <value>0x200118e3</value>
         <object_component_ref idref="oc-222"/>
      </symbol>
      <symbol id="sm-614">
         <name>SysTickIntDisable</name>
         <value>0x200118f5</value>
         <object_component_ref idref="oc-219"/>
      </symbol>
      <symbol id="sm-615">
         <name>SysTickIntEnable</name>
         <value>0x20011907</value>
         <object_component_ref idref="oc-223"/>
      </symbol>
      <symbol id="sm-616">
         <name>SysTickPeriodSet</name>
         <value>0x200116c9</value>
         <object_component_ref idref="oc-221"/>
      </symbol>
      <symbol id="sm-655">
         <name>TimerControlStall</name>
         <value>0x20010563</value>
         <object_component_ref idref="oc-291"/>
      </symbol>
      <symbol id="sm-656">
         <name>TimerDisable</name>
         <value>0x200113c1</value>
         <object_component_ref idref="oc-28a"/>
      </symbol>
      <symbol id="sm-657">
         <name>TimerEnable</name>
         <value>0x200115df</value>
         <object_component_ref idref="oc-297"/>
      </symbol>
      <symbol id="sm-658">
         <name>TimerIntClear</name>
         <value>0x200119cd</value>
         <object_component_ref idref="oc-294"/>
      </symbol>
      <symbol id="sm-659">
         <name>TimerIntDisable</name>
         <value>0x200116df</value>
         <object_component_ref idref="oc-329"/>
      </symbol>
      <symbol id="sm-65a">
         <name>TimerIntEnable</name>
         <value>0x200117ed</value>
         <object_component_ref idref="oc-295"/>
      </symbol>
      <symbol id="sm-65b">
         <name>TimerLoadSet</name>
         <value>0x20010cdd</value>
         <object_component_ref idref="oc-290"/>
      </symbol>
      <symbol id="sm-65c">
         <name>TimerPrescaleSet</name>
         <value>0x20010d0d</value>
         <object_component_ref idref="oc-28f"/>
      </symbol>
      <symbol id="sm-6c6">
         <name>UARTBusy</name>
         <value>0x200119fd</value>
         <object_component_ref idref="oc-384"/>
      </symbol>
      <symbol id="sm-6c7">
         <name>UARTCharPutNonBlocking</name>
         <value>0x20010a11</value>
         <object_component_ref idref="oc-383"/>
      </symbol>
      <symbol id="sm-6c8">
         <name>UARTCharsAvail</name>
         <value>0x200116f5</value>
         <object_component_ref idref="oc-267"/>
      </symbol>
      <symbol id="sm-6c9">
         <name>UARTConfigSetExpClk</name>
         <value>0x2000f3bd</value>
         <object_component_ref idref="oc-23f"/>
      </symbol>
      <symbol id="sm-6ca">
         <name>UARTDMADisable</name>
         <value>0x2001170b</value>
         <object_component_ref idref="oc-256"/>
      </symbol>
      <symbol id="sm-6cb">
         <name>UARTDMAEnable</name>
         <value>0x20011801</value>
         <object_component_ref idref="oc-2f1"/>
      </symbol>
      <symbol id="sm-6cc">
         <name>UARTDisable</name>
         <value>0x20010e27</value>
         <object_component_ref idref="oc-258"/>
      </symbol>
      <symbol id="sm-6cd">
         <name>UARTEnable</name>
         <value>0x2001141d</value>
         <object_component_ref idref="oc-245"/>
      </symbol>
      <symbol id="sm-6ce">
         <name>UARTFIFOLevelSet</name>
         <value>0x20011721</value>
         <object_component_ref idref="oc-247"/>
      </symbol>
      <symbol id="sm-6cf">
         <name>UARTFlowControlSet</name>
         <value>0x200115f9</value>
         <object_component_ref idref="oc-248"/>
      </symbol>
      <symbol id="sm-6d0">
         <name>UARTIntClear</name>
         <value>0x20011a0d</value>
         <object_component_ref idref="oc-244"/>
      </symbol>
      <symbol id="sm-6d1">
         <name>UARTIntDisable</name>
         <value>0x20011737</value>
         <object_component_ref idref="oc-255"/>
      </symbol>
      <symbol id="sm-6d2">
         <name>UARTIntEnable</name>
         <value>0x20011815</value>
         <object_component_ref idref="oc-246"/>
      </symbol>
      <symbol id="sm-6d3">
         <name>UARTIntStatus</name>
         <value>0x20010f59</value>
         <object_component_ref idref="oc-262"/>
      </symbol>
      <symbol id="sm-6d4">
         <name>UARTRxErrorGet</name>
         <value>0x20011a1d</value>
         <object_component_ref idref="oc-264"/>
      </symbol>
      <symbol id="sm-72d">
         <name>uDMAChannelAssign</name>
         <value>0x2000fe6d</value>
         <object_component_ref idref="oc-249"/>
      </symbol>
      <symbol id="sm-72e">
         <name>uDMAChannelAttributeDisable</name>
         <value>0x2000ef27</value>
         <object_component_ref idref="oc-24a"/>
      </symbol>
      <symbol id="sm-72f">
         <name>uDMAChannelControlSet</name>
         <value>0x200106e9</value>
         <object_component_ref idref="oc-2ee"/>
      </symbol>
      <symbol id="sm-730">
         <name>uDMAChannelDisable</name>
         <value>0x20011459</value>
         <object_component_ref idref="oc-2e8"/>
      </symbol>
      <symbol id="sm-731">
         <name>uDMAChannelEnable</name>
         <value>0x20011477</value>
         <object_component_ref idref="oc-2f0"/>
      </symbol>
      <symbol id="sm-732">
         <name>uDMAChannelIsEnabled</name>
         <value>0x20011495</value>
         <object_component_ref idref="oc-265"/>
      </symbol>
      <symbol id="sm-733">
         <name>uDMAChannelSizeGet</name>
         <value>0x20010035</value>
         <object_component_ref idref="oc-2e9"/>
      </symbol>
      <symbol id="sm-734">
         <name>uDMAChannelTransferSet</name>
         <value>0x2000e0d7</value>
         <object_component_ref idref="oc-2ef"/>
      </symbol>
      <symbol id="sm-735">
         <name>uDMAControlBaseSet</name>
         <value>0x2001183d</value>
         <object_component_ref idref="oc-23c"/>
      </symbol>
      <symbol id="sm-736">
         <name>uDMAEnable</name>
         <value>0x20011a95</value>
         <object_component_ref idref="oc-237"/>
      </symbol>
      <symbol id="sm-737">
         <name>uDMAErrorStatusClear</name>
         <value>0x20011aa3</value>
         <object_component_ref idref="oc-354"/>
      </symbol>
      <symbol id="sm-738">
         <name>uDMAErrorStatusGet</name>
         <value>0x20011b75</value>
         <object_component_ref idref="oc-353"/>
      </symbol>
      <symbol id="sm-739">
         <name>uDMAIntClear</name>
         <value>0x20011851</value>
         <object_component_ref idref="oc-2ea"/>
      </symbol>
      <symbol id="sm-744">
         <name>UtilsDelay</name>
         <value>0x20011bf9</value>
         <object_component_ref idref="oc-109"/>
      </symbol>
      <symbol id="sm-771">
         <name>FlashDisable</name>
         <value>0x2000fa01</value>
         <object_component_ref idref="oc-31e"/>
      </symbol>
      <symbol id="sm-782">
         <name>snprintf</name>
         <value>0x20010499</value>
         <object_component_ref idref="oc-1ff"/>
      </symbol>
      <symbol id="sm-7a2">
         <name>malloc</name>
         <value>0x20011c11</value>
         <object_component_ref idref="oc-1f8"/>
      </symbol>
      <symbol id="sm-7a3">
         <name>aligned_alloc</name>
         <value>0x2000de9d</value>
         <object_component_ref idref="oc-298"/>
      </symbol>
      <symbol id="sm-7a4">
         <name>free</name>
         <value>0x2000e2e5</value>
         <object_component_ref idref="oc-19a"/>
      </symbol>
      <symbol id="sm-7a5">
         <name>_sys_memory</name>
         <value>0x20004040</value>
         <object_component_ref idref="oc-31"/>
      </symbol>
      <symbol id="sm-7a6">
         <name>memalign</name>
         <value>0x2000de9d</value>
         <object_component_ref idref="oc-298"/>
      </symbol>
      <symbol id="sm-7b1">
         <name>_c_int00_noargs</name>
         <value>0x20011255</value>
         <object_component_ref idref="oc-76"/>
      </symbol>
      <symbol id="sm-7b2">
         <name>__stack</name>
         <value>0x20003000</value>
         <object_component_ref idref="oc-16"/>
      </symbol>
      <symbol id="sm-7be">
         <name>__TI_auto_init_nobinit_nopinit</name>
         <value>0x2001096d</value>
         <object_component_ref idref="oc-bf"/>
      </symbol>
      <symbol id="sm-7c6">
         <name>_system_pre_init</name>
         <value>0x20011c59</value>
         <object_component_ref idref="oc-8b"/>
      </symbol>
      <symbol id="sm-7d1">
         <name>__TI_zero_init</name>
         <value>0x20011a4d</value>
         <object_component_ref idref="oc-49"/>
      </symbol>
      <symbol id="sm-7da">
         <name>__TI_decompress_none</name>
         <value>0x20011abf</value>
         <object_component_ref idref="oc-1c"/>
      </symbol>
      <symbol id="sm-7e4">
         <name>__TI_decompress_lzss</name>
         <value>0x2000f4a1</value>
         <object_component_ref idref="oc-18"/>
      </symbol>
      <symbol id="sm-804">
         <name>__TI_printfi_nofloat</name>
         <value>0x2000c041</value>
         <object_component_ref idref="oc-30d"/>
      </symbol>
      <symbol id="sm-811">
         <name>__aeabi_errno_addr</name>
         <value>0x20011c01</value>
         <object_component_ref idref="oc-33b"/>
      </symbol>
      <symbol id="sm-812">
         <name>__aeabi_errno</name>
         <value>0x200130a4</value>
         <object_component_ref idref="oc-35f"/>
      </symbol>
      <symbol id="sm-81c">
         <name>abort</name>
         <value>0x20011c5d</value>
         <object_component_ref idref="oc-b8"/>
      </symbol>
      <symbol id="sm-81d">
         <name>C$$EXIT</name>
         <value>0x20011c5c</value>
         <object_component_ref idref="oc-b8"/>
      </symbol>
      <symbol id="sm-826">
         <name>_nop</name>
         <value>0x2000f807</value>
         <object_component_ref idref="oc-179"/>
      </symbol>
      <symbol id="sm-827">
         <name>_lock</name>
         <value>0x200130a8</value>
         <object_component_ref idref="oc-fe"/>
      </symbol>
      <symbol id="sm-828">
         <name>_unlock</name>
         <value>0x200130ac</value>
         <object_component_ref idref="oc-101"/>
      </symbol>
      <symbol id="sm-835">
         <name>atoi</name>
         <value>0x200106a9</value>
         <object_component_ref idref="oc-333"/>
      </symbol>
      <symbol id="sm-83f">
         <name>memccpy</name>
         <value>0x2001143b</value>
         <object_component_ref idref="oc-32c"/>
      </symbol>
      <symbol id="sm-848">
         <name>wcslen</name>
         <value>0x20011a3d</value>
         <object_component_ref idref="oc-337"/>
      </symbol>
      <symbol id="sm-84e">
         <name>__aeabi_ctype_table_</name>
         <value>0x200130c0</value>
         <object_component_ref idref="oc-358"/>
      </symbol>
      <symbol id="sm-84f">
         <name>__aeabi_ctype_table_C</name>
         <value>0x200130c0</value>
         <object_component_ref idref="oc-358"/>
      </symbol>
      <symbol id="sm-867">
         <name>__aeabi_dadd</name>
         <value>0x2000d543</value>
         <object_component_ref idref="oc-2aa"/>
      </symbol>
      <symbol id="sm-868">
         <name>__adddf3</name>
         <value>0x2000d543</value>
         <object_component_ref idref="oc-2aa"/>
      </symbol>
      <symbol id="sm-869">
         <name>__aeabi_dsub</name>
         <value>0x2000d539</value>
         <object_component_ref idref="oc-2aa"/>
      </symbol>
      <symbol id="sm-86a">
         <name>__subdf3</name>
         <value>0x2000d539</value>
         <object_component_ref idref="oc-2aa"/>
      </symbol>
      <symbol id="sm-870">
         <name>__aeabi_dmul</name>
         <value>0x2000e1e9</value>
         <object_component_ref idref="oc-29e"/>
      </symbol>
      <symbol id="sm-871">
         <name>__muldf3</name>
         <value>0x2000e1e9</value>
         <object_component_ref idref="oc-29e"/>
      </symbol>
      <symbol id="sm-877">
         <name>__aeabi_f2d</name>
         <value>0x20010935</value>
         <object_component_ref idref="oc-2a6"/>
      </symbol>
      <symbol id="sm-878">
         <name>__extendsfdf2</name>
         <value>0x20010935</value>
         <object_component_ref idref="oc-2a6"/>
      </symbol>
      <symbol id="sm-87e">
         <name>__aeabi_d2iz</name>
         <value>0x200101a1</value>
         <object_component_ref idref="oc-2ae"/>
      </symbol>
      <symbol id="sm-87f">
         <name>__fixdfsi</name>
         <value>0x200101a1</value>
         <object_component_ref idref="oc-2ae"/>
      </symbol>
      <symbol id="sm-885">
         <name>__aeabi_i2d</name>
         <value>0x20010e55</value>
         <object_component_ref idref="oc-29a"/>
      </symbol>
      <symbol id="sm-886">
         <name>__floatsidf</name>
         <value>0x20010e55</value>
         <object_component_ref idref="oc-29a"/>
      </symbol>
      <symbol id="sm-88c">
         <name>__aeabi_d2f</name>
         <value>0x2000f511</value>
         <object_component_ref idref="oc-2a2"/>
      </symbol>
      <symbol id="sm-88d">
         <name>__truncdfsf2</name>
         <value>0x2000f511</value>
         <object_component_ref idref="oc-2a2"/>
      </symbol>
      <symbol id="sm-893">
         <name>__aeabi_memcpy</name>
         <value>0x20011c55</value>
         <object_component_ref idref="oc-3c"/>
      </symbol>
      <symbol id="sm-894">
         <name>__aeabi_memcpy4</name>
         <value>0x20011c55</value>
         <object_component_ref idref="oc-3c"/>
      </symbol>
      <symbol id="sm-895">
         <name>__aeabi_memcpy8</name>
         <value>0x20011c55</value>
         <object_component_ref idref="oc-3c"/>
      </symbol>
      <symbol id="sm-89e">
         <name>__aeabi_memset</name>
         <value>0x20011bbd</value>
         <object_component_ref idref="oc-32b"/>
      </symbol>
      <symbol id="sm-89f">
         <name>__aeabi_memset4</name>
         <value>0x20011bbd</value>
         <object_component_ref idref="oc-32b"/>
      </symbol>
      <symbol id="sm-8a0">
         <name>__aeabi_memset8</name>
         <value>0x20011bbd</value>
         <object_component_ref idref="oc-32b"/>
      </symbol>
      <symbol id="sm-8a1">
         <name>__aeabi_memclr</name>
         <value>0x20011c09</value>
         <object_component_ref idref="oc-67"/>
      </symbol>
      <symbol id="sm-8a2">
         <name>__aeabi_memclr4</name>
         <value>0x20011c09</value>
         <object_component_ref idref="oc-67"/>
      </symbol>
      <symbol id="sm-8a3">
         <name>__aeabi_memclr8</name>
         <value>0x20011c09</value>
         <object_component_ref idref="oc-67"/>
      </symbol>
      <symbol id="sm-8a9">
         <name>__aeabi_uldivmod</name>
         <value>0x20011829</value>
         <object_component_ref idref="oc-215"/>
      </symbol>
      <symbol id="sm-8af">
         <name>__udivmoddi4</name>
         <value>0x2000e97d</value>
         <object_component_ref idref="oc-2bd"/>
      </symbol>
      <symbol id="sm-8ba">
         <name>__aeabi_ldiv0</name>
         <value>0x2000f5eb</value>
         <object_component_ref idref="oc-312"/>
      </symbol>
      <symbol id="sm-8c3">
         <name>TI_memcpy_small</name>
         <value>0x2001192b</value>
         <object_component_ref idref="oc-81"/>
      </symbol>
      <symbol id="sm-8cb">
         <name>TI_memset_small</name>
         <value>0x20011ab1</value>
         <object_component_ref idref="oc-9e"/>
      </symbol>
      <symbol id="sm-8cc">
         <name>__TI_static_base__</name>
         <value>0x20011c60</value>
      </symbol>
      <symbol id="sm-8cf">
         <name>ITM_flush</name>
         <value>0x0</value>
      </symbol>
      <symbol id="sm-8d0">
         <name>ITM_restore</name>
         <value>0x0</value>
      </symbol>
      <symbol id="sm-8d1">
         <name>__mpu_init</name>
         <value>0x0</value>
      </symbol>
      <symbol id="sm-8d2">
         <name>_system_post_cinit</name>
         <value>0x0</value>
      </symbol>
   </symbol_table>
   <title>Link successful</title>
</link_info>
