<?xml version="1.0" encoding="ISO-8859-1" ?>
<link_info>
   <banner>TI ARM Clang Linker PC v3.2.2.LTS</banner>
   <copyright>Copyright (c) 1996-2018 Texas Instruments Incorporated</copyright>
   <link_time>0x6673bdb9</link_time>
   <link_errors>0x0</link_errors>
   <output_file>C:\Users\bruta\CS350\gpiointerrupt_CC3220S_LAUNCHXL_nortos_ticlang\MCU+Image\gpiointerrupt_CC3220S_LAUNCHXL_nortos_ticlang.out</output_file>
   <entry_point>
      <name>resetISR</name>
      <address>0x20010ff5</address>
   </entry_point>
   <input_file_list>
      <input_file id="fl-1">
         <path>C:\Users\bruta\CS350\gpiointerrupt_CC3220S_LAUNCHXL_nortos_ticlang\MCU+Image\.\</path>
         <kind>object</kind>
         <file>gpiointerrupt.o</file>
         <name>gpiointerrupt.o</name>
      </input_file>
      <input_file id="fl-2">
         <path>C:\Users\bruta\CS350\gpiointerrupt_CC3220S_LAUNCHXL_nortos_ticlang\MCU+Image\.\syscfg\</path>
         <kind>object</kind>
         <file>ti_drivers_config.o</file>
         <name>ti_drivers_config.o</name>
      </input_file>
      <input_file id="fl-3">
         <path>C:\Users\bruta\CS350\gpiointerrupt_CC3220S_LAUNCHXL_nortos_ticlang\MCU+Image\.\</path>
         <kind>object</kind>
         <file>main_nortos.o</file>
         <name>main_nortos.o</name>
      </input_file>
      <input_file id="fl-13">
         <path>C:\Users\bruta\CS350\gpiointerrupt_CC3220S_LAUNCHXL_nortos_ticlang\MCU+Image\</path>
         <kind>object</kind>
         <file>&lt;internal&gt;</file>
         <name>&lt;internal&gt;</name>
      </input_file>
      <input_file id="fl-14">
         <path>C:\ti\simplelink_cc32xx_sdk_7_10_00_13\source\ti\drivers\lib\ticlang\m4\</path>
         <kind>archive</kind>
         <file>drivers_cc32xx.a</file>
         <name>GPIO.c.obj</name>
      </input_file>
      <input_file id="fl-15">
         <path>C:\ti\simplelink_cc32xx_sdk_7_10_00_13\source\ti\drivers\lib\ticlang\m4\</path>
         <kind>archive</kind>
         <file>drivers_cc32xx.a</file>
         <name>GPIOCC32XX.c.obj</name>
      </input_file>
      <input_file id="fl-16">
         <path>C:\ti\simplelink_cc32xx_sdk_7_10_00_13\source\ti\drivers\lib\ticlang\m4\</path>
         <kind>archive</kind>
         <file>drivers_cc32xx.a</file>
         <name>I2C.c.obj</name>
      </input_file>
      <input_file id="fl-17">
         <path>C:\ti\simplelink_cc32xx_sdk_7_10_00_13\source\ti\drivers\lib\ticlang\m4\</path>
         <kind>archive</kind>
         <file>drivers_cc32xx.a</file>
         <name>I2CCC32XX.c.obj</name>
      </input_file>
      <input_file id="fl-18">
         <path>C:\ti\simplelink_cc32xx_sdk_7_10_00_13\source\ti\drivers\lib\ticlang\m4\</path>
         <kind>archive</kind>
         <file>drivers_cc32xx.a</file>
         <name>PowerCC32XX.c.obj</name>
      </input_file>
      <input_file id="fl-19">
         <path>C:\ti\simplelink_cc32xx_sdk_7_10_00_13\source\ti\drivers\lib\ticlang\m4\</path>
         <kind>archive</kind>
         <file>drivers_cc32xx.a</file>
         <name>PowerCC32XX_ticlang.asm.obj</name>
      </input_file>
      <input_file id="fl-1a">
         <path>C:\ti\simplelink_cc32xx_sdk_7_10_00_13\source\ti\drivers\lib\ticlang\m4\</path>
         <kind>archive</kind>
         <file>drivers_cc32xx.a</file>
         <name>Timer.c.obj</name>
      </input_file>
      <input_file id="fl-1b">
         <path>C:\ti\simplelink_cc32xx_sdk_7_10_00_13\source\ti\drivers\lib\ticlang\m4\</path>
         <kind>archive</kind>
         <file>drivers_cc32xx.a</file>
         <name>TimerCC32XX.c.obj</name>
      </input_file>
      <input_file id="fl-1c">
         <path>C:\ti\simplelink_cc32xx_sdk_7_10_00_13\source\ti\drivers\lib\ticlang\m4\</path>
         <kind>archive</kind>
         <file>drivers_cc32xx.a</file>
         <name>UART2.c.obj</name>
      </input_file>
      <input_file id="fl-1d">
         <path>C:\ti\simplelink_cc32xx_sdk_7_10_00_13\source\ti\drivers\lib\ticlang\m4\</path>
         <kind>archive</kind>
         <file>drivers_cc32xx.a</file>
         <name>UART2CC32XX.c.obj</name>
      </input_file>
      <input_file id="fl-1e">
         <path>C:\ti\simplelink_cc32xx_sdk_7_10_00_13\source\ti\drivers\lib\ticlang\m4\</path>
         <kind>archive</kind>
         <file>drivers_cc32xx.a</file>
         <name>List.c.obj</name>
      </input_file>
      <input_file id="fl-1f">
         <path>C:\ti\simplelink_cc32xx_sdk_7_10_00_13\source\ti\drivers\lib\ticlang\m4\</path>
         <kind>archive</kind>
         <file>drivers_cc32xx.a</file>
         <name>RingBuf.c.obj</name>
      </input_file>
      <input_file id="fl-20">
         <path>C:\ti\simplelink_cc32xx_sdk_7_10_00_13\source\ti\drivers\lib\ticlang\m4\</path>
         <kind>archive</kind>
         <file>drivers_cc32xx.a</file>
         <name>UDMACC32XX.c.obj</name>
      </input_file>
      <input_file id="fl-21">
         <path>C:\ti\simplelink_cc32xx_sdk_7_10_00_13\kernel\nortos\lib\ticlang\m4\</path>
         <kind>archive</kind>
         <file>nortos_cc32xx.a</file>
         <name>NoRTOS.c.obj</name>
      </input_file>
      <input_file id="fl-22">
         <path>C:\ti\simplelink_cc32xx_sdk_7_10_00_13\kernel\nortos\lib\ticlang\m4\</path>
         <kind>archive</kind>
         <file>nortos_cc32xx.a</file>
         <name>SemaphoreP_nortos.c.obj</name>
      </input_file>
      <input_file id="fl-23">
         <path>C:\ti\simplelink_cc32xx_sdk_7_10_00_13\kernel\nortos\lib\ticlang\m4\</path>
         <kind>archive</kind>
         <file>nortos_cc32xx.a</file>
         <name>ClockPSysTick_nortos.c.obj</name>
      </input_file>
      <input_file id="fl-24">
         <path>C:\ti\simplelink_cc32xx_sdk_7_10_00_13\kernel\nortos\lib\ticlang\m4\</path>
         <kind>archive</kind>
         <file>nortos_cc32xx.a</file>
         <name>HwiPCC32XX_nortos.c.obj</name>
      </input_file>
      <input_file id="fl-25">
         <path>C:\ti\simplelink_cc32xx_sdk_7_10_00_13\kernel\nortos\lib\ticlang\m4\</path>
         <kind>archive</kind>
         <file>nortos_cc32xx.a</file>
         <name>PowerCC32XX_nortos.c.obj</name>
      </input_file>
      <input_file id="fl-26">
         <path>C:\ti\simplelink_cc32xx_sdk_7_10_00_13\kernel\nortos\lib\ticlang\m4\</path>
         <kind>archive</kind>
         <file>nortos_cc32xx.a</file>
         <name>startup_cc32xx_ticlang.c.obj</name>
      </input_file>
      <input_file id="fl-27">
         <path>C:\ti\simplelink_cc32xx_sdk_7_10_00_13\kernel\nortos\lib\ticlang\m4\</path>
         <kind>archive</kind>
         <file>nortos_cc32xx.a</file>
         <name>SwiP_nortos.c.obj</name>
      </input_file>
      <input_file id="fl-28">
         <path>C:\ti\simplelink_cc32xx_sdk_7_10_00_13\source\ti\devices\cc32xx\driverlib\ticlang\Release\</path>
         <kind>archive</kind>
         <file>driverlib.a</file>
         <name>cpu.obj</name>
      </input_file>
      <input_file id="fl-29">
         <path>C:\ti\simplelink_cc32xx_sdk_7_10_00_13\source\ti\devices\cc32xx\driverlib\ticlang\Release\</path>
         <kind>archive</kind>
         <file>driverlib.a</file>
         <name>gpio.obj</name>
      </input_file>
      <input_file id="fl-2a">
         <path>C:\ti\simplelink_cc32xx_sdk_7_10_00_13\source\ti\devices\cc32xx\driverlib\ticlang\Release\</path>
         <kind>archive</kind>
         <file>driverlib.a</file>
         <name>hwspinlock.obj</name>
      </input_file>
      <input_file id="fl-2b">
         <path>C:\ti\simplelink_cc32xx_sdk_7_10_00_13\source\ti\devices\cc32xx\driverlib\ticlang\Release\</path>
         <kind>archive</kind>
         <file>driverlib.a</file>
         <name>i2c.obj</name>
      </input_file>
      <input_file id="fl-2c">
         <path>C:\ti\simplelink_cc32xx_sdk_7_10_00_13\source\ti\devices\cc32xx\driverlib\ticlang\Release\</path>
         <kind>archive</kind>
         <file>driverlib.a</file>
         <name>interrupt.obj</name>
      </input_file>
      <input_file id="fl-2d">
         <path>C:\ti\simplelink_cc32xx_sdk_7_10_00_13\source\ti\devices\cc32xx\driverlib\ticlang\Release\</path>
         <kind>archive</kind>
         <file>driverlib.a</file>
         <name>pin.obj</name>
      </input_file>
      <input_file id="fl-2e">
         <path>C:\ti\simplelink_cc32xx_sdk_7_10_00_13\source\ti\devices\cc32xx\driverlib\ticlang\Release\</path>
         <kind>archive</kind>
         <file>driverlib.a</file>
         <name>prcm.obj</name>
      </input_file>
      <input_file id="fl-2f">
         <path>C:\ti\simplelink_cc32xx_sdk_7_10_00_13\source\ti\devices\cc32xx\driverlib\ticlang\Release\</path>
         <kind>archive</kind>
         <file>driverlib.a</file>
         <name>spi.obj</name>
      </input_file>
      <input_file id="fl-30">
         <path>C:\ti\simplelink_cc32xx_sdk_7_10_00_13\source\ti\devices\cc32xx\driverlib\ticlang\Release\</path>
         <kind>archive</kind>
         <file>driverlib.a</file>
         <name>systick.obj</name>
      </input_file>
      <input_file id="fl-31">
         <path>C:\ti\simplelink_cc32xx_sdk_7_10_00_13\source\ti\devices\cc32xx\driverlib\ticlang\Release\</path>
         <kind>archive</kind>
         <file>driverlib.a</file>
         <name>timer.obj</name>
      </input_file>
      <input_file id="fl-32">
         <path>C:\ti\simplelink_cc32xx_sdk_7_10_00_13\source\ti\devices\cc32xx\driverlib\ticlang\Release\</path>
         <kind>archive</kind>
         <file>driverlib.a</file>
         <name>uart.obj</name>
      </input_file>
      <input_file id="fl-33">
         <path>C:\ti\simplelink_cc32xx_sdk_7_10_00_13\source\ti\devices\cc32xx\driverlib\ticlang\Release\</path>
         <kind>archive</kind>
         <file>driverlib.a</file>
         <name>udma.obj</name>
      </input_file>
      <input_file id="fl-34">
         <path>C:\ti\simplelink_cc32xx_sdk_7_10_00_13\source\ti\devices\cc32xx\driverlib\ticlang\Release\</path>
         <kind>archive</kind>
         <file>driverlib.a</file>
         <name>utils.obj</name>
      </input_file>
      <input_file id="fl-35">
         <path>C:\ti\simplelink_cc32xx_sdk_7_10_00_13\source\ti\devices\cc32xx\driverlib\ticlang\Release\</path>
         <kind>archive</kind>
         <file>driverlib.a</file>
         <name>flash.obj</name>
      </input_file>
      <input_file id="fl-44">
         <path>C:\ti\ccs1270\ccs\tools\compiler\ti-cgt-armllvm_3.2.2.LTS\lib\armv7em-ti-none-eabi\c\</path>
         <kind>archive</kind>
         <file>libc.a</file>
         <name>snprintf.c.obj</name>
      </input_file>
      <input_file id="fl-45">
         <path>C:\ti\ccs1270\ccs\tools\compiler\ti-cgt-armllvm_3.2.2.LTS\lib\armv7em-ti-none-eabi\c\</path>
         <kind>archive</kind>
         <file>libc.a</file>
         <name>memory.c.obj</name>
      </input_file>
      <input_file id="fl-46">
         <path>C:\ti\ccs1270\ccs\tools\compiler\ti-cgt-armllvm_3.2.2.LTS\lib\armv7em-ti-none-eabi\c\</path>
         <kind>archive</kind>
         <file>libc.a</file>
         <name>boot_cortex_m.c.obj</name>
      </input_file>
      <input_file id="fl-47">
         <path>C:\ti\ccs1270\ccs\tools\compiler\ti-cgt-armllvm_3.2.2.LTS\lib\armv7em-ti-none-eabi\c\</path>
         <kind>archive</kind>
         <file>libc.a</file>
         <name>mathacl_init.c.obj</name>
      </input_file>
      <input_file id="fl-48">
         <path>C:\ti\ccs1270\ccs\tools\compiler\ti-cgt-armllvm_3.2.2.LTS\lib\armv7em-ti-none-eabi\c\</path>
         <kind>archive</kind>
         <file>libc.a</file>
         <name>autoinit.c.obj</name>
      </input_file>
      <input_file id="fl-49">
         <path>C:\ti\ccs1270\ccs\tools\compiler\ti-cgt-armllvm_3.2.2.LTS\lib\armv7em-ti-none-eabi\c\</path>
         <kind>archive</kind>
         <file>libc.a</file>
         <name>pre_init.c.obj</name>
      </input_file>
      <input_file id="fl-4a">
         <path>C:\ti\ccs1270\ccs\tools\compiler\ti-cgt-armllvm_3.2.2.LTS\lib\armv7em-ti-none-eabi\c\</path>
         <kind>archive</kind>
         <file>libc.a</file>
         <name>cpy_tbl.c.obj</name>
      </input_file>
      <input_file id="fl-4b">
         <path>C:\ti\ccs1270\ccs\tools\compiler\ti-cgt-armllvm_3.2.2.LTS\lib\armv7em-ti-none-eabi\c\</path>
         <kind>archive</kind>
         <file>libc.a</file>
         <name>copy_zero_init.c.obj</name>
      </input_file>
      <input_file id="fl-4c">
         <path>C:\ti\ccs1270\ccs\tools\compiler\ti-cgt-armllvm_3.2.2.LTS\lib\armv7em-ti-none-eabi\c\</path>
         <kind>archive</kind>
         <file>libc.a</file>
         <name>copy_decompress_none.c.obj</name>
      </input_file>
      <input_file id="fl-4d">
         <path>C:\ti\ccs1270\ccs\tools\compiler\ti-cgt-armllvm_3.2.2.LTS\lib\armv7em-ti-none-eabi\c\</path>
         <kind>archive</kind>
         <file>libc.a</file>
         <name>copy_decompress_lzss.c.obj</name>
      </input_file>
      <input_file id="fl-4e">
         <path>C:\ti\ccs1270\ccs\tools\compiler\ti-cgt-armllvm_3.2.2.LTS\lib\armv7em-ti-none-eabi\c\</path>
         <kind>archive</kind>
         <file>libc.a</file>
         <name>_printfi.c.obj</name>
      </input_file>
      <input_file id="fl-4f">
         <path>C:\ti\ccs1270\ccs\tools\compiler\ti-cgt-armllvm_3.2.2.LTS\lib\armv7em-ti-none-eabi\c\</path>
         <kind>archive</kind>
         <file>libc.a</file>
         <name>s_frexp.c.obj</name>
      </input_file>
      <input_file id="fl-50">
         <path>C:\ti\ccs1270\ccs\tools\compiler\ti-cgt-armllvm_3.2.2.LTS\lib\armv7em-ti-none-eabi\c\</path>
         <kind>archive</kind>
         <file>libc.a</file>
         <name>s_scalbn.c.obj</name>
      </input_file>
      <input_file id="fl-51">
         <path>C:\ti\ccs1270\ccs\tools\compiler\ti-cgt-armllvm_3.2.2.LTS\lib\armv7em-ti-none-eabi\c\</path>
         <kind>archive</kind>
         <file>libc.a</file>
         <name>aeabi_portable.c.obj</name>
      </input_file>
      <input_file id="fl-52">
         <path>C:\ti\ccs1270\ccs\tools\compiler\ti-cgt-armllvm_3.2.2.LTS\lib\armv7em-ti-none-eabi\c\</path>
         <kind>archive</kind>
         <file>libc.a</file>
         <name>exit.c.obj</name>
      </input_file>
      <input_file id="fl-53">
         <path>C:\ti\ccs1270\ccs\tools\compiler\ti-cgt-armllvm_3.2.2.LTS\lib\armv7em-ti-none-eabi\c\</path>
         <kind>archive</kind>
         <file>libc.a</file>
         <name>_lock.c.obj</name>
      </input_file>
      <input_file id="fl-54">
         <path>C:\ti\ccs1270\ccs\tools\compiler\ti-cgt-armllvm_3.2.2.LTS\lib\armv7em-ti-none-eabi\c\</path>
         <kind>archive</kind>
         <file>libc.a</file>
         <name>_ltoa.c.obj</name>
      </input_file>
      <input_file id="fl-55">
         <path>C:\ti\ccs1270\ccs\tools\compiler\ti-cgt-armllvm_3.2.2.LTS\lib\armv7em-ti-none-eabi\c\</path>
         <kind>archive</kind>
         <file>libc.a</file>
         <name>args_main.c.obj</name>
      </input_file>
      <input_file id="fl-56">
         <path>C:\ti\ccs1270\ccs\tools\compiler\ti-cgt-armllvm_3.2.2.LTS\lib\armv7em-ti-none-eabi\c\</path>
         <kind>archive</kind>
         <file>libc.a</file>
         <name>assert.c.obj</name>
      </input_file>
      <input_file id="fl-57">
         <path>C:\ti\ccs1270\ccs\tools\compiler\ti-cgt-armllvm_3.2.2.LTS\lib\armv7em-ti-none-eabi\c\</path>
         <kind>archive</kind>
         <file>libc.a</file>
         <name>atoi.c.obj</name>
      </input_file>
      <input_file id="fl-58">
         <path>C:\ti\ccs1270\ccs\tools\compiler\ti-cgt-armllvm_3.2.2.LTS\lib\armv7em-ti-none-eabi\c\</path>
         <kind>archive</kind>
         <file>libc.a</file>
         <name>defs.c.obj</name>
      </input_file>
      <input_file id="fl-59">
         <path>C:\ti\ccs1270\ccs\tools\compiler\ti-cgt-armllvm_3.2.2.LTS\lib\armv7em-ti-none-eabi\c\</path>
         <kind>archive</kind>
         <file>libc.a</file>
         <name>memccpy.c.obj</name>
      </input_file>
      <input_file id="fl-5a">
         <path>C:\ti\ccs1270\ccs\tools\compiler\ti-cgt-armllvm_3.2.2.LTS\lib\armv7em-ti-none-eabi\c\</path>
         <kind>archive</kind>
         <file>libc.a</file>
         <name>wcslen.c.obj</name>
      </input_file>
      <input_file id="fl-5b">
         <path>C:\ti\ccs1270\ccs\tools\compiler\ti-cgt-armllvm_3.2.2.LTS\lib\armv7em-ti-none-eabi\c\</path>
         <kind>archive</kind>
         <file>libc.a</file>
         <name>sprintf.c.obj</name>
      </input_file>
      <input_file id="fl-5c">
         <path>C:\ti\ccs1270\ccs\tools\compiler\ti-cgt-armllvm_3.2.2.LTS\lib\armv7em-ti-none-eabi\c\</path>
         <kind>archive</kind>
         <file>libc.a</file>
         <name>fflush.c.obj</name>
      </input_file>
      <input_file id="fl-5d">
         <path>C:\ti\ccs1270\ccs\tools\compiler\ti-cgt-armllvm_3.2.2.LTS\lib\armv7em-ti-none-eabi\c\</path>
         <kind>archive</kind>
         <file>libc.a</file>
         <name>fputs.c.obj</name>
      </input_file>
      <input_file id="fl-5e">
         <path>C:\ti\ccs1270\ccs\tools\compiler\ti-cgt-armllvm_3.2.2.LTS\lib\armv7em-ti-none-eabi\c\</path>
         <kind>archive</kind>
         <file>libc.a</file>
         <name>_io_perm.c.obj</name>
      </input_file>
      <input_file id="fl-5f">
         <path>C:\ti\ccs1270\ccs\tools\compiler\ti-cgt-armllvm_3.2.2.LTS\lib\armv7em-ti-none-eabi\c\</path>
         <kind>archive</kind>
         <file>libc.a</file>
         <name>setvbuf.c.obj</name>
      </input_file>
      <input_file id="fl-60">
         <path>C:\ti\ccs1270\ccs\tools\compiler\ti-cgt-armllvm_3.2.2.LTS\lib\armv7em-ti-none-eabi\c\</path>
         <kind>archive</kind>
         <file>libc.a</file>
         <name>aeabi_ctype.S.obj</name>
      </input_file>
      <input_file id="fl-61">
         <path>C:\ti\ccs1270\ccs\tools\compiler\ti-cgt-armllvm_3.2.2.LTS\lib\armv7em-ti-none-eabi\c\</path>
         <kind>archive</kind>
         <file>libc.a</file>
         <name>fopen.c.obj</name>
      </input_file>
      <input_file id="fl-62">
         <path>C:\ti\ccs1270\ccs\tools\compiler\ti-cgt-armllvm_3.2.2.LTS\lib\armv7em-ti-none-eabi\c\</path>
         <kind>archive</kind>
         <file>libc.a</file>
         <name>fseek.c.obj</name>
      </input_file>
      <input_file id="fl-63">
         <path>C:\ti\ccs1270\ccs\tools\compiler\ti-cgt-armllvm_3.2.2.LTS\lib\armv7em-ti-none-eabi\c\</path>
         <kind>archive</kind>
         <file>libc.a</file>
         <name>fclose.c.obj</name>
      </input_file>
      <input_file id="fl-c9">
         <path>C:\ti\ccs1270\ccs\tools\compiler\ti-cgt-armllvm_3.2.2.LTS\lib\armv7em-ti-none-eabi\c\</path>
         <kind>archive</kind>
         <file>libsysbm.a</file>
         <name>write.c.obj</name>
      </input_file>
      <input_file id="fl-ca">
         <path>C:\ti\ccs1270\ccs\tools\compiler\ti-cgt-armllvm_3.2.2.LTS\lib\armv7em-ti-none-eabi\c\</path>
         <kind>archive</kind>
         <file>libsysbm.a</file>
         <name>host_device.c.obj</name>
      </input_file>
      <input_file id="fl-cb">
         <path>C:\ti\ccs1270\ccs\tools\compiler\ti-cgt-armllvm_3.2.2.LTS\lib\armv7em-ti-none-eabi\c\</path>
         <kind>archive</kind>
         <file>libsysbm.a</file>
         <name>remove.c.obj</name>
      </input_file>
      <input_file id="fl-cc">
         <path>C:\ti\ccs1270\ccs\tools\compiler\ti-cgt-armllvm_3.2.2.LTS\lib\armv7em-ti-none-eabi\c\</path>
         <kind>archive</kind>
         <file>libsysbm.a</file>
         <name>open.c.obj</name>
      </input_file>
      <input_file id="fl-cd">
         <path>C:\ti\ccs1270\ccs\tools\compiler\ti-cgt-armllvm_3.2.2.LTS\lib\armv7em-ti-none-eabi\c\</path>
         <kind>archive</kind>
         <file>libsysbm.a</file>
         <name>lseek.c.obj</name>
      </input_file>
      <input_file id="fl-ce">
         <path>C:\ti\ccs1270\ccs\tools\compiler\ti-cgt-armllvm_3.2.2.LTS\lib\armv7em-ti-none-eabi\c\</path>
         <kind>archive</kind>
         <file>libsysbm.a</file>
         <name>close.c.obj</name>
      </input_file>
      <input_file id="fl-cf">
         <path>C:\ti\ccs1270\ccs\tools\compiler\ti-cgt-armllvm_3.2.2.LTS\lib\armv7em-ti-none-eabi\c\</path>
         <kind>archive</kind>
         <file>libsysbm.a</file>
         <name>unlink.c.obj</name>
      </input_file>
      <input_file id="fl-d0">
         <path>C:\ti\ccs1270\ccs\tools\compiler\ti-cgt-armllvm_3.2.2.LTS\lib\armv7em-ti-none-eabi\c\</path>
         <kind>archive</kind>
         <file>libsysbm.a</file>
         <name>hostclose.c.obj</name>
      </input_file>
      <input_file id="fl-d1">
         <path>C:\ti\ccs1270\ccs\tools\compiler\ti-cgt-armllvm_3.2.2.LTS\lib\armv7em-ti-none-eabi\c\</path>
         <kind>archive</kind>
         <file>libsysbm.a</file>
         <name>hostlseek.c.obj</name>
      </input_file>
      <input_file id="fl-d2">
         <path>C:\ti\ccs1270\ccs\tools\compiler\ti-cgt-armllvm_3.2.2.LTS\lib\armv7em-ti-none-eabi\c\</path>
         <kind>archive</kind>
         <file>libsysbm.a</file>
         <name>hostopen.c.obj</name>
      </input_file>
      <input_file id="fl-d3">
         <path>C:\ti\ccs1270\ccs\tools\compiler\ti-cgt-armllvm_3.2.2.LTS\lib\armv7em-ti-none-eabi\c\</path>
         <kind>archive</kind>
         <file>libsysbm.a</file>
         <name>hostread.c.obj</name>
      </input_file>
      <input_file id="fl-d4">
         <path>C:\ti\ccs1270\ccs\tools\compiler\ti-cgt-armllvm_3.2.2.LTS\lib\armv7em-ti-none-eabi\c\</path>
         <kind>archive</kind>
         <file>libsysbm.a</file>
         <name>hostrename.c.obj</name>
      </input_file>
      <input_file id="fl-d5">
         <path>C:\ti\ccs1270\ccs\tools\compiler\ti-cgt-armllvm_3.2.2.LTS\lib\armv7em-ti-none-eabi\c\</path>
         <kind>archive</kind>
         <file>libsysbm.a</file>
         <name>hostunlink.c.obj</name>
      </input_file>
      <input_file id="fl-d6">
         <path>C:\ti\ccs1270\ccs\tools\compiler\ti-cgt-armllvm_3.2.2.LTS\lib\armv7em-ti-none-eabi\c\</path>
         <kind>archive</kind>
         <file>libsysbm.a</file>
         <name>hostwrite.c.obj</name>
      </input_file>
      <input_file id="fl-d7">
         <path>C:\ti\ccs1270\ccs\tools\compiler\ti-cgt-armllvm_3.2.2.LTS\lib\armv7em-ti-none-eabi\c\</path>
         <kind>archive</kind>
         <file>libsysbm.a</file>
         <name>trgmsg.c.obj</name>
      </input_file>
      <input_file id="fl-d8">
         <path>C:\ti\ccs1270\ccs\tools\compiler\ti-cgt-armllvm_3.2.2.LTS\lib\clang\15.0.7\lib\armv7em-ti-none-eabi\</path>
         <kind>archive</kind>
         <file>libclang_rt.builtins.a</file>
         <name>adddf3.S.obj</name>
      </input_file>
      <input_file id="fl-d9">
         <path>C:\ti\ccs1270\ccs\tools\compiler\ti-cgt-armllvm_3.2.2.LTS\lib\clang\15.0.7\lib\armv7em-ti-none-eabi\</path>
         <kind>archive</kind>
         <file>libclang_rt.builtins.a</file>
         <name>muldf3.S.obj</name>
      </input_file>
      <input_file id="fl-da">
         <path>C:\ti\ccs1270\ccs\tools\compiler\ti-cgt-armllvm_3.2.2.LTS\lib\clang\15.0.7\lib\armv7em-ti-none-eabi\</path>
         <kind>archive</kind>
         <file>libclang_rt.builtins.a</file>
         <name>divdf3.S.obj</name>
      </input_file>
      <input_file id="fl-db">
         <path>C:\ti\ccs1270\ccs\tools\compiler\ti-cgt-armllvm_3.2.2.LTS\lib\clang\15.0.7\lib\armv7em-ti-none-eabi\</path>
         <kind>archive</kind>
         <file>libclang_rt.builtins.a</file>
         <name>fixdfsi.S.obj</name>
      </input_file>
      <input_file id="fl-dc">
         <path>C:\ti\ccs1270\ccs\tools\compiler\ti-cgt-armllvm_3.2.2.LTS\lib\clang\15.0.7\lib\armv7em-ti-none-eabi\</path>
         <kind>archive</kind>
         <file>libclang_rt.builtins.a</file>
         <name>floatsidf.S.obj</name>
      </input_file>
      <input_file id="fl-dd">
         <path>C:\ti\ccs1270\ccs\tools\compiler\ti-cgt-armllvm_3.2.2.LTS\lib\clang\15.0.7\lib\armv7em-ti-none-eabi\</path>
         <kind>archive</kind>
         <file>libclang_rt.builtins.a</file>
         <name>aeabi_dcmp.S.obj</name>
      </input_file>
      <input_file id="fl-de">
         <path>C:\ti\ccs1270\ccs\tools\compiler\ti-cgt-armllvm_3.2.2.LTS\lib\clang\15.0.7\lib\armv7em-ti-none-eabi\</path>
         <kind>archive</kind>
         <file>libclang_rt.builtins.a</file>
         <name>aeabi_memcpy.S.obj</name>
      </input_file>
      <input_file id="fl-df">
         <path>C:\ti\ccs1270\ccs\tools\compiler\ti-cgt-armllvm_3.2.2.LTS\lib\clang\15.0.7\lib\armv7em-ti-none-eabi\</path>
         <kind>archive</kind>
         <file>libclang_rt.builtins.a</file>
         <name>aeabi_memset.S.obj</name>
      </input_file>
      <input_file id="fl-e0">
         <path>C:\ti\ccs1270\ccs\tools\compiler\ti-cgt-armllvm_3.2.2.LTS\lib\clang\15.0.7\lib\armv7em-ti-none-eabi\</path>
         <kind>archive</kind>
         <file>libclang_rt.builtins.a</file>
         <name>aeabi_uldivmod.S.obj</name>
      </input_file>
      <input_file id="fl-e1">
         <path>C:\ti\ccs1270\ccs\tools\compiler\ti-cgt-armllvm_3.2.2.LTS\lib\clang\15.0.7\lib\armv7em-ti-none-eabi\</path>
         <kind>archive</kind>
         <file>libclang_rt.builtins.a</file>
         <name>udivmoddi4.S.obj</name>
      </input_file>
      <input_file id="fl-e2">
         <path>C:\ti\ccs1270\ccs\tools\compiler\ti-cgt-armllvm_3.2.2.LTS\lib\clang\15.0.7\lib\armv7em-ti-none-eabi\</path>
         <kind>archive</kind>
         <file>libclang_rt.builtins.a</file>
         <name>comparedf2.c.obj</name>
      </input_file>
      <input_file id="fl-e3">
         <path>C:\ti\ccs1270\ccs\tools\compiler\ti-cgt-armllvm_3.2.2.LTS\lib\clang\15.0.7\lib\armv7em-ti-none-eabi\</path>
         <kind>archive</kind>
         <file>libclang_rt.builtins.a</file>
         <name>aeabi_div0.c.obj</name>
      </input_file>
      <input_file id="fl-e4">
         <path>C:\ti\ccs1270\ccs\tools\compiler\ti-cgt-armllvm_3.2.2.LTS\lib\armv7em-ti-none-eabi\c\</path>
         <kind>archive</kind>
         <file>libc.a</file>
         <name>getdevice.c.obj</name>
      </input_file>
      <input_file id="fl-e5">
         <path>C:\ti\ccs1270\ccs\tools\compiler\ti-cgt-armllvm_3.2.2.LTS\lib\armv7em-ti-none-eabi\c\</path>
         <kind>archive</kind>
         <file>libc.a</file>
         <name>strcmp_t2.S.obj</name>
      </input_file>
      <input_file id="fl-e6">
         <path>C:\ti\ccs1270\ccs\tools\compiler\ti-cgt-armllvm_3.2.2.LTS\lib\armv7em-ti-none-eabi\c\</path>
         <kind>archive</kind>
         <file>libc.a</file>
         <name>memcpy_t2.S.obj</name>
      </input_file>
      <input_file id="fl-e7">
         <path>C:\ti\ccs1270\ccs\tools\compiler\ti-cgt-armllvm_3.2.2.LTS\lib\armv7em-ti-none-eabi\c\</path>
         <kind>archive</kind>
         <file>libc.a</file>
         <name>memset_t2.S.obj</name>
      </input_file>
   </input_file_list>
   <object_component_list>
      <object_component id="oc-2b2">
         <name>.text:__TI_printfi_nofloat</name>
         <load_address>0x2000c040</load_address>
         <readonly>true</readonly>
         <executable>true</executable>
         <run_address>0x2000c040</run_address>
         <size>0x86c</size>
         <alignment>0x4</alignment>
         <input_file_ref idref="fl-4e"/>
      </object_component>
      <object_component id="oc-d2">
         <name>.text.PRCMCC3200MCUInit</name>
         <load_address>0x2000c8ac</load_address>
         <readonly>true</readonly>
         <executable>true</executable>
         <run_address>0x2000c8ac</run_address>
         <size>0x4b8</size>
         <alignment>0x2</alignment>
         <input_file_ref idref="fl-2e"/>
      </object_component>
      <object_component id="oc-241">
         <name>.text.Power_sleep</name>
         <load_address>0x2000cd64</load_address>
         <readonly>true</readonly>
         <executable>true</executable>
         <run_address>0x2000cd64</run_address>
         <size>0x3e4</size>
         <alignment>0x4</alignment>
         <input_file_ref idref="fl-18"/>
      </object_component>
      <object_component id="oc-1f0">
         <name>.text.UART2CC32XX_hwiIntFxn</name>
         <load_address>0x2000d148</load_address>
         <readonly>true</readonly>
         <executable>true</executable>
         <run_address>0x2000d148</run_address>
         <size>0x222</size>
         <alignment>0x2</alignment>
         <input_file_ref idref="fl-1d"/>
      </object_component>
      <object_component id="oc-e2">
         <name>.text.Board_initHook</name>
         <load_address>0x2000d36a</load_address>
         <readonly>true</readonly>
         <executable>true</executable>
         <run_address>0x2000d36a</run_address>
         <size>0x2</size>
         <alignment>0x2</alignment>
         <input_file_ref idref="fl-2"/>
      </object_component>
      <object_component id="oc-153">
         <name>.text.UART2_open</name>
         <load_address>0x2000d36c</load_address>
         <readonly>true</readonly>
         <executable>true</executable>
         <run_address>0x2000d36c</run_address>
         <size>0x1cc</size>
         <alignment>0x4</alignment>
         <input_file_ref idref="fl-1d"/>
      </object_component>
      <object_component id="oc-21f">
         <name>.text.UART2_writeTimeoutBlocking</name>
         <load_address>0x2000d538</load_address>
         <readonly>true</readonly>
         <executable>true</executable>
         <run_address>0x2000d538</run_address>
         <size>0x174</size>
         <alignment>0x2</alignment>
         <input_file_ref idref="fl-1c"/>
      </object_component>
      <object_component id="oc-1ba">
         <name>.text.PowerCC32XX_sleepPolicy</name>
         <load_address>0x2000d6ac</load_address>
         <readonly>true</readonly>
         <executable>true</executable>
         <run_address>0x2000d6ac</run_address>
         <size>0x150</size>
         <alignment>0x4</alignment>
         <input_file_ref idref="fl-25"/>
      </object_component>
      <object_component id="oc-fe">
         <name>.text.Timer_open</name>
         <load_address>0x2000d7fc</load_address>
         <readonly>true</readonly>
         <executable>true</executable>
         <run_address>0x2000d7fc</run_address>
         <size>0x148</size>
         <alignment>0x4</alignment>
         <input_file_ref idref="fl-1b"/>
      </object_component>
      <object_component id="oc-10e">
         <name>.text.GPIO_setConfig</name>
         <load_address>0x2000d944</load_address>
         <readonly>true</readonly>
         <executable>true</executable>
         <run_address>0x2000d944</run_address>
         <size>0x140</size>
         <alignment>0x4</alignment>
         <input_file_ref idref="fl-15"/>
      </object_component>
      <object_component id="oc-201">
         <name>.text.I2CCC32XX_hwiFxn</name>
         <load_address>0x2000da84</load_address>
         <readonly>true</readonly>
         <executable>true</executable>
         <run_address>0x2000da84</run_address>
         <size>0x138</size>
         <alignment>0x2</alignment>
         <input_file_ref idref="fl-17"/>
      </object_component>
      <object_component id="oc-29e">
         <name>.text.aligned_alloc</name>
         <load_address>0x2000dbbc</load_address>
         <readonly>true</readonly>
         <executable>true</executable>
         <run_address>0x2000dbbc</run_address>
         <size>0x120</size>
         <alignment>0x4</alignment>
         <input_file_ref idref="fl-45"/>
      </object_component>
      <object_component id="oc-21e">
         <name>.text.UART2_writeTimeoutNonblocking</name>
         <load_address>0x2000dcdc</load_address>
         <readonly>true</readonly>
         <executable>true</executable>
         <run_address>0x2000dcdc</run_address>
         <size>0x11a</size>
         <alignment>0x2</alignment>
         <input_file_ref idref="fl-1c"/>
      </object_component>
      <object_component id="oc-2e7">
         <name>.text.uDMAChannelTransferSet</name>
         <load_address>0x2000ddf6</load_address>
         <readonly>true</readonly>
         <executable>true</executable>
         <run_address>0x2000ddf6</run_address>
         <size>0x112</size>
         <alignment>0x2</alignment>
         <input_file_ref idref="fl-33"/>
      </object_component>
      <object_component id="oc-b0">
         <name>.text.mainThread</name>
         <load_address>0x2000df08</load_address>
         <readonly>true</readonly>
         <executable>true</executable>
         <run_address>0x2000df08</run_address>
         <size>0x10c</size>
         <alignment>0x4</alignment>
         <input_file_ref idref="fl-1"/>
      </object_component>
      <object_component id="oc-1c1">
         <name>.text.free</name>
         <load_address>0x2000e014</load_address>
         <readonly>true</readonly>
         <executable>true</executable>
         <run_address>0x2000e014</run_address>
         <size>0xf0</size>
         <alignment>0x4</alignment>
         <input_file_ref idref="fl-45"/>
      </object_component>
      <object_component id="oc-160">
         <name>.text.I2C_open</name>
         <load_address>0x2000e104</load_address>
         <readonly>true</readonly>
         <executable>true</executable>
         <run_address>0x2000e104</run_address>
         <size>0xe8</size>
         <alignment>0x4</alignment>
         <input_file_ref idref="fl-17"/>
      </object_component>
      <object_component id="oc-1eb">
         <name>.text.UART2_close</name>
         <load_address>0x2000e1ec</load_address>
         <readonly>true</readonly>
         <executable>true</executable>
         <run_address>0x2000e1ec</run_address>
         <size>0xe8</size>
         <alignment>0x4</alignment>
         <input_file_ref idref="fl-1d"/>
      </object_component>
      <object_component id="oc-287">
         <name>.text.UART2Support_dmaStartRx</name>
         <load_address>0x2000e2d4</load_address>
         <readonly>true</readonly>
         <executable>true</executable>
         <run_address>0x2000e2d4</run_address>
         <size>0xcc</size>
         <alignment>0x4</alignment>
         <input_file_ref idref="fl-1d"/>
      </object_component>
      <object_component id="oc-2dd">
         <name>.text.IntDisable</name>
         <load_address>0x2000e3a0</load_address>
         <readonly>true</readonly>
         <executable>true</executable>
         <run_address>0x2000e3a0</run_address>
         <size>0xc8</size>
         <alignment>0x2</alignment>
         <input_file_ref idref="fl-2c"/>
      </object_component>
      <object_component id="oc-272">
         <name>.text.IntEnable</name>
         <load_address>0x2000e468</load_address>
         <readonly>true</readonly>
         <executable>true</executable>
         <run_address>0x2000e468</run_address>
         <size>0xc8</size>
         <alignment>0x2</alignment>
         <input_file_ref idref="fl-2c"/>
      </object_component>
      <object_component id="oc-1e8">
         <name>.text.UART2CC32XX_initHw</name>
         <load_address>0x2000e530</load_address>
         <readonly>true</readonly>
         <executable>true</executable>
         <run_address>0x2000e530</run_address>
         <size>0xc4</size>
         <alignment>0x4</alignment>
         <input_file_ref idref="fl-1d"/>
      </object_component>
      <object_component id="oc-28a">
         <name>.text.UART2Support_dmaStartTx</name>
         <load_address>0x2000e5f4</load_address>
         <readonly>true</readonly>
         <executable>true</executable>
         <run_address>0x2000e5f4</run_address>
         <size>0xb8</size>
         <alignment>0x4</alignment>
         <input_file_ref idref="fl-1d"/>
      </object_component>
      <object_component id="oc-2b8">
         <name>.text</name>
         <load_address>0x2000e6ac</load_address>
         <readonly>true</readonly>
         <executable>true</executable>
         <run_address>0x2000e6ac</run_address>
         <size>0xb0</size>
         <alignment>0x4</alignment>
         <input_file_ref idref="fl-e1"/>
      </object_component>
      <object_component id="oc-221">
         <name>.text.GPIOIntTypeSet</name>
         <load_address>0x2000e75c</load_address>
         <readonly>true</readonly>
         <executable>true</executable>
         <run_address>0x2000e75c</run_address>
         <size>0xac</size>
         <alignment>0x2</alignment>
         <input_file_ref idref="fl-29"/>
      </object_component>
      <object_component id="oc-32a">
         <name>.text.IntPendSet</name>
         <load_address>0x2000e808</load_address>
         <readonly>true</readonly>
         <executable>true</executable>
         <run_address>0x2000e808</run_address>
         <size>0xa4</size>
         <alignment>0x2</alignment>
         <input_file_ref idref="fl-2c"/>
      </object_component>
      <object_component id="oc-18b">
         <name>.text.PinConfigSet</name>
         <load_address>0x2000e8ac</load_address>
         <readonly>true</readonly>
         <executable>true</executable>
         <run_address>0x2000e8ac</run_address>
         <size>0xa2</size>
         <alignment>0x2</alignment>
         <input_file_ref idref="fl-2d"/>
      </object_component>
      <object_component id="oc-29d">
         <name>.text.I2CCC32XX_completeTransfer</name>
         <load_address>0x2000e94e</load_address>
         <readonly>true</readonly>
         <executable>true</executable>
         <run_address>0x2000e94e</run_address>
         <size>0x9c</size>
         <alignment>0x2</alignment>
         <input_file_ref idref="fl-17"/>
      </object_component>
      <object_component id="oc-28e">
         <name>.text.I2CMasterInitExpClk</name>
         <load_address>0x2000e9ea</load_address>
         <readonly>true</readonly>
         <executable>true</executable>
         <run_address>0x2000e9ea</run_address>
         <size>0x98</size>
         <alignment>0x2</alignment>
         <input_file_ref idref="fl-2b"/>
      </object_component>
      <object_component id="oc-15a">
         <name>.text.I2C_init</name>
         <load_address>0x2000ea82</load_address>
         <readonly>true</readonly>
         <executable>true</executable>
         <run_address>0x2000ea82</run_address>
         <size>0x2</size>
         <alignment>0x2</alignment>
         <input_file_ref idref="fl-16"/>
      </object_component>
      <object_component id="oc-144">
         <name>.text.SemaphoreP_pend</name>
         <load_address>0x2000ea84</load_address>
         <readonly>true</readonly>
         <executable>true</executable>
         <run_address>0x2000ea84</run_address>
         <size>0x98</size>
         <alignment>0x4</alignment>
         <input_file_ref idref="fl-22"/>
      </object_component>
      <object_component id="oc-248">
         <name>.text.ClockP_doTick</name>
         <load_address>0x2000eb1c</load_address>
         <readonly>true</readonly>
         <executable>true</executable>
         <run_address>0x2000eb1c</run_address>
         <size>0x4</size>
         <alignment>0x2</alignment>
         <input_file_ref idref="fl-23"/>
      </object_component>
      <object_component id="oc-2c4">
         <name>.text</name>
         <load_address>0x2000eb20</load_address>
         <readonly>true</readonly>
         <executable>true</executable>
         <run_address>0x2000eb20</run_address>
         <size>0x96</size>
         <alignment>0x10</alignment>
         <input_file_ref idref="fl-19"/>
      </object_component>
      <object_component id="oc-26b">
         <name>.text.uDMAChannelAttributeDisable</name>
         <load_address>0x2000ebb6</load_address>
         <readonly>true</readonly>
         <executable>true</executable>
         <run_address>0x2000ebb6</run_address>
         <size>0x92</size>
         <alignment>0x2</alignment>
         <input_file_ref idref="fl-33"/>
      </object_component>
      <object_component id="oc-dc">
         <name>.text.GPIO_init</name>
         <load_address>0x2000ec48</load_address>
         <readonly>true</readonly>
         <executable>true</executable>
         <run_address>0x2000ec48</run_address>
         <size>0x90</size>
         <alignment>0x4</alignment>
         <input_file_ref idref="fl-15"/>
      </object_component>
      <object_component id="oc-123">
         <name>.text.PRCMSysResetCauseGet</name>
         <load_address>0x2000ecd8</load_address>
         <readonly>true</readonly>
         <executable>true</executable>
         <run_address>0x2000ecd8</run_address>
         <size>0x8e</size>
         <alignment>0x2</alignment>
         <input_file_ref idref="fl-2e"/>
      </object_component>
      <object_component id="oc-1b5">
         <name>.text.PowerCC32XX_initPolicy</name>
         <load_address>0x2000ed66</load_address>
         <readonly>true</readonly>
         <executable>true</executable>
         <run_address>0x2000ed66</run_address>
         <size>0x2</size>
         <alignment>0x2</alignment>
         <input_file_ref idref="fl-25"/>
      </object_component>
      <object_component id="oc-135">
         <name>.text.PowerCC32XX_configureWakeup</name>
         <load_address>0x2000ed68</load_address>
         <readonly>true</readonly>
         <executable>true</executable>
         <run_address>0x2000ed68</run_address>
         <size>0x88</size>
         <alignment>0x4</alignment>
         <input_file_ref idref="fl-18"/>
      </object_component>
      <object_component id="oc-29a">
         <name>.text.I2CCC32XX_primeReadBurst</name>
         <load_address>0x2000edf0</load_address>
         <readonly>true</readonly>
         <executable>true</executable>
         <run_address>0x2000edf0</run_address>
         <size>0x7a</size>
         <alignment>0x2</alignment>
         <input_file_ref idref="fl-17"/>
      </object_component>
      <object_component id="oc-20e">
         <name>.text.SemaphoreP_destruct</name>
         <load_address>0x2000ee6a</load_address>
         <readonly>true</readonly>
         <executable>true</executable>
         <run_address>0x2000ee6a</run_address>
         <size>0x2</size>
         <alignment>0x2</alignment>
         <input_file_ref idref="fl-22"/>
      </object_component>
      <object_component id="oc-d7">
         <name>.text.Power_init</name>
         <load_address>0x2000ee6c</load_address>
         <readonly>true</readonly>
         <executable>true</executable>
         <run_address>0x2000ee6c</run_address>
         <size>0x78</size>
         <alignment>0x4</alignment>
         <input_file_ref idref="fl-18"/>
      </object_component>
      <object_component id="oc-1ea">
         <name>.text.HwiP_construct</name>
         <load_address>0x2000eee4</load_address>
         <readonly>true</readonly>
         <executable>true</executable>
         <run_address>0x2000eee4</run_address>
         <size>0x74</size>
         <alignment>0x4</alignment>
         <input_file_ref idref="fl-24"/>
      </object_component>
      <object_component id="oc-1b2">
         <name>.text.PRCMHibernateWakeUpGPIOSelect</name>
         <load_address>0x2000ef58</load_address>
         <readonly>true</readonly>
         <executable>true</executable>
         <run_address>0x2000ef58</run_address>
         <size>0x74</size>
         <alignment>0x2</alignment>
         <input_file_ref idref="fl-2e"/>
      </object_component>
      <object_component id="oc-260">
         <name>.text.UARTConfigSetExpClk</name>
         <load_address>0x2000efcc</load_address>
         <readonly>true</readonly>
         <executable>true</executable>
         <run_address>0x2000efcc</run_address>
         <size>0x74</size>
         <alignment>0x2</alignment>
         <input_file_ref idref="fl-32"/>
      </object_component>
      <object_component id="oc-18">
         <name>.text:decompress:lzss</name>
         <load_address>0x2000f040</load_address>
         <readonly>true</readonly>
         <executable>true</executable>
         <run_address>0x2000f040</run_address>
         <size>0x70</size>
         <alignment>0x2</alignment>
         <input_file_ref idref="fl-4d"/>
      </object_component>
      <object_component id="oc-2c2">
         <name>.text.PinLockLevelSet</name>
         <load_address>0x2000f0b0</load_address>
         <readonly>true</readonly>
         <executable>true</executable>
         <run_address>0x2000f0b0</run_address>
         <size>0x6c</size>
         <alignment>0x2</alignment>
         <input_file_ref idref="fl-2d"/>
      </object_component>
      <object_component id="oc-18c">
         <name>.text.Power_setDependency</name>
         <load_address>0x2000f11c</load_address>
         <readonly>true</readonly>
         <executable>true</executable>
         <run_address>0x2000f11c</run_address>
         <size>0x6c</size>
         <alignment>0x4</alignment>
         <input_file_ref idref="fl-18"/>
      </object_component>
      <object_component id="oc-1e6">
         <name>.text.UDMACC32XX_open</name>
         <load_address>0x2000f188</load_address>
         <readonly>true</readonly>
         <executable>true</executable>
         <run_address>0x2000f188</run_address>
         <size>0x6c</size>
         <alignment>0x4</alignment>
         <input_file_ref idref="fl-20"/>
      </object_component>
      <object_component id="oc-ee">
         <name>.text.initI2C</name>
         <load_address>0x2000f1f4</load_address>
         <readonly>true</readonly>
         <executable>true</executable>
         <run_address>0x2000f1f4</run_address>
         <size>0x6c</size>
         <alignment>0x4</alignment>
         <input_file_ref idref="fl-1"/>
      </object_component>
      <object_component id="oc-14b">
         <name>.text.powerNotifyFxn</name>
         <load_address>0x2000f260</load_address>
         <readonly>true</readonly>
         <executable>true</executable>
         <run_address>0x2000f260</run_address>
         <size>0x6c</size>
         <alignment>0x4</alignment>
         <input_file_ref idref="fl-15"/>
      </object_component>
      <object_component id="oc-2f3">
         <name>.text.split</name>
         <load_address>0x2000f2cc</load_address>
         <readonly>true</readonly>
         <executable>true</executable>
         <run_address>0x2000f2cc</run_address>
         <size>0x6c</size>
         <alignment>0x4</alignment>
         <input_file_ref idref="fl-45"/>
      </object_component>
      <object_component id="oc-12b">
         <name>.text.PRCMPeripheralReset</name>
         <load_address>0x2000f338</load_address>
         <readonly>true</readonly>
         <executable>true</executable>
         <run_address>0x2000f338</run_address>
         <size>0x6a</size>
         <alignment>0x2</alignment>
         <input_file_ref idref="fl-2e"/>
      </object_component>
      <object_component id="oc-ef">
         <name>.text.Timer_init</name>
         <load_address>0x2000f3a2</load_address>
         <readonly>true</readonly>
         <executable>true</executable>
         <run_address>0x2000f3a2</run_address>
         <size>0x2</size>
         <alignment>0x2</alignment>
         <input_file_ref idref="fl-1a"/>
      </object_component>
      <object_component id="oc-1fc">
         <name>.text.I2CCC32XX_initHw</name>
         <load_address>0x2000f3a4</load_address>
         <readonly>true</readonly>
         <executable>true</executable>
         <run_address>0x2000f3a4</run_address>
         <size>0x68</size>
         <alignment>0x4</alignment>
         <input_file_ref idref="fl-17"/>
      </object_component>
      <object_component id="oc-26f">
         <name>.text.IntPendClear</name>
         <load_address>0x2000f40c</load_address>
         <readonly>true</readonly>
         <executable>true</executable>
         <run_address>0x2000f40c</run_address>
         <size>0x68</size>
         <alignment>0x2</alignment>
         <input_file_ref idref="fl-2c"/>
      </object_component>
      <object_component id="oc-29b">
         <name>.text.I2CCC32XX_primeWriteBurst</name>
         <load_address>0x2000f474</load_address>
         <readonly>true</readonly>
         <executable>true</executable>
         <run_address>0x2000f474</run_address>
         <size>0x66</size>
         <alignment>0x2</alignment>
         <input_file_ref idref="fl-17"/>
      </object_component>
      <object_component id="oc-1ee">
         <name>.text.UART2CC32XX_eventCallback</name>
         <load_address>0x2000f4da</load_address>
         <readonly>true</readonly>
         <executable>true</executable>
         <run_address>0x2000f4da</run_address>
         <size>0x2</size>
         <alignment>0x2</alignment>
         <input_file_ref idref="fl-1d"/>
      </object_component>
      <object_component id="oc-f5">
         <name>.text.GPIO_write</name>
         <load_address>0x2000f4dc</load_address>
         <readonly>true</readonly>
         <executable>true</executable>
         <run_address>0x2000f4dc</run_address>
         <size>0x60</size>
         <alignment>0x4</alignment>
         <input_file_ref idref="fl-15"/>
      </object_component>
      <object_component id="oc-289">
         <name>.text.UART2Support_dmaStopTx</name>
         <load_address>0x2000f53c</load_address>
         <readonly>true</readonly>
         <executable>true</executable>
         <run_address>0x2000f53c</run_address>
         <size>0x60</size>
         <alignment>0x2</alignment>
         <input_file_ref idref="fl-1d"/>
      </object_component>
      <object_component id="oc-325">
         <name>.text.FlashDisable</name>
         <load_address>0x2000f59c</load_address>
         <readonly>true</readonly>
         <executable>true</executable>
         <run_address>0x2000f59c</run_address>
         <size>0x5c</size>
         <alignment>0x2</alignment>
         <input_file_ref idref="fl-35"/>
      </object_component>
      <object_component id="oc-2f2">
         <name>.text.I2CSupport_primeTransfer</name>
         <load_address>0x2000f5f8</load_address>
         <readonly>true</readonly>
         <executable>true</executable>
         <run_address>0x2000f5f8</run_address>
         <size>0x5c</size>
         <alignment>0x2</alignment>
         <input_file_ref idref="fl-17"/>
      </object_component>
      <object_component id="oc-1b4">
         <name>.text.PRCMHibernateWakeupSourceDisable</name>
         <load_address>0x2000f654</load_address>
         <readonly>true</readonly>
         <executable>true</executable>
         <run_address>0x2000f654</run_address>
         <size>0x5c</size>
         <alignment>0x2</alignment>
         <input_file_ref idref="fl-2e"/>
      </object_component>
      <object_component id="oc-178">
         <name>.text.TimerCC32XX_allocateTimerResource</name>
         <load_address>0x2000f6b0</load_address>
         <readonly>true</readonly>
         <executable>true</executable>
         <run_address>0x2000f6b0</run_address>
         <size>0x5c</size>
         <alignment>0x4</alignment>
         <input_file_ref idref="fl-1b"/>
      </object_component>
      <object_component id="oc-110">
         <name>.text.timerCallback</name>
         <load_address>0x2000f70c</load_address>
         <readonly>true</readonly>
         <executable>true</executable>
         <run_address>0x2000f70c</run_address>
         <size>0x5c</size>
         <alignment>0x4</alignment>
         <input_file_ref idref="fl-1"/>
      </object_component>
      <object_component id="oc-12a">
         <name>.text.PRCMPeripheralClkEnable</name>
         <load_address>0x2000f768</load_address>
         <readonly>true</readonly>
         <executable>true</executable>
         <run_address>0x2000f768</run_address>
         <size>0x5a</size>
         <alignment>0x2</alignment>
         <input_file_ref idref="fl-2e"/>
      </object_component>
      <object_component id="oc-319">
         <name>.text.__aeabi_ldiv0</name>
         <load_address>0x2000f7c2</load_address>
         <readonly>true</readonly>
         <executable>true</executable>
         <run_address>0x2000f7c2</run_address>
         <size>0x2</size>
         <alignment>0x2</alignment>
         <input_file_ref idref="fl-e3"/>
      </object_component>
      <object_component id="oc-29f">
         <name>.text.ClockP_startup</name>
         <load_address>0x2000f7c4</load_address>
         <readonly>true</readonly>
         <executable>true</executable>
         <run_address>0x2000f7c4</run_address>
         <size>0x58</size>
         <alignment>0x4</alignment>
         <input_file_ref idref="fl-23"/>
      </object_component>
      <object_component id="oc-271">
         <name>.text.IntPrioritySet</name>
         <load_address>0x2000f81c</load_address>
         <readonly>true</readonly>
         <executable>true</executable>
         <run_address>0x2000f81c</run_address>
         <size>0x58</size>
         <alignment>0x2</alignment>
         <input_file_ref idref="fl-2c"/>
      </object_component>
      <object_component id="oc-2ce">
         <name>.text.PRCMLPDSEnter</name>
         <load_address>0x2000f874</load_address>
         <readonly>true</readonly>
         <executable>true</executable>
         <run_address>0x2000f874</run_address>
         <size>0x56</size>
         <alignment>0x2</alignment>
         <input_file_ref idref="fl-2e"/>
      </object_component>
      <object_component id="oc-1a0">
         <name>.text._nop</name>
         <load_address>0x2000f8ca</load_address>
         <readonly>true</readonly>
         <executable>true</executable>
         <run_address>0x2000f8ca</run_address>
         <size>0x2</size>
         <alignment>0x2</alignment>
         <input_file_ref idref="fl-53"/>
      </object_component>
      <object_component id="oc-1d4">
         <name>.text.PowerCC32XX_setParkState</name>
         <load_address>0x2000f8cc</load_address>
         <readonly>true</readonly>
         <executable>true</executable>
         <run_address>0x2000f8cc</run_address>
         <size>0x54</size>
         <alignment>0x4</alignment>
         <input_file_ref idref="fl-18"/>
      </object_component>
      <object_component id="oc-27c">
         <name>.text.Power_releaseDependency</name>
         <load_address>0x2000f920</load_address>
         <readonly>true</readonly>
         <executable>true</executable>
         <run_address>0x2000f920</run_address>
         <size>0x54</size>
         <alignment>0x4</alignment>
         <input_file_ref idref="fl-18"/>
      </object_component>
      <object_component id="oc-191">
         <name>.text.GPIO_hwiIntFxn</name>
         <load_address>0x2000f974</load_address>
         <readonly>true</readonly>
         <executable>true</executable>
         <run_address>0x2000f974</run_address>
         <size>0x50</size>
         <alignment>0x4</alignment>
         <input_file_ref idref="fl-15"/>
      </object_component>
      <object_component id="oc-1b3">
         <name>.text.PRCMHibernateWakeupSourceEnable</name>
         <load_address>0x2000f9c4</load_address>
         <readonly>true</readonly>
         <executable>true</executable>
         <run_address>0x2000f9c4</run_address>
         <size>0x50</size>
         <alignment>0x2</alignment>
         <input_file_ref idref="fl-2e"/>
      </object_component>
      <object_component id="oc-20a">
         <name>.text.SemaphoreP_construct</name>
         <load_address>0x2000fa14</load_address>
         <readonly>true</readonly>
         <executable>true</executable>
         <run_address>0x2000fa14</run_address>
         <size>0x50</size>
         <alignment>0x4</alignment>
         <input_file_ref idref="fl-22"/>
      </object_component>
      <object_component id="oc-10f">
         <name>.text.gpioButtonFxn0</name>
         <load_address>0x2000fa64</load_address>
         <readonly>true</readonly>
         <executable>true</executable>
         <run_address>0x2000fa64</run_address>
         <size>0x50</size>
         <alignment>0x4</alignment>
         <input_file_ref idref="fl-1"/>
      </object_component>
      <object_component id="oc-26a">
         <name>.text.uDMAChannelAssign</name>
         <load_address>0x2000fab4</load_address>
         <readonly>true</readonly>
         <executable>true</executable>
         <run_address>0x2000fab4</run_address>
         <size>0x4e</size>
         <alignment>0x2</alignment>
         <input_file_ref idref="fl-33"/>
      </object_component>
      <object_component id="oc-57">
         <name>.text.busFaultHandler</name>
         <load_address>0x2000fb02</load_address>
         <readonly>true</readonly>
         <executable>true</executable>
         <run_address>0x2000fb02</run_address>
         <size>0x2</size>
         <alignment>0x2</alignment>
         <input_file_ref idref="fl-26"/>
      </object_component>
      <object_component id="oc-18e">
         <name>.text.GPIO_setInterruptConfig</name>
         <load_address>0x2000fb04</load_address>
         <readonly>true</readonly>
         <executable>true</executable>
         <run_address>0x2000fb04</run_address>
         <size>0x4c</size>
         <alignment>0x4</alignment>
         <input_file_ref idref="fl-15"/>
      </object_component>
      <object_component id="oc-323">
         <name>.text.PRCMLPDSRestoreInfoSet</name>
         <load_address>0x2000fb50</load_address>
         <readonly>true</readonly>
         <executable>true</executable>
         <run_address>0x2000fb50</run_address>
         <size>0x4c</size>
         <alignment>0x2</alignment>
         <input_file_ref idref="fl-2e"/>
      </object_component>
      <object_component id="oc-17f">
         <name>.text.initHw</name>
         <load_address>0x2000fb9c</load_address>
         <readonly>true</readonly>
         <executable>true</executable>
         <run_address>0x2000fb9c</run_address>
         <size>0x4c</size>
         <alignment>0x2</alignment>
         <input_file_ref idref="fl-1b"/>
      </object_component>
      <object_component id="oc-285">
         <name>.text.UART2Support_dmaStopRx</name>
         <load_address>0x2000fbe8</load_address>
         <readonly>true</readonly>
         <executable>true</executable>
         <run_address>0x2000fbe8</run_address>
         <size>0x4a</size>
         <alignment>0x2</alignment>
         <input_file_ref idref="fl-1d"/>
      </object_component>
      <object_component id="oc-17e">
         <name>.text.getPrescaler</name>
         <load_address>0x2000fc32</load_address>
         <readonly>true</readonly>
         <executable>true</executable>
         <run_address>0x2000fc32</run_address>
         <size>0x4a</size>
         <alignment>0x2</alignment>
         <input_file_ref idref="fl-1b"/>
      </object_component>
      <object_component id="oc-2e3">
         <name>.text.uDMAChannelSizeGet</name>
         <load_address>0x2000fc7c</load_address>
         <readonly>true</readonly>
         <executable>true</executable>
         <run_address>0x2000fc7c</run_address>
         <size>0x4a</size>
         <alignment>0x2</alignment>
         <input_file_ref idref="fl-33"/>
      </object_component>
      <object_component id="oc-1c8">
         <name>.text.clkFxn</name>
         <load_address>0x2000fcc6</load_address>
         <readonly>true</readonly>
         <executable>true</executable>
         <run_address>0x2000fcc6</run_address>
         <size>0x2</size>
         <alignment>0x2</alignment>
         <input_file_ref idref="fl-22"/>
      </object_component>
      <object_component id="oc-58">
         <name>.text.ClockP_sysTickHandler</name>
         <load_address>0x2000fcc8</load_address>
         <readonly>true</readonly>
         <executable>true</executable>
         <run_address>0x2000fcc8</run_address>
         <size>0x48</size>
         <alignment>0x4</alignment>
         <input_file_ref idref="fl-23"/>
      </object_component>
      <object_component id="oc-2c8">
         <name>.text.PRCMIntEnable</name>
         <load_address>0x2000fd10</load_address>
         <readonly>true</readonly>
         <executable>true</executable>
         <run_address>0x2000fd10</run_address>
         <size>0x48</size>
         <alignment>0x2</alignment>
         <input_file_ref idref="fl-2e"/>
      </object_component>
      <object_component id="oc-220">
         <name>.text.PRCMPeripheralStatusGet</name>
         <load_address>0x2000fd58</load_address>
         <readonly>true</readonly>
         <executable>true</executable>
         <run_address>0x2000fd58</run_address>
         <size>0x48</size>
         <alignment>0x2</alignment>
         <input_file_ref idref="fl-2e"/>
      </object_component>
      <object_component id="oc-320">
         <name>.text.PinConfigGet</name>
         <load_address>0x2000fda0</load_address>
         <readonly>true</readonly>
         <executable>true</executable>
         <run_address>0x2000fda0</run_address>
         <size>0x48</size>
         <alignment>0x2</alignment>
         <input_file_ref idref="fl-2d"/>
      </object_component>
      <object_component id="oc-ed">
         <name>.text.initUART2</name>
         <load_address>0x2000fde8</load_address>
         <readonly>true</readonly>
         <executable>true</executable>
         <run_address>0x2000fde8</run_address>
         <size>0x48</size>
         <alignment>0x4</alignment>
         <input_file_ref idref="fl-1"/>
      </object_component>
      <object_component id="oc-299">
         <name>.text.I2CCC32XX_fillTransmitFifo</name>
         <load_address>0x2000fe30</load_address>
         <readonly>true</readonly>
         <executable>true</executable>
         <run_address>0x2000fe30</run_address>
         <size>0x46</size>
         <alignment>0x2</alignment>
         <input_file_ref idref="fl-17"/>
      </object_component>
      <object_component id="oc-2cd">
         <name>.text.PRCMLPDSEnterKeepDebugIf</name>
         <load_address>0x2000fe76</load_address>
         <readonly>true</readonly>
         <executable>true</executable>
         <run_address>0x2000fe76</run_address>
         <size>0x46</size>
         <alignment>0x2</alignment>
         <input_file_ref idref="fl-2e"/>
      </object_component>
      <object_component id="oc-2e1">
         <name>.text.RingBuf_put</name>
         <load_address>0x2000febc</load_address>
         <readonly>true</readonly>
         <executable>true</executable>
         <run_address>0x2000febc</run_address>
         <size>0x46</size>
         <alignment>0x2</alignment>
         <input_file_ref idref="fl-1f"/>
      </object_component>
      <object_component id="oc-18d">
         <name>.text.GPIODirModeSet</name>
         <load_address>0x2000ff02</load_address>
         <readonly>true</readonly>
         <executable>true</executable>
         <run_address>0x2000ff02</run_address>
         <size>0x44</size>
         <alignment>0x2</alignment>
         <input_file_ref idref="fl-29"/>
      </object_component>
      <object_component id="oc-56">
         <name>.text.defaultHandler</name>
         <load_address>0x2000ff46</load_address>
         <readonly>true</readonly>
         <executable>true</executable>
         <run_address>0x2000ff46</run_address>
         <size>0x2</size>
         <alignment>0x2</alignment>
         <input_file_ref idref="fl-26"/>
      </object_component>
      <object_component id="oc-222">
         <name>.text.GPIO_disableInt</name>
         <load_address>0x2000ff48</load_address>
         <readonly>true</readonly>
         <executable>true</executable>
         <run_address>0x2000ff48</run_address>
         <size>0x44</size>
         <alignment>0x4</alignment>
         <input_file_ref idref="fl-15"/>
      </object_component>
      <object_component id="oc-fb">
         <name>.text.GPIO_enableInt</name>
         <load_address>0x2000ff8c</load_address>
         <readonly>true</readonly>
         <executable>true</executable>
         <run_address>0x2000ff8c</run_address>
         <size>0x44</size>
         <alignment>0x4</alignment>
         <input_file_ref idref="fl-15"/>
      </object_component>
      <object_component id="oc-288">
         <name>.text.Power_releaseConstraint</name>
         <load_address>0x2000ffd0</load_address>
         <readonly>true</readonly>
         <executable>true</executable>
         <run_address>0x2000ffd0</run_address>
         <size>0x44</size>
         <alignment>0x4</alignment>
         <input_file_ref idref="fl-18"/>
      </object_component>
      <object_component id="oc-105">
         <name>.text.Timer_start</name>
         <load_address>0x20010014</load_address>
         <readonly>true</readonly>
         <executable>true</executable>
         <run_address>0x20010014</run_address>
         <size>0x44</size>
         <alignment>0x2</alignment>
         <input_file_ref idref="fl-1a"/>
      </object_component>
      <object_component id="oc-7d">
         <name>.text.addToList</name>
         <load_address>0x20010058</load_address>
         <readonly>true</readonly>
         <executable>true</executable>
         <run_address>0x20010058</run_address>
         <size>0x44</size>
         <alignment>0x4</alignment>
         <input_file_ref idref="fl-23"/>
      </object_component>
      <object_component id="oc-195">
         <name>.text.snprintf</name>
         <load_address>0x2001009c</load_address>
         <readonly>true</readonly>
         <executable>true</executable>
         <run_address>0x2001009c</run_address>
         <size>0x44</size>
         <alignment>0x4</alignment>
         <input_file_ref idref="fl-44"/>
      </object_component>
      <object_component id="oc-132">
         <name>.text.PinModeSet</name>
         <load_address>0x200100e0</load_address>
         <readonly>true</readonly>
         <executable>true</executable>
         <run_address>0x200100e0</run_address>
         <size>0x42</size>
         <alignment>0x2</alignment>
         <input_file_ref idref="fl-2d"/>
      </object_component>
      <object_component id="oc-217">
         <name>.text.TimerControlStall</name>
         <load_address>0x20010122</load_address>
         <readonly>true</readonly>
         <executable>true</executable>
         <run_address>0x20010122</run_address>
         <size>0x42</size>
         <alignment>0x2</alignment>
         <input_file_ref idref="fl-31"/>
      </object_component>
      <object_component id="oc-17d">
         <name>.text.Timer_close</name>
         <load_address>0x20010164</load_address>
         <readonly>true</readonly>
         <executable>true</executable>
         <run_address>0x20010164</run_address>
         <size>0x42</size>
         <alignment>0x2</alignment>
         <input_file_ref idref="fl-1b"/>
      </object_component>
      <object_component id="oc-236">
         <name>.text.getCountsRTC</name>
         <load_address>0x200101a6</load_address>
         <readonly>true</readonly>
         <executable>true</executable>
         <run_address>0x200101a6</run_address>
         <size>0x42</size>
         <alignment>0x2</alignment>
         <input_file_ref idref="fl-25"/>
      </object_component>
      <object_component id="oc-146">
         <name>.text.SemaphoreP_post</name>
         <load_address>0x200101e8</load_address>
         <readonly>true</readonly>
         <executable>true</executable>
         <run_address>0x200101e8</run_address>
         <size>0x40</size>
         <alignment>0x4</alignment>
         <input_file_ref idref="fl-22"/>
      </object_component>
      <object_component id="oc-20b">
         <name>.text.Timer_stop</name>
         <load_address>0x20010228</load_address>
         <readonly>true</readonly>
         <executable>true</executable>
         <run_address>0x20010228</run_address>
         <size>0x40</size>
         <alignment>0x2</alignment>
         <input_file_ref idref="fl-1a"/>
      </object_component>
      <object_component id="oc-303">
         <name>.text.atoi</name>
         <load_address>0x20010268</load_address>
         <readonly>true</readonly>
         <executable>true</executable>
         <run_address>0x20010268</run_address>
         <size>0x40</size>
         <alignment>0x4</alignment>
         <input_file_ref idref="fl-57"/>
      </object_component>
      <object_component id="oc-2e6">
         <name>.text.uDMAChannelControlSet</name>
         <load_address>0x200102a8</load_address>
         <readonly>true</readonly>
         <executable>true</executable>
         <run_address>0x200102a8</run_address>
         <size>0x40</size>
         <alignment>0x2</alignment>
         <input_file_ref idref="fl-33"/>
      </object_component>
      <object_component id="oc-322">
         <name>.text.PinDirModeSet</name>
         <load_address>0x200102e8</load_address>
         <readonly>true</readonly>
         <executable>true</executable>
         <run_address>0x200102e8</run_address>
         <size>0x3e</size>
         <alignment>0x2</alignment>
         <input_file_ref idref="fl-2d"/>
      </object_component>
      <object_component id="oc-55">
         <name>.text.faultISR</name>
         <load_address>0x20010326</load_address>
         <readonly>true</readonly>
         <executable>true</executable>
         <run_address>0x20010326</run_address>
         <size>0x2</size>
         <alignment>0x2</alignment>
         <input_file_ref idref="fl-26"/>
      </object_component>
      <object_component id="oc-24d">
         <name>.text.ClockP_stop</name>
         <load_address>0x20010328</load_address>
         <readonly>true</readonly>
         <executable>true</executable>
         <run_address>0x20010328</run_address>
         <size>0x3c</size>
         <alignment>0x4</alignment>
         <input_file_ref idref="fl-23"/>
      </object_component>
      <object_component id="oc-1e1">
         <name>.text.UDMACC32XX_init</name>
         <load_address>0x20010364</load_address>
         <readonly>true</readonly>
         <executable>true</executable>
         <run_address>0x20010364</run_address>
         <size>0x3c</size>
         <alignment>0x4</alignment>
         <input_file_ref idref="fl-20"/>
      </object_component>
      <object_component id="oc-187">
         <name>.text.TimerSupport_timerEnable</name>
         <load_address>0x200103a0</load_address>
         <readonly>true</readonly>
         <executable>true</executable>
         <run_address>0x200103a0</run_address>
         <size>0x3a</size>
         <alignment>0x2</alignment>
         <input_file_ref idref="fl-1b"/>
      </object_component>
      <object_component id="oc-54">
         <name>.text.nmiISR</name>
         <load_address>0x200103da</load_address>
         <readonly>true</readonly>
         <executable>true</executable>
         <run_address>0x200103da</run_address>
         <size>0x2</size>
         <alignment>0x2</alignment>
         <input_file_ref idref="fl-26"/>
      </object_component>
      <object_component id="oc-1c7">
         <name>.text.ClockP_destruct</name>
         <load_address>0x200103dc</load_address>
         <readonly>true</readonly>
         <executable>true</executable>
         <run_address>0x200103dc</run_address>
         <size>0x38</size>
         <alignment>0x4</alignment>
         <input_file_ref idref="fl-23"/>
      </object_component>
      <object_component id="oc-21c">
         <name>.text.Power_setConstraint</name>
         <load_address>0x20010414</load_address>
         <readonly>true</readonly>
         <executable>true</executable>
         <run_address>0x20010414</run_address>
         <size>0x38</size>
         <alignment>0x4</alignment>
         <input_file_ref idref="fl-18"/>
      </object_component>
      <object_component id="oc-2a6">
         <name>.text.RingBuf_putAdvance</name>
         <load_address>0x2001044c</load_address>
         <readonly>true</readonly>
         <executable>true</executable>
         <run_address>0x2001044c</run_address>
         <size>0x38</size>
         <alignment>0x2</alignment>
         <input_file_ref idref="fl-1f"/>
      </object_component>
      <object_component id="oc-247">
         <name>.text.SwiP_restore</name>
         <load_address>0x20010484</load_address>
         <readonly>true</readonly>
         <executable>true</executable>
         <run_address>0x20010484</run_address>
         <size>0x38</size>
         <alignment>0x4</alignment>
         <input_file_ref idref="fl-27"/>
      </object_component>
      <object_component id="oc-27b">
         <name>.text.UDMACC32XX_close</name>
         <load_address>0x200104bc</load_address>
         <readonly>true</readonly>
         <executable>true</executable>
         <run_address>0x200104bc</run_address>
         <size>0x38</size>
         <alignment>0x4</alignment>
         <input_file_ref idref="fl-20"/>
      </object_component>
      <object_component id="oc-bf">
         <name>.text:__TI_auto_init_nobinit_nopinit</name>
         <load_address>0x200104f4</load_address>
         <readonly>true</readonly>
         <executable>true</executable>
         <run_address>0x200104f4</run_address>
         <size>0x38</size>
         <alignment>0x4</alignment>
         <input_file_ref idref="fl-48"/>
      </object_component>
      <object_component id="oc-2c3">
         <name>.text.PinLock</name>
         <load_address>0x2001052c</load_address>
         <readonly>true</readonly>
         <executable>true</executable>
         <run_address>0x2001052c</run_address>
         <size>0x36</size>
         <alignment>0x2</alignment>
         <input_file_ref idref="fl-2d"/>
      </object_component>
      <object_component id="oc-184">
         <name>.text.TimerCC32XX_hwiIntFunction</name>
         <load_address>0x20010562</load_address>
         <readonly>true</readonly>
         <executable>true</executable>
         <run_address>0x20010562</run_address>
         <size>0x36</size>
         <alignment>0x2</alignment>
         <input_file_ref idref="fl-1b"/>
      </object_component>
      <object_component id="oc-2f8">
         <name>.text.UARTCharPutNonBlocking</name>
         <load_address>0x20010598</load_address>
         <readonly>true</readonly>
         <executable>true</executable>
         <run_address>0x20010598</run_address>
         <size>0x36</size>
         <alignment>0x2</alignment>
         <input_file_ref idref="fl-32"/>
      </object_component>
      <object_component id="oc-1c4">
         <name>.text.ClockP_start</name>
         <load_address>0x200105d0</load_address>
         <readonly>true</readonly>
         <executable>true</executable>
         <run_address>0x200105d0</run_address>
         <size>0x34</size>
         <alignment>0x4</alignment>
         <input_file_ref idref="fl-23"/>
      </object_component>
      <object_component id="oc-2ed">
         <name>.text.I2CFIFODataPutNonBlocking</name>
         <load_address>0x20010604</load_address>
         <readonly>true</readonly>
         <executable>true</executable>
         <run_address>0x20010604</run_address>
         <size>0x34</size>
         <alignment>0x2</alignment>
         <input_file_ref idref="fl-2b"/>
      </object_component>
      <object_component id="oc-321">
         <name>.text.PinDirModeGet</name>
         <load_address>0x20010638</load_address>
         <readonly>true</readonly>
         <executable>true</executable>
         <run_address>0x20010638</run_address>
         <size>0x34</size>
         <alignment>0x2</alignment>
         <input_file_ref idref="fl-2d"/>
      </object_component>
      <object_component id="oc-12d">
         <name>.text.PinModeGet</name>
         <load_address>0x2001066c</load_address>
         <readonly>true</readonly>
         <executable>true</executable>
         <run_address>0x2001066c</run_address>
         <size>0x34</size>
         <alignment>0x2</alignment>
         <input_file_ref idref="fl-2d"/>
      </object_component>
      <object_component id="oc-2c1">
         <name>.text.PowerCC32XX_parkPin</name>
         <load_address>0x200106a0</load_address>
         <readonly>true</readonly>
         <executable>true</executable>
         <run_address>0x200106a0</run_address>
         <size>0x34</size>
         <alignment>0x2</alignment>
         <input_file_ref idref="fl-18"/>
      </object_component>
      <object_component id="oc-20f">
         <name>.text.TimerCC32XX_freeTimerResource</name>
         <load_address>0x200106d4</load_address>
         <readonly>true</readonly>
         <executable>true</executable>
         <run_address>0x200106d4</run_address>
         <size>0x34</size>
         <alignment>0x4</alignment>
         <input_file_ref idref="fl-1b"/>
      </object_component>
      <object_component id="oc-278">
         <name>.text.UART2_rxDisable</name>
         <load_address>0x20010708</load_address>
         <readonly>true</readonly>
         <executable>true</executable>
         <run_address>0x20010708</run_address>
         <size>0x34</size>
         <alignment>0x2</alignment>
         <input_file_ref idref="fl-1c"/>
      </object_component>
      <object_component id="oc-4f">
         <name>.text.initVectors</name>
         <load_address>0x2001073c</load_address>
         <readonly>true</readonly>
         <executable>true</executable>
         <run_address>0x2001073c</run_address>
         <size>0x34</size>
         <alignment>0x4</alignment>
         <input_file_ref idref="fl-26"/>
      </object_component>
      <object_component id="oc-233">
         <name>.text.ClockP_getTicksUntilInterrupt</name>
         <load_address>0x20010770</load_address>
         <readonly>true</readonly>
         <executable>true</executable>
         <run_address>0x20010770</run_address>
         <size>0x30</size>
         <alignment>0x4</alignment>
         <input_file_ref idref="fl-23"/>
      </object_component>
      <object_component id="oc-298">
         <name>.text.I2CFIFODataGetNonBlocking</name>
         <load_address>0x200107a0</load_address>
         <readonly>true</readonly>
         <executable>true</executable>
         <run_address>0x200107a0</run_address>
         <size>0x30</size>
         <alignment>0x2</alignment>
         <input_file_ref idref="fl-2b"/>
      </object_component>
      <object_component id="oc-240">
         <name>.text.PRCMLPDSIntervalSet</name>
[...]
         <object_component_ref idref="oc-321"/>
      </symbol>
      <symbol id="sm-4ff">
         <name>PinDirModeSet</name>
         <value>0x200102e9</value>
         <object_component_ref idref="oc-322"/>
      </symbol>
      <symbol id="sm-500">
         <name>PinLock</name>
         <value>0x2001052d</value>
         <object_component_ref idref="oc-2c3"/>
      </symbol>
      <symbol id="sm-501">
         <name>PinLockLevelSet</name>
         <value>0x2000f0b1</value>
         <object_component_ref idref="oc-2c2"/>
      </symbol>
      <symbol id="sm-502">
         <name>PinModeGet</name>
         <value>0x2001066d</value>
         <object_component_ref idref="oc-12d"/>
      </symbol>
      <symbol id="sm-503">
         <name>PinModeSet</name>
         <value>0x200100e1</value>
         <object_component_ref idref="oc-132"/>
      </symbol>
      <symbol id="sm-504">
         <name>PinToPadGet</name>
         <value>0x20011079</value>
         <object_component_ref idref="oc-27e"/>
      </symbol>
      <symbol id="sm-505">
         <name>PinTypeI2C</name>
         <value>0x20010dd5</value>
         <object_component_ref idref="oc-1fb"/>
      </symbol>
      <symbol id="sm-506">
         <name>PinTypeUART</name>
         <value>0x20010e95</value>
         <object_component_ref idref="oc-253"/>
      </symbol>
      <symbol id="sm-507">
         <name>PinUnlock</name>
         <value>0x20010d4f</value>
         <object_component_ref idref="oc-2c9"/>
      </symbol>
      <symbol id="sm-5b9">
         <name>PRCMCC3200MCUInit</name>
         <value>0x2000c8ad</value>
         <object_component_ref idref="oc-d2"/>
      </symbol>
      <symbol id="sm-5ba">
         <name>PRCMHIBRegRead</name>
         <value>0x2001102b</value>
         <object_component_ref idref="oc-129"/>
      </symbol>
      <symbol id="sm-5bb">
         <name>PRCMHIBRegWrite</name>
         <value>0x20011045</value>
         <object_component_ref idref="oc-128"/>
      </symbol>
      <symbol id="sm-5bc">
         <name>PRCMHibernateWakeUpGPIOSelect</name>
         <value>0x2000ef59</value>
         <object_component_ref idref="oc-1b2"/>
      </symbol>
      <symbol id="sm-5bd">
         <name>PRCMHibernateWakeupSourceDisable</name>
         <value>0x2000f655</value>
         <object_component_ref idref="oc-1b4"/>
      </symbol>
      <symbol id="sm-5be">
         <name>PRCMHibernateWakeupSourceEnable</name>
         <value>0x2000f9c5</value>
         <object_component_ref idref="oc-1b3"/>
      </symbol>
      <symbol id="sm-5bf">
         <name>PRCMIntEnable</name>
         <value>0x2000fd11</value>
         <object_component_ref idref="oc-2c8"/>
      </symbol>
      <symbol id="sm-5c0">
         <name>PRCMLPDSEnter</name>
         <value>0x2000f875</value>
         <object_component_ref idref="oc-2ce"/>
      </symbol>
      <symbol id="sm-5c1">
         <name>PRCMLPDSEnterKeepDebugIf</name>
         <value>0x2000fe77</value>
         <object_component_ref idref="oc-2cd"/>
      </symbol>
      <symbol id="sm-5c2">
         <name>PRCMLPDSIntervalSet</name>
         <value>0x200107d1</value>
         <object_component_ref idref="oc-240"/>
      </symbol>
      <symbol id="sm-5c3">
         <name>PRCMLPDSRestoreInfoSet</name>
         <value>0x2000fb51</value>
         <object_component_ref idref="oc-323"/>
      </symbol>
      <symbol id="sm-5c4">
         <name>PRCMLPDSWakeUpGPIOSelect</name>
         <value>0x20010a2b</value>
         <object_component_ref idref="oc-1b1"/>
      </symbol>
      <symbol id="sm-5c5">
         <name>PRCMLPDSWakeupCauseGet</name>
         <value>0x200115cf</value>
         <object_component_ref idref="oc-2cb"/>
      </symbol>
      <symbol id="sm-5c6">
         <name>PRCMLPDSWakeupSourceDisable</name>
         <value>0x2001105f</value>
         <object_component_ref idref="oc-1b0"/>
      </symbol>
      <symbol id="sm-5c7">
         <name>PRCMLPDSWakeupSourceEnable</name>
         <value>0x20010c55</value>
         <object_component_ref idref="oc-1af"/>
      </symbol>
      <symbol id="sm-5c8">
         <name>PRCMPeripheralClkDisable</name>
         <value>0x20010a55</value>
         <object_component_ref idref="oc-12c"/>
      </symbol>
      <symbol id="sm-5c9">
         <name>PRCMPeripheralClkEnable</name>
         <value>0x2000f769</value>
         <object_component_ref idref="oc-12a"/>
      </symbol>
      <symbol id="sm-5ca">
         <name>PRCMPeripheralReset</name>
         <value>0x2000f339</value>
         <object_component_ref idref="oc-12b"/>
      </symbol>
      <symbol id="sm-5cb">
         <name>PRCMPeripheralStatusGet</name>
         <value>0x2000fd59</value>
         <object_component_ref idref="oc-220"/>
      </symbol>
      <symbol id="sm-5cc">
         <name>PRCMSRAMRetentionEnable</name>
         <value>0x20010b49</value>
         <object_component_ref idref="oc-2c0"/>
      </symbol>
      <symbol id="sm-5cd">
         <name>PRCMSleepEnter</name>
         <value>0x200116a5</value>
         <object_component_ref idref="oc-246"/>
      </symbol>
      <symbol id="sm-5ce">
         <name>PRCMSlowClkCtrFastGet</name>
         <value>0x20010801</value>
         <object_component_ref idref="oc-2b7"/>
      </symbol>
      <symbol id="sm-5cf">
         <name>PRCMSysResetCauseGet</name>
         <value>0x2000ecd9</value>
         <object_component_ref idref="oc-123"/>
      </symbol>
      <symbol id="sm-5ed">
         <name>SysTickEnable</name>
         <value>0x2001139d</value>
         <object_component_ref idref="oc-244"/>
      </symbol>
      <symbol id="sm-5ee">
         <name>SysTickIntDisable</name>
         <value>0x200113af</value>
         <object_component_ref idref="oc-23b"/>
      </symbol>
      <symbol id="sm-5ef">
         <name>SysTickIntEnable</name>
         <value>0x200113c1</value>
         <object_component_ref idref="oc-245"/>
      </symbol>
      <symbol id="sm-5f0">
         <name>SysTickPeriodSet</name>
         <value>0x20011193</value>
         <object_component_ref idref="oc-243"/>
      </symbol>
      <symbol id="sm-62f">
         <name>TimerControlStall</name>
         <value>0x20010123</value>
         <object_component_ref idref="oc-217"/>
      </symbol>
      <symbol id="sm-630">
         <name>TimerDisable</name>
         <value>0x20010e75</value>
         <object_component_ref idref="oc-210"/>
      </symbol>
      <symbol id="sm-631">
         <name>TimerEnable</name>
         <value>0x20011093</value>
         <object_component_ref idref="oc-21d"/>
      </symbol>
      <symbol id="sm-632">
         <name>TimerIntClear</name>
         <value>0x20011479</value>
         <object_component_ref idref="oc-21a"/>
      </symbol>
      <symbol id="sm-633">
         <name>TimerIntDisable</name>
         <value>0x200111a9</value>
         <object_component_ref idref="oc-2f6"/>
      </symbol>
      <symbol id="sm-634">
         <name>TimerIntEnable</name>
         <value>0x200112b9</value>
         <object_component_ref idref="oc-21b"/>
      </symbol>
      <symbol id="sm-635">
         <name>TimerLoadSet</name>
         <value>0x20010831</value>
         <object_component_ref idref="oc-216"/>
      </symbol>
      <symbol id="sm-636">
         <name>TimerPrescaleSet</name>
         <value>0x20010861</value>
         <object_component_ref idref="oc-215"/>
      </symbol>
      <symbol id="sm-6a0">
         <name>UARTBusy</name>
         <value>0x200114a9</value>
         <object_component_ref idref="oc-2f9"/>
      </symbol>
      <symbol id="sm-6a1">
         <name>UARTCharPutNonBlocking</name>
         <value>0x20010599</value>
         <object_component_ref idref="oc-2f8"/>
      </symbol>
      <symbol id="sm-6a2">
         <name>UARTCharsAvail</name>
         <value>0x200111bf</value>
         <object_component_ref idref="oc-286"/>
      </symbol>
      <symbol id="sm-6a3">
         <name>UARTConfigSetExpClk</name>
         <value>0x2000efcd</value>
         <object_component_ref idref="oc-260"/>
      </symbol>
      <symbol id="sm-6a4">
         <name>UARTDMADisable</name>
         <value>0x200111d5</value>
         <object_component_ref idref="oc-277"/>
      </symbol>
      <symbol id="sm-6a5">
         <name>UARTDMAEnable</name>
         <value>0x200112cd</value>
         <object_component_ref idref="oc-2e9"/>
      </symbol>
      <symbol id="sm-6a6">
         <name>UARTDisable</name>
         <value>0x2001097b</value>
         <object_component_ref idref="oc-279"/>
      </symbol>
      <symbol id="sm-6a7">
         <name>UARTEnable</name>
         <value>0x20010ed1</value>
         <object_component_ref idref="oc-266"/>
      </symbol>
      <symbol id="sm-6a8">
         <name>UARTFIFOLevelSet</name>
         <value>0x200111eb</value>
         <object_component_ref idref="oc-268"/>
      </symbol>
      <symbol id="sm-6a9">
         <name>UARTFlowControlSet</name>
         <value>0x200110ad</value>
         <object_component_ref idref="oc-269"/>
      </symbol>
      <symbol id="sm-6aa">
         <name>UARTIntClear</name>
         <value>0x200114b9</value>
         <object_component_ref idref="oc-265"/>
      </symbol>
      <symbol id="sm-6ab">
         <name>UARTIntDisable</name>
         <value>0x20011201</value>
         <object_component_ref idref="oc-276"/>
      </symbol>
      <symbol id="sm-6ac">
         <name>UARTIntEnable</name>
         <value>0x200112e1</value>
         <object_component_ref idref="oc-267"/>
      </symbol>
      <symbol id="sm-6ad">
         <name>UARTIntStatus</name>
         <value>0x20010a7f</value>
         <object_component_ref idref="oc-281"/>
      </symbol>
      <symbol id="sm-6ae">
         <name>UARTRxErrorGet</name>
         <value>0x200114c9</value>
         <object_component_ref idref="oc-283"/>
      </symbol>
      <symbol id="sm-707">
         <name>uDMAChannelAssign</name>
         <value>0x2000fab5</value>
         <object_component_ref idref="oc-26a"/>
      </symbol>
      <symbol id="sm-708">
         <name>uDMAChannelAttributeDisable</name>
         <value>0x2000ebb7</value>
         <object_component_ref idref="oc-26b"/>
      </symbol>
      <symbol id="sm-709">
         <name>uDMAChannelControlSet</name>
         <value>0x200102a9</value>
         <object_component_ref idref="oc-2e6"/>
      </symbol>
      <symbol id="sm-70a">
         <name>uDMAChannelDisable</name>
         <value>0x20010f0d</value>
         <object_component_ref idref="oc-2e2"/>
      </symbol>
      <symbol id="sm-70b">
         <name>uDMAChannelEnable</name>
         <value>0x20010f2b</value>
         <object_component_ref idref="oc-2e8"/>
      </symbol>
      <symbol id="sm-70c">
         <name>uDMAChannelIsEnabled</name>
         <value>0x20010f49</value>
         <object_component_ref idref="oc-284"/>
      </symbol>
      <symbol id="sm-70d">
         <name>uDMAChannelSizeGet</name>
         <value>0x2000fc7d</value>
         <object_component_ref idref="oc-2e3"/>
      </symbol>
      <symbol id="sm-70e">
         <name>uDMAChannelTransferSet</name>
         <value>0x2000ddf7</value>
         <object_component_ref idref="oc-2e7"/>
      </symbol>
      <symbol id="sm-70f">
         <name>uDMAControlBaseSet</name>
         <value>0x20011309</value>
         <object_component_ref idref="oc-25d"/>
      </symbol>
      <symbol id="sm-710">
         <name>uDMAEnable</name>
         <value>0x2001154f</value>
         <object_component_ref idref="oc-258"/>
      </symbol>
      <symbol id="sm-711">
         <name>uDMAErrorStatusClear</name>
         <value>0x2001155d</value>
         <object_component_ref idref="oc-373"/>
      </symbol>
      <symbol id="sm-712">
         <name>uDMAErrorStatusGet</name>
         <value>0x20011625</value>
         <object_component_ref idref="oc-372"/>
      </symbol>
      <symbol id="sm-713">
         <name>uDMAIntClear</name>
         <value>0x2001131d</value>
         <object_component_ref idref="oc-2e4"/>
      </symbol>
      <symbol id="sm-71e">
         <name>UtilsDelay</name>
         <value>0x200116ad</value>
         <object_component_ref idref="oc-124"/>
      </symbol>
      <symbol id="sm-74b">
         <name>FlashDisable</name>
         <value>0x2000f59d</value>
         <object_component_ref idref="oc-325"/>
      </symbol>
      <symbol id="sm-75c">
         <name>snprintf</name>
         <value>0x2001009d</value>
         <object_component_ref idref="oc-195"/>
      </symbol>
      <symbol id="sm-77c">
         <name>malloc</name>
         <value>0x200116c5</value>
         <object_component_ref idref="oc-209"/>
      </symbol>
      <symbol id="sm-77d">
         <name>aligned_alloc</name>
         <value>0x2000dbbd</value>
         <object_component_ref idref="oc-29e"/>
      </symbol>
      <symbol id="sm-77e">
         <name>free</name>
         <value>0x2000e015</value>
         <object_component_ref idref="oc-1c1"/>
      </symbol>
      <symbol id="sm-77f">
         <name>_sys_memory</name>
         <value>0x20004040</value>
         <object_component_ref idref="oc-31"/>
      </symbol>
      <symbol id="sm-780">
         <name>memalign</name>
         <value>0x2000dbbd</value>
         <object_component_ref idref="oc-29e"/>
      </symbol>
      <symbol id="sm-78b">
         <name>_c_int00_noargs</name>
         <value>0x20010d09</value>
         <object_component_ref idref="oc-76"/>
      </symbol>
      <symbol id="sm-78c">
         <name>__stack</name>
         <value>0x20003000</value>
         <object_component_ref idref="oc-16"/>
      </symbol>
      <symbol id="sm-798">
         <name>__TI_auto_init_nobinit_nopinit</name>
         <value>0x200104f5</value>
         <object_component_ref idref="oc-bf"/>
      </symbol>
      <symbol id="sm-7a0">
         <name>_system_pre_init</name>
         <value>0x200116f5</value>
         <object_component_ref idref="oc-8b"/>
      </symbol>
      <symbol id="sm-7ab">
         <name>__TI_zero_init</name>
         <value>0x200114f9</value>
         <object_component_ref idref="oc-49"/>
      </symbol>
      <symbol id="sm-7b4">
         <name>__TI_decompress_none</name>
         <value>0x20011579</value>
         <object_component_ref idref="oc-1c"/>
      </symbol>
      <symbol id="sm-7be">
         <name>__TI_decompress_lzss</name>
         <value>0x2000f041</value>
         <object_component_ref idref="oc-18"/>
      </symbol>
      <symbol id="sm-7de">
         <name>__TI_printfi_nofloat</name>
         <value>0x2000c041</value>
         <object_component_ref idref="oc-2b2"/>
      </symbol>
      <symbol id="sm-7eb">
         <name>__aeabi_errno_addr</name>
         <value>0x200116b5</value>
         <object_component_ref idref="oc-30b"/>
      </symbol>
      <symbol id="sm-7ec">
         <name>__aeabi_errno</name>
         <value>0x20012efc</value>
         <object_component_ref idref="oc-33a"/>
      </symbol>
      <symbol id="sm-7f6">
         <name>abort</name>
         <value>0x200116f9</value>
         <object_component_ref idref="oc-b8"/>
      </symbol>
      <symbol id="sm-7f7">
         <name>C$$EXIT</name>
         <value>0x200116f8</value>
         <object_component_ref idref="oc-b8"/>
      </symbol>
      <symbol id="sm-800">
         <name>_nop</name>
         <value>0x2000f8cb</value>
         <object_component_ref idref="oc-1a0"/>
      </symbol>
      <symbol id="sm-801">
         <name>_lock</name>
         <value>0x20012f00</value>
         <object_component_ref idref="oc-119"/>
      </symbol>
      <symbol id="sm-802">
         <name>_unlock</name>
         <value>0x20012f04</value>
         <object_component_ref idref="oc-11c"/>
      </symbol>
      <symbol id="sm-80f">
         <name>atoi</name>
         <value>0x20010269</value>
         <object_component_ref idref="oc-303"/>
      </symbol>
      <symbol id="sm-819">
         <name>memccpy</name>
         <value>0x20010eef</value>
         <object_component_ref idref="oc-2fc"/>
      </symbol>
      <symbol id="sm-822">
         <name>wcslen</name>
         <value>0x200114e9</value>
         <object_component_ref idref="oc-307"/>
      </symbol>
      <symbol id="sm-828">
         <name>__aeabi_ctype_table_</name>
         <value>0x200121d0</value>
         <object_component_ref idref="oc-333"/>
      </symbol>
      <symbol id="sm-829">
         <name>__aeabi_ctype_table_C</name>
         <value>0x200121d0</value>
         <object_component_ref idref="oc-333"/>
      </symbol>
      <symbol id="sm-841">
         <name>__aeabi_memcpy</name>
         <value>0x200116f1</value>
         <object_component_ref idref="oc-3c"/>
      </symbol>
      <symbol id="sm-842">
         <name>__aeabi_memcpy4</name>
         <value>0x200116f1</value>
         <object_component_ref idref="oc-3c"/>
      </symbol>
      <symbol id="sm-843">
         <name>__aeabi_memcpy8</name>
         <value>0x200116f1</value>
         <object_component_ref idref="oc-3c"/>
      </symbol>
      <symbol id="sm-84c">
         <name>__aeabi_memset</name>
         <value>0x20011679</value>
         <object_component_ref idref="oc-2fb"/>
      </symbol>
      <symbol id="sm-84d">
         <name>__aeabi_memset4</name>
         <value>0x20011679</value>
         <object_component_ref idref="oc-2fb"/>
      </symbol>
      <symbol id="sm-84e">
         <name>__aeabi_memset8</name>
         <value>0x20011679</value>
         <object_component_ref idref="oc-2fb"/>
      </symbol>
      <symbol id="sm-84f">
         <name>__aeabi_memclr</name>
         <value>0x200116bd</value>
         <object_component_ref idref="oc-67"/>
      </symbol>
      <symbol id="sm-850">
         <name>__aeabi_memclr4</name>
         <value>0x200116bd</value>
         <object_component_ref idref="oc-67"/>
      </symbol>
      <symbol id="sm-851">
         <name>__aeabi_memclr8</name>
         <value>0x200116bd</value>
         <object_component_ref idref="oc-67"/>
      </symbol>
      <symbol id="sm-857">
         <name>__aeabi_uldivmod</name>
         <value>0x200112f5</value>
         <object_component_ref idref="oc-237"/>
      </symbol>
      <symbol id="sm-85d">
         <name>__udivmoddi4</name>
         <value>0x2000e6ad</value>
         <object_component_ref idref="oc-2b8"/>
      </symbol>
      <symbol id="sm-868">
         <name>__aeabi_ldiv0</name>
         <value>0x2000f7c3</value>
         <object_component_ref idref="oc-319"/>
      </symbol>
      <symbol id="sm-871">
         <name>TI_memcpy_small</name>
         <value>0x200113e5</value>
         <object_component_ref idref="oc-81"/>
      </symbol>
      <symbol id="sm-879">
         <name>TI_memset_small</name>
         <value>0x2001156b</value>
         <object_component_ref idref="oc-9e"/>
      </symbol>
      <symbol id="sm-87a">
         <name>__TI_static_base__</name>
         <value>0x200116fc</value>
      </symbol>
      <symbol id="sm-87d">
         <name>ITM_flush</name>
         <value>0x0</value>
      </symbol>
      <symbol id="sm-87e">
         <name>ITM_restore</name>
         <value>0x0</value>
      </symbol>
      <symbol id="sm-87f">
         <name>__mpu_init</name>
         <value>0x0</value>
      </symbol>
      <symbol id="sm-880">
         <name>_system_post_cinit</name>
         <value>0x0</value>
      </symbol>
   </symbol_table>
   <title>Link successful</title>
</link_info>
